Archive member included to satisfy reference by file (symbol)

c:/st/stm32cubeide_1.5.1/stm32cubeide/plugins/com.st.stm32cube.ide.mcu.externaltools.gnu-tools-for-stm32.7-2018-q2-update.win32_1.5.0.202011040924/tools/bin/../lib/gcc/arm-none-eabi/7.3.1/../../../../arm-none-eabi/lib/thumb/v7e-m/fpv4-sp/hard\libm.a(lib_a-s_round.o)
                              Core/Src/Tools/PID_Control.o (round)
c:/st/stm32cubeide_1.5.1/stm32cubeide/plugins/com.st.stm32cube.ide.mcu.externaltools.gnu-tools-for-stm32.7-2018-q2-update.win32_1.5.0.202011040924/tools/bin/../lib/gcc/arm-none-eabi/7.3.1/../../../../arm-none-eabi/lib/thumb/v7e-m/fpv4-sp/hard\libc_nano.a(lib_a-errno.o)
                              Core/Src/Add/syscalls.o (__errno)
c:/st/stm32cubeide_1.5.1/stm32cubeide/plugins/com.st.stm32cube.ide.mcu.externaltools.gnu-tools-for-stm32.7-2018-q2-update.win32_1.5.0.202011040924/tools/bin/../lib/gcc/arm-none-eabi/7.3.1/../../../../arm-none-eabi/lib/thumb/v7e-m/fpv4-sp/hard\libc_nano.a(lib_a-exit.o)
                              c:/st/stm32cubeide_1.5.1/stm32cubeide/plugins/com.st.stm32cube.ide.mcu.externaltools.gnu-tools-for-stm32.7-2018-q2-update.win32_1.5.0.202011040924/tools/bin/../lib/gcc/arm-none-eabi/7.3.1/../../../../arm-none-eabi/lib/thumb/v7e-m/fpv4-sp/hard/crt0.o (exit)
c:/st/stm32cubeide_1.5.1/stm32cubeide/plugins/com.st.stm32cube.ide.mcu.externaltools.gnu-tools-for-stm32.7-2018-q2-update.win32_1.5.0.202011040924/tools/bin/../lib/gcc/arm-none-eabi/7.3.1/../../../../arm-none-eabi/lib/thumb/v7e-m/fpv4-sp/hard\libc_nano.a(lib_a-impure.o)
                              c:/st/stm32cubeide_1.5.1/stm32cubeide/plugins/com.st.stm32cube.ide.mcu.externaltools.gnu-tools-for-stm32.7-2018-q2-update.win32_1.5.0.202011040924/tools/bin/../lib/gcc/arm-none-eabi/7.3.1/../../../../arm-none-eabi/lib/thumb/v7e-m/fpv4-sp/hard\libc_nano.a(lib_a-exit.o) (_global_impure_ptr)
c:/st/stm32cubeide_1.5.1/stm32cubeide/plugins/com.st.stm32cube.ide.mcu.externaltools.gnu-tools-for-stm32.7-2018-q2-update.win32_1.5.0.202011040924/tools/bin/../lib/gcc/arm-none-eabi/7.3.1/../../../../arm-none-eabi/lib/thumb/v7e-m/fpv4-sp/hard\libc_nano.a(lib_a-init.o)
                              c:/st/stm32cubeide_1.5.1/stm32cubeide/plugins/com.st.stm32cube.ide.mcu.externaltools.gnu-tools-for-stm32.7-2018-q2-update.win32_1.5.0.202011040924/tools/bin/../lib/gcc/arm-none-eabi/7.3.1/../../../../arm-none-eabi/lib/thumb/v7e-m/fpv4-sp/hard/crt0.o (__libc_init_array)
c:/st/stm32cubeide_1.5.1/stm32cubeide/plugins/com.st.stm32cube.ide.mcu.externaltools.gnu-tools-for-stm32.7-2018-q2-update.win32_1.5.0.202011040924/tools/bin/../lib/gcc/arm-none-eabi/7.3.1/../../../../arm-none-eabi/lib/thumb/v7e-m/fpv4-sp/hard\libc_nano.a(lib_a-memcpy-stub.o)
                              Core/Src/Hw/Flash.o (memcpy)
c:/st/stm32cubeide_1.5.1/stm32cubeide/plugins/com.st.stm32cube.ide.mcu.externaltools.gnu-tools-for-stm32.7-2018-q2-update.win32_1.5.0.202011040924/tools/bin/../lib/gcc/arm-none-eabi/7.3.1/../../../../arm-none-eabi/lib/thumb/v7e-m/fpv4-sp/hard\libc_nano.a(lib_a-memset.o)
                              c:/st/stm32cubeide_1.5.1/stm32cubeide/plugins/com.st.stm32cube.ide.mcu.externaltools.gnu-tools-for-stm32.7-2018-q2-update.win32_1.5.0.202011040924/tools/bin/../lib/gcc/arm-none-eabi/7.3.1/../../../../arm-none-eabi/lib/thumb/v7e-m/fpv4-sp/hard/crt0.o (memset)
c:/st/stm32cubeide_1.5.1/stm32cubeide/plugins/com.st.stm32cube.ide.mcu.externaltools.gnu-tools-for-stm32.7-2018-q2-update.win32_1.5.0.202011040924/tools/bin/../lib/gcc/arm-none-eabi/7.3.1/../../../../arm-none-eabi/lib/thumb/v7e-m/fpv4-sp/hard\libc_nano.a(lib_a-nano-vfprintf_float.o)
                              (_printf_float)
c:/st/stm32cubeide_1.5.1/stm32cubeide/plugins/com.st.stm32cube.ide.mcu.externaltools.gnu-tools-for-stm32.7-2018-q2-update.win32_1.5.0.202011040924/tools/bin/../lib/gcc/arm-none-eabi/7.3.1/../../../../arm-none-eabi/lib/thumb/v7e-m/fpv4-sp/hard\libc_nano.a(lib_a-nano-vfprintf_i.o)
                              c:/st/stm32cubeide_1.5.1/stm32cubeide/plugins/com.st.stm32cube.ide.mcu.externaltools.gnu-tools-for-stm32.7-2018-q2-update.win32_1.5.0.202011040924/tools/bin/../lib/gcc/arm-none-eabi/7.3.1/../../../../arm-none-eabi/lib/thumb/v7e-m/fpv4-sp/hard\libc_nano.a(lib_a-nano-vfprintf_float.o) (_printf_common)
c:/st/stm32cubeide_1.5.1/stm32cubeide/plugins/com.st.stm32cube.ide.mcu.externaltools.gnu-tools-for-stm32.7-2018-q2-update.win32_1.5.0.202011040924/tools/bin/../lib/gcc/arm-none-eabi/7.3.1/../../../../arm-none-eabi/lib/thumb/v7e-m/fpv4-sp/hard\libc_nano.a(lib_a-nano-vfscanf_float.o)
                              (_scanf_float)
c:/st/stm32cubeide_1.5.1/stm32cubeide/plugins/com.st.stm32cube.ide.mcu.externaltools.gnu-tools-for-stm32.7-2018-q2-update.win32_1.5.0.202011040924/tools/bin/../lib/gcc/arm-none-eabi/7.3.1/../../../../arm-none-eabi/lib/thumb/v7e-m/fpv4-sp/hard\libc_nano.a(lib_a-printf.o)
                              Core/Src/Map.o (printf)
[...]
Memory Configuration

Name             Origin             Length             Attributes
CCMRAM           0x0000000010000000 0x0000000000010000 xrw
RAM              0x0000000020000000 0x0000000000020000 xrw
FLASH_SECTOR0    0x0000000008000000 0x0000000000004000 xr
MAP_MEMORY       0x0000000008004000 0x0000000000004000 xr
FLASH            0x0000000008008000 0x0000000000038000 xr
RUN_LOG          0x0000000008040000 0x00000000000c0000 xr
*default*        0x0000000000000000 0xffffffffffffffff

Linker script and memory map

LOAD c:/st/stm32cubeide_1.5.1/stm32cubeide/plugins/com.st.stm32cube.ide.mcu.externaltools.gnu-tools-for-stm32.7-2018-q2-update.win32_1.5.0.202011040924/tools/bin/../lib/gcc/arm-none-eabi/7.3.1/thumb/v7e-m/fpv4-sp/hard/crti.o
LOAD c:/st/stm32cubeide_1.5.1/stm32cubeide/plugins/com.st.stm32cube.ide.mcu.externaltools.gnu-tools-for-stm32.7-2018-q2-update.win32_1.5.0.202011040924/tools/bin/../lib/gcc/arm-none-eabi/7.3.1/thumb/v7e-m/fpv4-sp/hard/crtbegin.o
LOAD c:/st/stm32cubeide_1.5.1/stm32cubeide/plugins/com.st.stm32cube.ide.mcu.externaltools.gnu-tools-for-stm32.7-2018-q2-update.win32_1.5.0.202011040924/tools/bin/../lib/gcc/arm-none-eabi/7.3.1/../../../../arm-none-eabi/lib/thumb/v7e-m/fpv4-sp/hard/crt0.o
LOAD Core/Src/Action.o
LOAD Core/Src/Interrupt.o
LOAD Core/Src/Map.o
LOAD Core/Src/MicroMouse.o
LOAD Core/Src/Mode.o
LOAD Core/Src/Search.o
LOAD Core/Src/main.o
LOAD Core/Src/stm32f4xx_hal_msp.o
LOAD Core/Src/stm32f4xx_it.o
LOAD Core/Src/system_stm32f4xx.o
LOAD Core/Src/Add/syscalls.o
LOAD Core/Src/Add/sysmem.o
LOAD Core/Src/CPP/Motor.o
LOAD Core/Src/CPP/wrapper.o
LOAD Core/Src/Hw/ADC.o
LOAD Core/Src/Hw/Flash.o
LOAD Core/Src/Hw/ICM_20648.o
LOAD Core/Src/Hw/IEH2_4096.o
LOAD Core/Src/Hw/IR_Emitter.o
LOAD Core/Src/Hw/LED_Driver.o
LOAD Core/Src/Hw/Motor_Driver.o
LOAD Core/Src/Tools/Convert.o
LOAD Core/Src/Tools/Debug.o
LOAD Core/Src/Tools/PID_Control.o
LOAD Core/Src/Tools/UI.o
LOAD Core/Startup/startup_stm32f405rgtx.o
LOAD Drivers/STM32F4xx_HAL_Driver/Src/stm32f4xx_hal.o
LOAD Drivers/STM32F4xx_HAL_Driver/Src/stm32f4xx_hal_adc.o
LOAD Drivers/STM32F4xx_HAL_Driver/Src/stm32f4xx_hal_adc_ex.o
LOAD Drivers/STM32F4xx_HAL_Driver/Src/stm32f4xx_hal_cortex.o
LOAD Drivers/STM32F4xx_HAL_Driver/Src/stm32f4xx_hal_dma.o
LOAD Drivers/STM32F4xx_HAL_Driver/Src/stm32f4xx_hal_dma_ex.o
LOAD Drivers/STM32F4xx_HAL_Driver/Src/stm32f4xx_hal_exti.o
LOAD Drivers/STM32F4xx_HAL_Driver/Src/stm32f4xx_hal_flash.o
LOAD Drivers/STM32F4xx_HAL_Driver/Src/stm32f4xx_hal_flash_ex.o
LOAD Drivers/STM32F4xx_HAL_Driver/Src/stm32f4xx_hal_flash_ramfunc.o
LOAD Drivers/STM32F4xx_HAL_Driver/Src/stm32f4xx_hal_gpio.o
LOAD Drivers/STM32F4xx_HAL_Driver/Src/stm32f4xx_hal_pwr.o
LOAD Drivers/STM32F4xx_HAL_Driver/Src/stm32f4xx_hal_pwr_ex.o
LOAD Drivers/STM32F4xx_HAL_Driver/Src/stm32f4xx_hal_rcc.o
LOAD Drivers/STM32F4xx_HAL_Driver/Src/stm32f4xx_hal_rcc_ex.o
LOAD Drivers/STM32F4xx_HAL_Driver/Src/stm32f4xx_hal_spi.o
LOAD Drivers/STM32F4xx_HAL_Driver/Src/stm32f4xx_hal_tim.o
LOAD Drivers/STM32F4xx_HAL_Driver/Src/stm32f4xx_hal_tim_ex.o
LOAD Drivers/STM32F4xx_HAL_Driver/Src/stm32f4xx_hal_uart.o
START GROUP
LOAD c:/st/stm32cubeide_1.5.1/stm32cubeide/plugins/com.st.stm32cube.ide.mcu.externaltools.gnu-tools-for-stm32.7-2018-q2-update.win32_1.5.0.202011040924/tools/bin/../lib/gcc/arm-none-eabi/7.3.1/../../../../arm-none-eabi/lib/thumb/v7e-m/fpv4-sp/hard\libstdc++_nano.a
LOAD c:/st/stm32cubeide_1.5.1/stm32cubeide/plugins/com.st.stm32cube.ide.mcu.externaltools.gnu-tools-for-stm32.7-2018-q2-update.win32_1.5.0.202011040924/tools/bin/../lib/gcc/arm-none-eabi/7.3.1/../../../../arm-none-eabi/lib/thumb/v7e-m/fpv4-sp/hard\libsupc++_nano.a
END GROUP
LOAD c:/st/stm32cubeide_1.5.1/stm32cubeide/plugins/com.st.stm32cube.ide.mcu.externaltools.gnu-tools-for-stm32.7-2018-q2-update.win32_1.5.0.202011040924/tools/bin/../lib/gcc/arm-none-eabi/7.3.1/../../../../arm-none-eabi/lib/thumb/v7e-m/fpv4-sp/hard\libstdc++_nano.a
LOAD c:/st/stm32cubeide_1.5.1/stm32cubeide/plugins/com.st.stm32cube.ide.mcu.externaltools.gnu-tools-for-stm32.7-2018-q2-update.win32_1.5.0.202011040924/tools/bin/../lib/gcc/arm-none-eabi/7.3.1/../../../../arm-none-eabi/lib/thumb/v7e-m/fpv4-sp/hard\libm.a
LOAD c:/st/stm32cubeide_1.5.1/stm32cubeide/plugins/com.st.stm32cube.ide.mcu.externaltools.gnu-tools-for-stm32.7-2018-q2-update.win32_1.5.0.202011040924/tools/bin/../lib/gcc/arm-none-eabi/7.3.1/../../../../arm-none-eabi/lib/thumb/v7e-m/fpv4-sp/hard\libc_nano.a
START GROUP
LOAD c:/st/stm32cubeide_1.5.1/stm32cubeide/plugins/com.st.stm32cube.ide.mcu.externaltools.gnu-tools-for-stm32.7-2018-q2-update.win32_1.5.0.202011040924/tools/bin/../lib/gcc/arm-none-eabi/7.3.1/thumb/v7e-m/fpv4-sp/hard\libgcc.a
LOAD c:/st/stm32cubeide_1.5.1/stm32cubeide/plugins/com.st.stm32cube.ide.mcu.externaltools.gnu-tools-for-stm32.7-2018-q2-update.win32_1.5.0.202011040924/tools/bin/../lib/gcc/arm-none-eabi/7.3.1/../../../../arm-none-eabi/lib/thumb/v7e-m/fpv4-sp/hard\libc_nano.a
END GROUP
START GROUP
LOAD c:/st/stm32cubeide_1.5.1/stm32cubeide/plugins/com.st.stm32cube.ide.mcu.externaltools.gnu-tools-for-stm32.7-2018-q2-update.win32_1.5.0.202011040924/tools/bin/../lib/gcc/arm-none-eabi/7.3.1/thumb/v7e-m/fpv4-sp/hard\libgcc.a
LOAD c:/st/stm32cubeide_1.5.1/stm32cubeide/plugins/com.st.stm32cube.ide.mcu.externaltools.gnu-tools-for-stm32.7-2018-q2-update.win32_1.5.0.202011040924/tools/bin/../lib/gcc/arm-none-eabi/7.3.1/../../../../arm-none-eabi/lib/thumb/v7e-m/fpv4-sp/hard\libc_nano.a
LOAD c:/st/stm32cubeide_1.5.1/stm32cubeide/plugins/com.st.stm32cube.ide.mcu.externaltools.gnu-tools-for-stm32.7-2018-q2-update.win32_1.5.0.202011040924/tools/bin/../lib/gcc/arm-none-eabi/7.3.1/../../../../arm-none-eabi/lib/thumb/v7e-m/fpv4-sp/hard\libnosys.a
END GROUP
START GROUP
LOAD c:/st/stm32cubeide_1.5.1/stm32cubeide/plugins/com.st.stm32cube.ide.mcu.externaltools.gnu-tools-for-stm32.7-2018-q2-update.win32_1.5.0.202011040924/tools/bin/../lib/gcc/arm-none-eabi/7.3.1/thumb/v7e-m/fpv4-sp/hard\libgcc.a
LOAD c:/st/stm32cubeide_1.5.1/stm32cubeide/plugins/com.st.stm32cube.ide.mcu.externaltools.gnu-tools-for-stm32.7-2018-q2-update.win32_1.5.0.202011040924/tools/bin/../lib/gcc/arm-none-eabi/7.3.1/../../../../arm-none-eabi/lib/thumb/v7e-m/fpv4-sp/hard\libc_nano.a
LOAD c:/st/stm32cubeide_1.5.1/stm32cubeide/plugins/com.st.stm32cube.ide.mcu.externaltools.gnu-tools-for-stm32.7-2018-q2-update.win32_1.5.0.202011040924/tools/bin/../lib/gcc/arm-none-eabi/7.3.1/../../../../arm-none-eabi/lib/thumb/v7e-m/fpv4-sp/hard\libnosys.a
END GROUP
LOAD c:/st/stm32cubeide_1.5.1/stm32cubeide/plugins/com.st.stm32cube.ide.mcu.externaltools.gnu-tools-for-stm32.7-2018-q2-update.win32_1.5.0.202011040924/tools/bin/../lib/gcc/arm-none-eabi/7.3.1/thumb/v7e-m/fpv4-sp/hard/crtend.o
LOAD c:/st/stm32cubeide_1.5.1/stm32cubeide/plugins/com.st.stm32cube.ide.mcu.externaltools.gnu-tools-for-stm32.7-2018-q2-update.win32_1.5.0.202011040924/tools/bin/../lib/gcc/arm-none-eabi/7.3.1/thumb/v7e-m/fpv4-sp/hard/crtn.o
                0x0000000020020000                _estack = (ORIGIN (RAM) + LENGTH (RAM))
                0x0000000000000200                _Min_Heap_Size = 0x200
                0x0000000000000400                _Min_Stack_Size = 0x400

.isr_vector     0x0000000008000000      0x188
                0x0000000008000000                . = ALIGN (0x4)
 *(.isr_vector)
 .isr_vector    0x0000000008000000      0x188 Core/Startup/startup_stm32f405rgtx.o
                0x0000000008000000                g_pfnVectors
                0x0000000008000188                . = ALIGN (0x4)

.backup_flash   0x0000000008004000     0x4000
                0x0000000008004000                _backup_flash_start = .
                0x0000000008008000                . = (. + LENGTH (MAP_MEMORY))
 *fill*         0x0000000008004000     0x4000 

.backup_flash_run
                0x0000000008040000    0xc0000
                0x0000000008040000                _backup_flash_start_run = .
                0x0000000008100000                . = (. + LENGTH (RUN_LOG))
 *fill*         0x0000000008040000    0xc0000 

.text           0x0000000008008000    0x122c8
                0x0000000008008000                . = ALIGN (0x4)
 *(.text)
 .text          0x0000000008008000       0x40 c:/st/stm32cubeide_1.5.1/stm32cubeide/plugins/com.st.stm32cube.ide.mcu.externaltools.gnu-tools-for-stm32.7-2018-q2-update.win32_1.5.0.202011040924/tools/bin/../lib/gcc/arm-none-eabi/7.3.1/thumb/v7e-m/fpv4-sp/hard/crtbegin.o
 .text          0x0000000008008040       0x10 c:/st/stm32cubeide_1.5.1/stm32cubeide/plugins/com.st.stm32cube.ide.mcu.externaltools.gnu-tools-for-stm32.7-2018-q2-update.win32_1.5.0.202011040924/tools/bin/../lib/gcc/arm-none-eabi/7.3.1/../../../../arm-none-eabi/lib/thumb/v7e-m/fpv4-sp/hard\libc_nano.a(lib_a-strlen.o)
                0x0000000008008040                strlen
 .text          0x0000000008008050       0xa0 c:/st/stm32cubeide_1.5.1/stm32cubeide/plugins/com.st.stm32cube.ide.mcu.externaltools.gnu-tools-for-stm32.7-2018-q2-update.win32_1.5.0.202011040924/tools/bin/../lib/gcc/arm-none-eabi/7.3.1/../../../../arm-none-eabi/lib/thumb/v7e-m/fpv4-sp/hard\libc_nano.a(lib_a-memchr.o)
                0x0000000008008050                memchr
 .text          0x00000000080080f0      0x378 c:/st/stm32cubeide_1.5.1/stm32cubeide/plugins/com.st.stm32cube.ide.mcu.externaltools.gnu-tools-for-stm32.7-2018-q2-update.win32_1.5.0.202011040924/tools/bin/../lib/gcc/arm-none-eabi/7.3.1/thumb/v7e-m/fpv4-sp/hard\libgcc.a(_arm_addsubdf3.o)
                0x00000000080080f0                __aeabi_drsub
                0x00000000080080f8                __aeabi_dsub
                0x00000000080080f8                __subdf3
                0x00000000080080fc                __aeabi_dadd
                0x00000000080080fc                __adddf3
                0x0000000008008374                __floatunsidf
                0x0000000008008374                __aeabi_ui2d
                0x0000000008008394                __floatsidf
                0x0000000008008394                __aeabi_i2d
                0x00000000080083b8                __aeabi_f2d
                0x00000000080083b8                __extendsfdf2
                0x00000000080083fc                __floatundidf
                0x00000000080083fc                __aeabi_ul2d
                0x000000000800840c                __floatdidf
                0x000000000800840c                __aeabi_l2d
 .text          0x0000000008008468      0x424 c:/st/stm32cubeide_1.5.1/stm32cubeide/plugins/com.st.stm32cube.ide.mcu.externaltools.gnu-tools-for-stm32.7-2018-q2-update.win32_1.5.0.202011040924/tools/bin/../lib/gcc/arm-none-eabi/7.3.1/thumb/v7e-m/fpv4-sp/hard\libgcc.a(_arm_muldivdf3.o)
                0x0000000008008468                __aeabi_dmul
                0x0000000008008468                __muldf3
                0x00000000080086bc                __divdf3
                0x00000000080086bc                __aeabi_ddiv
 .text          0x000000000800888c      0x110 c:/st/stm32cubeide_1.5.1/stm32cubeide/plugins/com.st.stm32cube.ide.mcu.externaltools.gnu-tools-for-stm32.7-2018-q2-update.win32_1.5.0.202011040924/tools/bin/../lib/gcc/arm-none-eabi/7.3.1/thumb/v7e-m/fpv4-sp/hard\libgcc.a(_arm_cmpdf2.o)
                0x000000000800888c                __gtdf2
                0x000000000800888c                __gedf2
                0x0000000008008894                __ltdf2
                0x0000000008008894                __ledf2
                0x000000000800889c                __nedf2
                0x000000000800889c                __eqdf2
                0x000000000800889c                __cmpdf2
                0x0000000008008918                __aeabi_cdrcmple
                0x0000000008008928                __aeabi_cdcmpeq
                0x0000000008008928                __aeabi_cdcmple
                0x0000000008008938                __aeabi_dcmpeq
                0x000000000800894c                __aeabi_dcmplt
                0x0000000008008960                __aeabi_dcmple
                0x0000000008008974                __aeabi_dcmpge
                0x0000000008008988                __aeabi_dcmpgt
 .text          0x000000000800899c       0x2c c:/st/stm32cubeide_1.5.1/stm32cubeide/plugins/com.st.stm32cube.ide.mcu.externaltools.gnu-tools-for-stm32.7-2018-q2-update.win32_1.5.0.202011040924/tools/bin/../lib/gcc/arm-none-eabi/7.3.1/thumb/v7e-m/fpv4-sp/hard\libgcc.a(_arm_unorddf2.o)
                0x000000000800899c                __unorddf2
                0x000000000800899c                __aeabi_dcmpun
 .text          0x00000000080089c8       0x50 c:/st/stm32cubeide_1.5.1/stm32cubeide/plugins/com.st.stm32cube.ide.mcu.externaltools.gnu-tools-for-stm32.7-2018-q2-update.win32_1.5.0.202011040924/tools/bin/../lib/gcc/arm-none-eabi/7.3.1/thumb/v7e-m/fpv4-sp/hard\libgcc.a(_arm_fixdfsi.o)
                0x00000000080089c8                __aeabi_d2iz
                0x00000000080089c8                __fixdfsi
 .text          0x0000000008008a18       0x40 c:/st/stm32cubeide_1.5.1/stm32cubeide/plugins/com.st.stm32cube.ide.mcu.externaltools.gnu-tools-for-stm32.7-2018-q2-update.win32_1.5.0.202011040924/tools/bin/../lib/gcc/arm-none-eabi/7.3.1/thumb/v7e-m/fpv4-sp/hard\libgcc.a(_arm_fixunsdfsi.o)
                0x0000000008008a18                __aeabi_d2uiz
                0x0000000008008a18                __fixunsdfsi
 .text          0x0000000008008a58       0xa0 c:/st/stm32cubeide_1.5.1/stm32cubeide/plugins/com.st.stm32cube.ide.mcu.externaltools.gnu-tools-for-stm32.7-2018-q2-update.win32_1.5.0.202011040924/tools/bin/../lib/gcc/arm-none-eabi/7.3.1/thumb/v7e-m/fpv4-sp/hard\libgcc.a(_arm_truncdfsf2.o)
                0x0000000008008a58                __truncdfsf2
                0x0000000008008a58                __aeabi_d2f
 .text          0x0000000008008af8       0x30 c:/st/stm32cubeide_1.5.1/stm32cubeide/plugins/com.st.stm32cube.ide.mcu.externaltools.gnu-tools-for-stm32.7-2018-q2-update.win32_1.5.0.202011040924/tools/bin/../lib/gcc/arm-none-eabi/7.3.1/thumb/v7e-m/fpv4-sp/hard\libgcc.a(_aeabi_uldivmod.o)
                0x0000000008008af8                __aeabi_uldivmod
 .text          0x0000000008008b28      0x2cc c:/st/stm32cubeide_1.5.1/stm32cubeide/plugins/com.st.stm32cube.ide.mcu.externaltools.gnu-tools-for-stm32.7-2018-q2-update.win32_1.5.0.202011040924/tools/bin/../lib/gcc/arm-none-eabi/7.3.1/thumb/v7e-m/fpv4-sp/hard\libgcc.a(_udivmoddi4.o)
                0x0000000008008b28                __udivmoddi4
 .text          0x0000000008008df4        0x4 c:/st/stm32cubeide_1.5.1/stm32cubeide/plugins/com.st.stm32cube.ide.mcu.externaltools.gnu-tools-for-stm32.7-2018-q2-update.win32_1.5.0.202011040924/tools/bin/../lib/gcc/arm-none-eabi/7.3.1/thumb/v7e-m/fpv4-sp/hard\libgcc.a(_dvmd_tls.o)
                0x0000000008008df4                __aeabi_idiv0
                0x0000000008008df4                __aeabi_ldiv0
 *(.text*)
 .text.InitPosition
                0x0000000008008df8       0x38 Core/Src/Action.o
                0x0000000008008df8                InitPosition
 .text.GetWallCtrlDirection
                0x0000000008008e30      0x278 Core/Src/Action.o
                0x0000000008008e30                GetWallCtrlDirection
 .text.ChangeCardinal
                0x00000000080090a8       0x50 Core/Src/Action.o
                0x00000000080090a8                ChangeCardinal
 .text.WallSafe
                0x00000000080090f8       0x18 Core/Src/Action.o
                0x00000000080090f8                WallSafe
 .text.WallWarn
                0x0000000008009110       0x18 Core/Src/Action.o
                0x0000000008009110                WallWarn
 .text.ControlWall
                0x0000000008009128      0x230 Core/Src/Action.o
                0x0000000008009128                ControlWall
 .text.WaitStopAndReset
                0x0000000008009358       0x84 Core/Src/Action.o
                0x0000000008009358                WaitStopAndReset
 *fill*         0x00000000080093dc        0x4 
 .text.Rotate   0x00000000080093e0      0x3d4 Core/Src/Action.o
                0x00000000080093e0                Rotate
 .text.getFrontWall
                0x00000000080097b4       0xb0 Core/Src/Action.o
                0x00000000080097b4                getFrontWall
 *fill*         0x0000000008009864        0x4 
 .text.SlalomRight
                0x0000000008009868      0x3d8 Core/Src/Action.o
                0x0000000008009868                SlalomRight
 .text.SlalomLeft
                0x0000000008009c40      0x3b8 Core/Src/Action.o
                0x0000000008009c40                SlalomLeft
 .text.Accel    0x0000000008009ff8      0x18c Core/Src/Action.o
                0x0000000008009ff8                Accel
 *fill*         0x000000000800a184        0x4 
 .text.Decel    0x000000000800a188      0x1b4 Core/Src/Action.o
                0x000000000800a188                Decel
 *fill*         0x000000000800a33c        0x4 
 .text.Calib    0x000000000800a340       0xc8 Core/Src/Action.o
                0x000000000800a340                Calib
 .text.Compensate
                0x000000000800a408       0x1c Core/Src/Action.o
                0x000000000800a408                Compensate
 .text.AjustCenter
                0x000000000800a424      0x238 Core/Src/Action.o
                0x000000000800a424                AjustCenter
 *fill*         0x000000000800a65c        0x4 
 .text.GoStraight
                0x000000000800a660      0x208 Core/Src/Action.o
                0x000000000800a660                GoStraight
 .text.TurnRight
                0x000000000800a868       0x7c Core/Src/Action.o
                0x000000000800a868                TurnRight
 .text.TurnLeft
                0x000000000800a8e4       0x80 Core/Src/Action.o
                0x000000000800a8e4                TurnLeft
 .text.GoBack   0x000000000800a964       0x5c Core/Src/Action.o
                0x000000000800a964                GoBack
 .text.SelectAction
                0x000000000800a9c0       0x88 Core/Src/Action.o
                0x000000000800a9c0                SelectAction
 .text.Explore_IT
                0x000000000800aa48      0x540 Core/Src/Interrupt.o
                0x000000000800aa48                Explore_IT
 .text.WritingFree_IT
                0x000000000800af88      0x29c Core/Src/Interrupt.o
                0x000000000800af88                WritingFree_IT
 .text.HAL_TIM_PeriodElapsedCallback
                0x000000000800b224       0xbc Core/Src/Interrupt.o
                0x000000000800b224                HAL_TIM_PeriodElapsedCallback
 .text.flash_store_init
                0x000000000800b2e0       0xc0 Core/Src/Map.o
                0x000000000800b2e0                flash_store_init
 .text.wall_init
                0x000000000800b3a0      0x12c Core/Src/Map.o
                0x000000000800b3a0                wall_init
 .text.wall_set
                0x000000000800b4cc      0x24c Core/Src/Map.o
                0x000000000800b4cc                wall_set
 .text.init_map
                0x000000000800b718       0x98 Core/Src/Map.o
                0x000000000800b718                init_map
 .text.make_map
                0x000000000800b7b0      0x1f0 Core/Src/Map.o
                0x000000000800b7b0                make_map
 .text.wall_ram_print
                0x000000000800b9a0       0xb4 Core/Src/Map.o
                0x000000000800b9a0                wall_ram_print
 .text.flash_copy_to_ram
                0x000000000800ba54      0x108 Core/Src/Map.o
                0x000000000800ba54                flash_copy_to_ram
 .text.InitExplore
                0x000000000800bb5c      0x184 Core/Src/Mode.o
                0x000000000800bb5c                InitExplore
 .text.InitFastest
                0x000000000800bce0      0x138 Core/Src/Mode.o
                0x000000000800bce0                InitFastest
 .text.Debug    0x000000000800be18      0x118 Core/Src/Mode.o
                0x000000000800be18                Debug
 .text.ParameterSetting
                0x000000000800bf30       0x10 Core/Src/Mode.o
                0x000000000800bf30                ParameterSetting
 .text.GainTestRWall
                0x000000000800bf40       0x78 Core/Src/Mode.o
                0x000000000800bf40                GainTestRWall
 .text.GainTestDWall
                0x000000000800bfb8       0xd4 Core/Src/Mode.o
                0x000000000800bfb8                GainTestDWall
 .text.GainTestAVelo
                0x000000000800c08c       0x80 Core/Src/Mode.o
                0x000000000800c08c                GainTestAVelo
 .text.WritingFree
                0x000000000800c10c      0x120 Core/Src/Mode.o
                0x000000000800c10c                WritingFree
 .text.FastestRun
                0x000000000800c22c      0x240 Core/Src/Mode.o
                0x000000000800c22c                FastestRun
 .text.Explore  0x000000000800c46c      0x304 Core/Src/Mode.o
                0x000000000800c46c                Explore
 .text.KyushinJudge
                0x000000000800c770      0x8b4 Core/Src/Search.o
                0x000000000800c770                KyushinJudge
 .text.is_unknown
                0x000000000800d024       0x80 Core/Src/Search.o
                0x000000000800d024                is_unknown
 .text.get_priority
                0x000000000800d0a4       0x6c Core/Src/Search.o
                0x000000000800d0a4                get_priority
 .text.get_nextdir
                0x000000000800d110      0x304 Core/Src/Search.o
                0x000000000800d110                get_nextdir
 .text.fast_run
                0x000000000800d414      0x158 Core/Src/Search.o
                0x000000000800d414                fast_run
 .text.__io_putchar
                0x000000000800d56c       0x24 Core/Src/main.o
                0x000000000800d56c                __io_putchar
 .text.__io_getchar
                0x000000000800d590       0x30 Core/Src/main.o
                0x000000000800d590                __io_getchar
 .text.TIM5Init
                0x000000000800d5c0       0x18 Core/Src/main.o
                0x000000000800d5c0                TIM5Init
 .text.HAL_GPIO_EXTI_Callback
                0x000000000800d5d8       0x3c Core/Src/main.o
                0x000000000800d5d8                HAL_GPIO_EXTI_Callback
 .text.main     0x000000000800d614      0x180 Core/Src/main.o
                0x000000000800d614                main
 .text.SystemClock_Config
                0x000000000800d794       0xd4 Core/Src/main.o
                0x000000000800d794                SystemClock_Config
 .text.MX_ADC1_Init
                0x000000000800d868       0xdc Core/Src/main.o
 .text.MX_ADC2_Init
                0x000000000800d944       0xc0 Core/Src/main.o
 .text.MX_SPI3_Init
                0x000000000800da04       0x6c Core/Src/main.o
 .text.MX_TIM1_Init
                0x000000000800da70       0xa0 Core/Src/main.o
 .text.MX_TIM2_Init
                0x000000000800db10       0xec Core/Src/main.o
 .text.MX_TIM3_Init
                0x000000000800dbfc       0xa8 Core/Src/main.o
 .text.MX_TIM4_Init
                0x000000000800dca4       0xa8 Core/Src/main.o
 .text.MX_TIM5_Init
                0x000000000800dd4c       0xec Core/Src/main.o
 .text.MX_TIM8_Init
                0x000000000800de38      0x150 Core/Src/main.o
 .text.MX_USART1_UART_Init
                0x000000000800df88       0x54 Core/Src/main.o
 .text.MX_DMA_Init
                0x000000000800dfdc       0x50 Core/Src/main.o
 .text.MX_GPIO_Init
                0x000000000800e02c      0x1a8 Core/Src/main.o
 .text.Error_Handler
                0x000000000800e1d4        0x8 Core/Src/main.o
                0x000000000800e1d4                Error_Handler
 .text.HAL_MspInit
                0x000000000800e1dc       0x50 Core/Src/stm32f4xx_hal_msp.o
                0x000000000800e1dc                HAL_MspInit
 .text.HAL_ADC_MspInit
                0x000000000800e22c      0x1f0 Core/Src/stm32f4xx_hal_msp.o
                0x000000000800e22c                HAL_ADC_MspInit
 .text.HAL_SPI_MspInit
                0x000000000800e41c       0x90 Core/Src/stm32f4xx_hal_msp.o
                0x000000000800e41c                HAL_SPI_MspInit
 .text.HAL_TIM_Base_MspInit
                0x000000000800e4ac       0xe0 Core/Src/stm32f4xx_hal_msp.o
                0x000000000800e4ac                HAL_TIM_Base_MspInit
 .text.HAL_TIM_Encoder_MspInit
                0x000000000800e58c       0xfc Core/Src/stm32f4xx_hal_msp.o
                0x000000000800e58c                HAL_TIM_Encoder_MspInit
 .text.HAL_TIM_MspPostInit
                0x000000000800e688      0x148 Core/Src/stm32f4xx_hal_msp.o
                0x000000000800e688                HAL_TIM_MspPostInit
 .text.HAL_UART_MspInit
                0x000000000800e7d0       0x90 Core/Src/stm32f4xx_hal_msp.o
                0x000000000800e7d0                HAL_UART_MspInit
 .text.NMI_Handler
                0x000000000800e860        0x6 Core/Src/stm32f4xx_it.o
                0x000000000800e860                NMI_Handler
 .text.HardFault_Handler
                0x000000000800e866        0x6 Core/Src/stm32f4xx_it.o
                0x000000000800e866                HardFault_Handler
 .text.MemManage_Handler
                0x000000000800e86c        0x6 Core/Src/stm32f4xx_it.o
                0x000000000800e86c                MemManage_Handler
 .text.BusFault_Handler
                0x000000000800e872        0x6 Core/Src/stm32f4xx_it.o
                0x000000000800e872                BusFault_Handler
 .text.UsageFault_Handler
                0x000000000800e878        0x6 Core/Src/stm32f4xx_it.o
                0x000000000800e878                UsageFault_Handler
 .text.SVC_Handler
                0x000000000800e87e        0xe Core/Src/stm32f4xx_it.o
                0x000000000800e87e                SVC_Handler
 .text.DebugMon_Handler
                0x000000000800e88c        0xe Core/Src/stm32f4xx_it.o
                0x000000000800e88c                DebugMon_Handler
 .text.PendSV_Handler
                0x000000000800e89a        0xe Core/Src/stm32f4xx_it.o
                0x000000000800e89a                PendSV_Handler
 .text.SysTick_Handler
                0x000000000800e8a8        0xc Core/Src/stm32f4xx_it.o
                0x000000000800e8a8                SysTick_Handler
 .text.TIM1_UP_TIM10_IRQHandler
                0x000000000800e8b4       0x14 Core/Src/stm32f4xx_it.o
                0x000000000800e8b4                TIM1_UP_TIM10_IRQHandler
 .text.EXTI15_10_IRQHandler
                0x000000000800e8c8       0x10 Core/Src/stm32f4xx_it.o
                0x000000000800e8c8                EXTI15_10_IRQHandler
 .text.TIM8_UP_TIM13_IRQHandler
                0x000000000800e8d8       0x14 Core/Src/stm32f4xx_it.o
                0x000000000800e8d8                TIM8_UP_TIM13_IRQHandler
 .text.DMA2_Stream0_IRQHandler
                0x000000000800e8ec       0x14 Core/Src/stm32f4xx_it.o
                0x000000000800e8ec                DMA2_Stream0_IRQHandler
 .text.DMA2_Stream2_IRQHandler
                0x000000000800e900       0x14 Core/Src/stm32f4xx_it.o
                0x000000000800e900                DMA2_Stream2_IRQHandler
 .text.SystemInit
                0x000000000800e914       0x2c Core/Src/system_stm32f4xx.o
                0x000000000800e914                SystemInit
 .text._read    0x000000000800e940       0x3a Core/Src/Add/syscalls.o
                0x000000000800e940                _read
 .text._write   0x000000000800e97a       0x38 Core/Src/Add/syscalls.o
                0x000000000800e97a                _write
 .text._close   0x000000000800e9b2       0x18 Core/Src/Add/syscalls.o
                0x000000000800e9b2                _close
 .text._fstat   0x000000000800e9ca       0x20 Core/Src/Add/syscalls.o
                0x000000000800e9ca                _fstat
 .text._isatty  0x000000000800e9ea       0x16 Core/Src/Add/syscalls.o
                0x000000000800e9ea                _isatty
 .text._lseek   0x000000000800ea00       0x1a Core/Src/Add/syscalls.o
                0x000000000800ea00                _lseek
 *fill*         0x000000000800ea1a        0x2 
 .text._sbrk    0x000000000800ea1c       0x6c Core/Src/Add/sysmem.o
                0x000000000800ea1c                _sbrk
 .text.ADCStart
                0x000000000800ea88       0x40 Core/Src/Hw/ADC.o
                0x000000000800ea88                ADCStart
 .text.ADCStop  0x000000000800eac8       0x58 Core/Src/Hw/ADC.o
                0x000000000800eac8                ADCStop
 .text.FLASH_Unlock
                0x000000000800eb20       0x28 Core/Src/Hw/Flash.o
 .text.FLASH_Lock
                0x000000000800eb48       0x20 Core/Src/Hw/Flash.o
 .text.FLASH_WaitBusy
                0x000000000800eb68       0x20 Core/Src/Hw/Flash.o
                0x000000000800eb68                FLASH_WaitBusy
 .text.FLASH_Write_Word
                0x000000000800eb88       0x50 Core/Src/Hw/Flash.o
                0x000000000800eb88                FLASH_Write_Word
 .text.FLASH_Read_Word
                0x000000000800ebd8       0x54 Core/Src/Hw/Flash.o
                0x000000000800ebd8                FLASH_Read_Word
 .text.FLASH_Write_Word_F
                0x000000000800ec2c       0x54 Core/Src/Hw/Flash.o
                0x000000000800ec2c                FLASH_Write_Word_F
 .text.FLASH_Read_Word_F
                0x000000000800ec80       0x54 Core/Src/Hw/Flash.o
                0x000000000800ec80                FLASH_Read_Word_F
 .text.Flash_clear_sector1
                0x000000000800ecd4       0x52 Core/Src/Hw/Flash.o
                0x000000000800ecd4                Flash_clear_sector1
 .text.Flash_clear_sector9
                0x000000000800ed26       0x52 Core/Src/Hw/Flash.o
                0x000000000800ed26                Flash_clear_sector9
 .text.read_byte
                0x000000000800ed78       0x58 Core/Src/Hw/ICM_20648.o
                0x000000000800ed78                read_byte
 .text.ReadIMU  0x000000000800edd0       0xc4 Core/Src/Hw/ICM_20648.o
                0x000000000800edd0                ReadIMU
 .text.write_byte
                0x000000000800ee94       0x58 Core/Src/Hw/ICM_20648.o
                0x000000000800ee94                write_byte
 .text.IMU_init
                0x000000000800eeec       0x54 Core/Src/Hw/ICM_20648.o
                0x000000000800eeec                IMU_init
 .text.IMU_Calib
                0x000000000800ef40      0x104 Core/Src/Hw/ICM_20648.o
                0x000000000800ef40                IMU_Calib
 .text.EncoderStart
                0x000000000800f044       0x20 Core/Src/Hw/IEH2_4096.o
                0x000000000800f044                EncoderStart
 .text.EncoderStop
                0x000000000800f064       0x20 Core/Src/Hw/IEH2_4096.o
                0x000000000800f064                EncoderStop
 .text.EmitterON
                0x000000000800f084       0x1c Core/Src/Hw/IR_Emitter.o
                0x000000000800f084                EmitterON
 .text.EmitterOFF
                0x000000000800f0a0       0x1c Core/Src/Hw/IR_Emitter.o
                0x000000000800f0a0                EmitterOFF
 .text.ChangeLED
                0x000000000800f0bc      0x17c Core/Src/Hw/LED_Driver.o
                0x000000000800f0bc                ChangeLED
 .text.Motor_PWM_Start
                0x000000000800f238       0x34 Core/Src/Hw/Motor_Driver.o
                0x000000000800f238                Motor_PWM_Start
 .text.Motor_PWM_Stop
                0x000000000800f26c       0x34 Core/Src/Hw/Motor_Driver.o
                0x000000000800f26c                Motor_PWM_Stop
 .text.Motor_Switch
                0x000000000800f2a0       0xc4 Core/Src/Hw/Motor_Driver.o
                0x000000000800f2a0                Motor_Switch
 .text.InitPulse
                0x000000000800f364       0x1c Core/Src/Tools/Convert.o
                0x000000000800f364                InitPulse
 .text.GetWallDataAverage
                0x000000000800f380       0xd4 Core/Src/Tools/Convert.o
                0x000000000800f380                GetWallDataAverage
 .text.ADCToBatteryVoltage
                0x000000000800f454       0x54 Core/Src/Tools/Convert.o
                0x000000000800f454                ADCToBatteryVoltage
 .text.IntegerPower
                0x000000000800f4a8       0x3a Core/Src/Tools/Convert.o
                0x000000000800f4a8                IntegerPower
 .text.GetBatteryLevel
                0x000000000800f4e2       0xa4 Core/Src/Tools/Convert.o
                0x000000000800f4e2                GetBatteryLevel
 *fill*         0x000000000800f586        0x2 
 .text.Buffering
                0x000000000800f588       0x28 Core/Src/Tools/Debug.o
                0x000000000800f588                Buffering
 .text.Copy_Gain
                0x000000000800f5b0       0xc0 Core/Src/Tools/Debug.o
                0x000000000800f5b0                Copy_Gain
 .text.Load_Gain
                0x000000000800f670      0x178 Core/Src/Tools/Debug.o
                0x000000000800f670                Load_Gain
 .text.Change_Gain
                0x000000000800f7e8      0x3a8 Core/Src/Tools/Debug.o
                0x000000000800f7e8                Change_Gain
 .text.PIDSetGain
                0x000000000800fb90       0x58 Core/Src/Tools/PID_Control.o
                0x000000000800fb90                PIDSetGain
 .text.PIDChangeFlag
                0x000000000800fbe8       0x2c Core/Src/Tools/PID_Control.o
                0x000000000800fbe8                PIDChangeFlag
 .text.PIDReset
                0x000000000800fc14       0x7c Core/Src/Tools/PID_Control.o
                0x000000000800fc14                PIDReset
 .text.PIDControl
                0x000000000800fc90      0x260 Core/Src/Tools/PID_Control.o
                0x000000000800fc90                PIDControl
 .text.Signal   0x000000000800fef0       0x3a Core/Src/Tools/UI.o
                0x000000000800fef0                Signal
 *fill*         0x000000000800ff2a        0x2 
 .text.BatteryCheck
                0x000000000800ff2c       0x68 Core/Src/Tools/UI.o
                0x000000000800ff2c                BatteryCheck
 .text.ModeSelect
                0x000000000800ff94      0x168 Core/Src/Tools/UI.o
                0x000000000800ff94                ModeSelect
 .text.Reset_Handler
                0x00000000080100fc       0x50 Core/Startup/startup_stm32f405rgtx.o
                0x00000000080100fc                Reset_Handler
 .text.Default_Handler
                0x000000000801014c        0x2 Core/Startup/startup_stm32f405rgtx.o
                0x000000000801014c                RTC_Alarm_IRQHandler
                0x000000000801014c                HASH_RNG_IRQHandler
                0x000000000801014c                EXTI2_IRQHandler
                0x000000000801014c                TIM8_CC_IRQHandler
                0x000000000801014c                TIM1_CC_IRQHandler
                0x000000000801014c                DMA2_Stream5_IRQHandler
                0x000000000801014c                DMA1_Stream5_IRQHandler
                0x000000000801014c                PVD_IRQHandler
                0x000000000801014c                SDIO_IRQHandler
                0x000000000801014c                TAMP_STAMP_IRQHandler
                0x000000000801014c                CAN2_RX1_IRQHandler
                0x000000000801014c                EXTI3_IRQHandler
                0x000000000801014c                TIM8_TRG_COM_TIM14_IRQHandler
                0x000000000801014c                I2C3_ER_IRQHandler
                0x000000000801014c                EXTI0_IRQHandler
                0x000000000801014c                I2C2_EV_IRQHandler
                0x000000000801014c                DMA1_Stream2_IRQHandler
                0x000000000801014c                CAN1_RX0_IRQHandler
                0x000000000801014c                FPU_IRQHandler
                0x000000000801014c                OTG_HS_WKUP_IRQHandler
                0x000000000801014c                CAN2_SCE_IRQHandler
                0x000000000801014c                SPI1_IRQHandler
                0x000000000801014c                TIM6_DAC_IRQHandler
                0x000000000801014c                TIM1_BRK_TIM9_IRQHandler
                0x000000000801014c                CAN2_RX0_IRQHandler
                0x000000000801014c                DMA2_Stream3_IRQHandler
                0x000000000801014c                USART6_IRQHandler
                0x000000000801014c                USART3_IRQHandler
                0x000000000801014c                CAN1_RX1_IRQHandler
                0x000000000801014c                UART5_IRQHandler
                0x000000000801014c                TIM4_IRQHandler
                0x000000000801014c                I2C1_EV_IRQHandler
                0x000000000801014c                DMA1_Stream6_IRQHandler
                0x000000000801014c                DMA1_Stream1_IRQHandler
                0x000000000801014c                UART4_IRQHandler
                0x000000000801014c                TIM3_IRQHandler
                0x000000000801014c                RCC_IRQHandler
                0x000000000801014c                TIM8_BRK_TIM12_IRQHandler
                0x000000000801014c                Default_Handler
                0x000000000801014c                ADC_IRQHandler
                0x000000000801014c                DMA1_Stream7_IRQHandler
                0x000000000801014c                TIM7_IRQHandler
                0x000000000801014c                CAN2_TX_IRQHandler
                0x000000000801014c                TIM5_IRQHandler
                0x000000000801014c                DMA2_Stream7_IRQHandler
                0x000000000801014c                I2C3_EV_IRQHandler
                0x000000000801014c                EXTI9_5_IRQHandler
                0x000000000801014c                RTC_WKUP_IRQHandler
                0x000000000801014c                SPI2_IRQHandler
                0x000000000801014c                OTG_HS_EP1_IN_IRQHandler
                0x000000000801014c                DMA1_Stream0_IRQHandler
                0x000000000801014c                CAN1_TX_IRQHandler
                0x000000000801014c                EXTI4_IRQHandler
                0x000000000801014c                FSMC_IRQHandler
                0x000000000801014c                OTG_HS_EP1_OUT_IRQHandler
                0x000000000801014c                WWDG_IRQHandler
                0x000000000801014c                TIM2_IRQHandler
                0x000000000801014c                OTG_FS_WKUP_IRQHandler
                0x000000000801014c                TIM1_TRG_COM_TIM11_IRQHandler
                0x000000000801014c                OTG_HS_IRQHandler
                0x000000000801014c                EXTI1_IRQHandler
                0x000000000801014c                USART2_IRQHandler
                0x000000000801014c                I2C2_ER_IRQHandler
                0x000000000801014c                DMA2_Stream1_IRQHandler
                0x000000000801014c                CAN1_SCE_IRQHandler
                0x000000000801014c                FLASH_IRQHandler
                0x000000000801014c                DMA2_Stream4_IRQHandler
                0x000000000801014c                USART1_IRQHandler
                0x000000000801014c                OTG_FS_IRQHandler
                0x000000000801014c                SPI3_IRQHandler
                0x000000000801014c                DMA1_Stream4_IRQHandler
                0x000000000801014c                I2C1_ER_IRQHandler
                0x000000000801014c                DMA2_Stream6_IRQHandler
                0x000000000801014c                DMA1_Stream3_IRQHandler
 *fill*         0x000000000801014e        0x2 
 .text.HAL_Init
                0x0000000008010150       0x44 Drivers/STM32F4xx_HAL_Driver/Src/stm32f4xx_hal.o
                0x0000000008010150                HAL_Init
 .text.HAL_InitTick
                0x0000000008010194       0x60 Drivers/STM32F4xx_HAL_Driver/Src/stm32f4xx_hal.o
                0x0000000008010194                HAL_InitTick
 .text.HAL_IncTick
                0x00000000080101f4       0x28 Drivers/STM32F4xx_HAL_Driver/Src/stm32f4xx_hal.o
                0x00000000080101f4                HAL_IncTick
 .text.HAL_GetTick
                0x000000000801021c       0x18 Drivers/STM32F4xx_HAL_Driver/Src/stm32f4xx_hal.o
                0x000000000801021c                HAL_GetTick
 .text.HAL_Delay
                0x0000000008010234       0x44 Drivers/STM32F4xx_HAL_Driver/Src/stm32f4xx_hal.o
                0x0000000008010234                HAL_Delay
 .text.HAL_ADC_Init
                0x0000000008010278       0x86 Drivers/STM32F4xx_HAL_Driver/Src/stm32f4xx_hal_adc.o
                0x0000000008010278                HAL_ADC_Init
 *fill*         0x00000000080102fe        0x2 
 .text.HAL_ADC_Start_DMA
                0x0000000008010300      0x1e4 Drivers/STM32F4xx_HAL_Driver/Src/stm32f4xx_hal_adc.o
                0x0000000008010300                HAL_ADC_Start_DMA
 .text.HAL_ADC_Stop_DMA
                0x00000000080104e4       0x94 Drivers/STM32F4xx_HAL_Driver/Src/stm32f4xx_hal_adc.o
                0x00000000080104e4                HAL_ADC_Stop_DMA
 .text.HAL_ADC_ConvCpltCallback
                0x0000000008010578       0x14 Drivers/STM32F4xx_HAL_Driver/Src/stm32f4xx_hal_adc.o
                0x0000000008010578                HAL_ADC_ConvCpltCallback
 .text.HAL_ADC_ConvHalfCpltCallback
                0x000000000801058c       0x14 Drivers/STM32F4xx_HAL_Driver/Src/stm32f4xx_hal_adc.o
                0x000000000801058c                HAL_ADC_ConvHalfCpltCallback
 .text.HAL_ADC_ErrorCallback
                0x00000000080105a0       0x14 Drivers/STM32F4xx_HAL_Driver/Src/stm32f4xx_hal_adc.o
                0x00000000080105a0                HAL_ADC_ErrorCallback
 .text.HAL_ADC_ConfigChannel
                0x00000000080105b4      0x244 Drivers/STM32F4xx_HAL_Driver/Src/stm32f4xx_hal_adc.o
                0x00000000080105b4                HAL_ADC_ConfigChannel
 .text.ADC_Init
                0x00000000080107f8      0x1f8 Drivers/STM32F4xx_HAL_Driver/Src/stm32f4xx_hal_adc.o
 .text.ADC_DMAConvCplt
                0x00000000080109f0       0xba Drivers/STM32F4xx_HAL_Driver/Src/stm32f4xx_hal_adc.o
 .text.ADC_DMAHalfConvCplt
                0x0000000008010aaa       0x1c Drivers/STM32F4xx_HAL_Driver/Src/stm32f4xx_hal_adc.o
 .text.ADC_DMAError
                0x0000000008010ac6       0x2e Drivers/STM32F4xx_HAL_Driver/Src/stm32f4xx_hal_adc.o
 .text.__NVIC_SetPriorityGrouping
                0x0000000008010af4       0x48 Drivers/STM32F4xx_HAL_Driver/Src/stm32f4xx_hal_cortex.o
 .text.__NVIC_GetPriorityGrouping
                0x0000000008010b3c       0x1c Drivers/STM32F4xx_HAL_Driver/Src/stm32f4xx_hal_cortex.o
 .text.__NVIC_EnableIRQ
                0x0000000008010b58       0x3c Drivers/STM32F4xx_HAL_Driver/Src/stm32f4xx_hal_cortex.o
 .text.__NVIC_SetPriority
                0x0000000008010b94       0x54 Drivers/STM32F4xx_HAL_Driver/Src/stm32f4xx_hal_cortex.o
 .text.NVIC_EncodePriority
                0x0000000008010be8       0x66 Drivers/STM32F4xx_HAL_Driver/Src/stm32f4xx_hal_cortex.o
 *fill*         0x0000000008010c4e        0x2 
 .text.SysTick_Config
                0x0000000008010c50       0x44 Drivers/STM32F4xx_HAL_Driver/Src/stm32f4xx_hal_cortex.o
 .text.HAL_NVIC_SetPriorityGrouping
                0x0000000008010c94       0x16 Drivers/STM32F4xx_HAL_Driver/Src/stm32f4xx_hal_cortex.o
                0x0000000008010c94                HAL_NVIC_SetPriorityGrouping
 .text.HAL_NVIC_SetPriority
                0x0000000008010caa       0x38 Drivers/STM32F4xx_HAL_Driver/Src/stm32f4xx_hal_cortex.o
                0x0000000008010caa                HAL_NVIC_SetPriority
 .text.HAL_NVIC_EnableIRQ
                0x0000000008010ce2       0x1c Drivers/STM32F4xx_HAL_Driver/Src/stm32f4xx_hal_cortex.o
                0x0000000008010ce2                HAL_NVIC_EnableIRQ
 .text.HAL_SYSTICK_Config
                0x0000000008010cfe       0x18 Drivers/STM32F4xx_HAL_Driver/Src/stm32f4xx_hal_cortex.o
                0x0000000008010cfe                HAL_SYSTICK_Config
 *fill*         0x0000000008010d16        0x2 
 .text.HAL_DMA_Init
                0x0000000008010d18      0x15c Drivers/STM32F4xx_HAL_Driver/Src/stm32f4xx_hal_dma.o
                0x0000000008010d18                HAL_DMA_Init
 .text.HAL_DMA_Start_IT
                0x0000000008010e74       0xb0 Drivers/STM32F4xx_HAL_Driver/Src/stm32f4xx_hal_dma.o
                0x0000000008010e74                HAL_DMA_Start_IT
 .text.HAL_DMA_Abort
                0x0000000008010f24       0xe0 Drivers/STM32F4xx_HAL_Driver/Src/stm32f4xx_hal_dma.o
                0x0000000008010f24                HAL_DMA_Abort
 .text.HAL_DMA_IRQHandler
                0x0000000008011004      0x314 Drivers/STM32F4xx_HAL_Driver/Src/stm32f4xx_hal_dma.o
                0x0000000008011004                HAL_DMA_IRQHandler
 .text.DMA_SetConfig
                0x0000000008011318       0x5c Drivers/STM32F4xx_HAL_Driver/Src/stm32f4xx_hal_dma.o
 .text.DMA_CalcBaseAndBitshift
                0x0000000008011374       0x6c Drivers/STM32F4xx_HAL_Driver/Src/stm32f4xx_hal_dma.o
 .text.DMA_CheckFifoParam
                0x00000000080113e0       0xf4 Drivers/STM32F4xx_HAL_Driver/Src/stm32f4xx_hal_dma.o
 .text.HAL_FLASH_Unlock
                0x00000000080114d4       0x44 Drivers/STM32F4xx_HAL_Driver/Src/stm32f4xx_hal_flash.o
                0x00000000080114d4                HAL_FLASH_Unlock
 .text.HAL_FLASH_Lock
                0x0000000008011518       0x20 Drivers/STM32F4xx_HAL_Driver/Src/stm32f4xx_hal_flash.o
                0x0000000008011518                HAL_FLASH_Lock
 .text.FLASH_WaitForLastOperation
                0x0000000008011538       0x80 Drivers/STM32F4xx_HAL_Driver/Src/stm32f4xx_hal_flash.o
                0x0000000008011538                FLASH_WaitForLastOperation
 .text.FLASH_SetErrorCode
                0x00000000080115b8       0xac Drivers/STM32F4xx_HAL_Driver/Src/stm32f4xx_hal_flash.o
 .text.HAL_FLASHEx_Erase
                0x0000000008011664       0xe0 Drivers/STM32F4xx_HAL_Driver/Src/stm32f4xx_hal_flash_ex.o
                0x0000000008011664                HAL_FLASHEx_Erase
 .text.FLASH_MassErase
                0x0000000008011744       0x48 Drivers/STM32F4xx_HAL_Driver/Src/stm32f4xx_hal_flash_ex.o
 .text.FLASH_Erase_Sector
                0x000000000801178c       0x90 Drivers/STM32F4xx_HAL_Driver/Src/stm32f4xx_hal_flash_ex.o
                0x000000000801178c                FLASH_Erase_Sector
 .text.FLASH_FlushCaches
                0x000000000801181c       0x8c Drivers/STM32F4xx_HAL_Driver/Src/stm32f4xx_hal_flash_ex.o
                0x000000000801181c                FLASH_FlushCaches
 .text.HAL_GPIO_Init
                0x00000000080118a8      0x334 Drivers/STM32F4xx_HAL_Driver/Src/stm32f4xx_hal_gpio.o
                0x00000000080118a8                HAL_GPIO_Init
 .text.HAL_GPIO_WritePin
                0x0000000008011bdc       0x32 Drivers/STM32F4xx_HAL_Driver/Src/stm32f4xx_hal_gpio.o
                0x0000000008011bdc                HAL_GPIO_WritePin
 *fill*         0x0000000008011c0e        0x2 
 .text.HAL_GPIO_EXTI_IRQHandler
                0x0000000008011c10       0x30 Drivers/STM32F4xx_HAL_Driver/Src/stm32f4xx_hal_gpio.o
                0x0000000008011c10                HAL_GPIO_EXTI_IRQHandler
 .text.HAL_RCC_OscConfig
                0x0000000008011c40      0x4e0 Drivers/STM32F4xx_HAL_Driver/Src/stm32f4xx_hal_rcc.o
                0x0000000008011c40                HAL_RCC_OscConfig
 .text.HAL_RCC_ClockConfig
                0x0000000008012120      0x1cc Drivers/STM32F4xx_HAL_Driver/Src/stm32f4xx_hal_rcc.o
                0x0000000008012120                HAL_RCC_ClockConfig
 .text.HAL_RCC_GetSysClockFreq
                0x00000000080122ec      0x1b0 Drivers/STM32F4xx_HAL_Driver/Src/stm32f4xx_hal_rcc.o
                0x00000000080122ec                HAL_RCC_GetSysClockFreq
 .text.HAL_RCC_GetHCLKFreq
                0x000000000801249c       0x18 Drivers/STM32F4xx_HAL_Driver/Src/stm32f4xx_hal_rcc.o
                0x000000000801249c                HAL_RCC_GetHCLKFreq
 .text.HAL_RCC_GetPCLK1Freq
                0x00000000080124b4       0x28 Drivers/STM32F4xx_HAL_Driver/Src/stm32f4xx_hal_rcc.o
                0x00000000080124b4                HAL_RCC_GetPCLK1Freq
 .text.HAL_RCC_GetPCLK2Freq
                0x00000000080124dc       0x28 Drivers/STM32F4xx_HAL_Driver/Src/stm32f4xx_hal_rcc.o
                0x00000000080124dc                HAL_RCC_GetPCLK2Freq
 .text.HAL_SPI_Init
                0x0000000008012504       0xc8 Drivers/STM32F4xx_HAL_Driver/Src/stm32f4xx_hal_spi.o
                0x0000000008012504                HAL_SPI_Init
 .text.HAL_SPI_Transmit
                0x00000000080125cc      0x268 Drivers/STM32F4xx_HAL_Driver/Src/stm32f4xx_hal_spi.o
                0x00000000080125cc                HAL_SPI_Transmit
 .text.HAL_SPI_Receive
                0x0000000008012834      0x212 Drivers/STM32F4xx_HAL_Driver/Src/stm32f4xx_hal_spi.o
                0x0000000008012834                HAL_SPI_Receive
 .text.HAL_SPI_TransmitReceive
                0x0000000008012a46      0x344 Drivers/STM32F4xx_HAL_Driver/Src/stm32f4xx_hal_spi.o
                0x0000000008012a46                HAL_SPI_TransmitReceive
 .text.SPI_WaitFlagStateUntilTimeout
                0x0000000008012d8a       0xd4 Drivers/STM32F4xx_HAL_Driver/Src/stm32f4xx_hal_spi.o
 .text.SPI_EndRxTransaction
                0x0000000008012e5e       0xca Drivers/STM32F4xx_HAL_Driver/Src/stm32f4xx_hal_spi.o
 .text.SPI_EndRxTxTransaction
                0x0000000008012f28       0x84 Drivers/STM32F4xx_HAL_Driver/Src/stm32f4xx_hal_spi.o
 .text.HAL_TIM_Base_Init
                0x0000000008012fac       0x56 Drivers/STM32F4xx_HAL_Driver/Src/stm32f4xx_hal_tim.o
                0x0000000008012fac                HAL_TIM_Base_Init
 .text.HAL_TIM_Base_Start_IT
                0x0000000008013002       0x48 Drivers/STM32F4xx_HAL_Driver/Src/stm32f4xx_hal_tim.o
                0x0000000008013002                HAL_TIM_Base_Start_IT
 .text.HAL_TIM_Base_Stop_IT
                0x000000000801304a       0x56 Drivers/STM32F4xx_HAL_Driver/Src/stm32f4xx_hal_tim.o
                0x000000000801304a                HAL_TIM_Base_Stop_IT
 .text.HAL_TIM_OC_Init
                0x00000000080130a0       0x56 Drivers/STM32F4xx_HAL_Driver/Src/stm32f4xx_hal_tim.o
                0x00000000080130a0                HAL_TIM_OC_Init
 .text.HAL_TIM_OC_MspInit
                0x00000000080130f6       0x14 Drivers/STM32F4xx_HAL_Driver/Src/stm32f4xx_hal_tim.o
                0x00000000080130f6                HAL_TIM_OC_MspInit
 *fill*         0x000000000801310a        0x2 
 .text.HAL_TIM_OC_Start_IT
                0x000000000801310c      0x108 Drivers/STM32F4xx_HAL_Driver/Src/stm32f4xx_hal_tim.o
                0x000000000801310c                HAL_TIM_OC_Start_IT
 .text.HAL_TIM_OC_Stop_IT
                0x0000000008013214      0x134 Drivers/STM32F4xx_HAL_Driver/Src/stm32f4xx_hal_tim.o
                0x0000000008013214                HAL_TIM_OC_Stop_IT
 .text.HAL_TIM_PWM_Init
                0x0000000008013348       0x56 Drivers/STM32F4xx_HAL_Driver/Src/stm32f4xx_hal_tim.o
                0x0000000008013348                HAL_TIM_PWM_Init
 .text.HAL_TIM_PWM_MspInit
                0x000000000801339e       0x14 Drivers/STM32F4xx_HAL_Driver/Src/stm32f4xx_hal_tim.o
                0x000000000801339e                HAL_TIM_PWM_MspInit
 *fill*         0x00000000080133b2        0x2 
 .text.HAL_TIM_PWM_Start
                0x00000000080133b4       0x7c Drivers/STM32F4xx_HAL_Driver/Src/stm32f4xx_hal_tim.o
                0x00000000080133b4                HAL_TIM_PWM_Start
 .text.HAL_TIM_PWM_Stop
                0x0000000008013430       0xb0 Drivers/STM32F4xx_HAL_Driver/Src/stm32f4xx_hal_tim.o
                0x0000000008013430                HAL_TIM_PWM_Stop
 .text.HAL_TIM_Encoder_Init
                0x00000000080134e0      0x124 Drivers/STM32F4xx_HAL_Driver/Src/stm32f4xx_hal_tim.o
                0x00000000080134e0                HAL_TIM_Encoder_Init
 .text.HAL_TIM_Encoder_Start
                0x0000000008013604       0x6e Drivers/STM32F4xx_HAL_Driver/Src/stm32f4xx_hal_tim.o
                0x0000000008013604                HAL_TIM_Encoder_Start
 .text.HAL_TIM_Encoder_Stop
                0x0000000008013672       0x8e Drivers/STM32F4xx_HAL_Driver/Src/stm32f4xx_hal_tim.o
                0x0000000008013672                HAL_TIM_Encoder_Stop
 .text.HAL_TIM_IRQHandler
                0x0000000008013700      0x210 Drivers/STM32F4xx_HAL_Driver/Src/stm32f4xx_hal_tim.o
                0x0000000008013700                HAL_TIM_IRQHandler
 .text.HAL_TIM_OC_ConfigChannel
                0x0000000008013910       0xc0 Drivers/STM32F4xx_HAL_Driver/Src/stm32f4xx_hal_tim.o
                0x0000000008013910                HAL_TIM_OC_ConfigChannel
 .text.HAL_TIM_PWM_ConfigChannel
                0x00000000080139d0      0x18c Drivers/STM32F4xx_HAL_Driver/Src/stm32f4xx_hal_tim.o
                0x00000000080139d0                HAL_TIM_PWM_ConfigChannel
 .text.HAL_TIM_ConfigClockSource
                0x0000000008013b5c      0x16e Drivers/STM32F4xx_HAL_Driver/Src/stm32f4xx_hal_tim.o
                0x0000000008013b5c                HAL_TIM_ConfigClockSource
 .text.HAL_TIM_OC_DelayElapsedCallback
                0x0000000008013cca       0x14 Drivers/STM32F4xx_HAL_Driver/Src/stm32f4xx_hal_tim.o
                0x0000000008013cca                HAL_TIM_OC_DelayElapsedCallback
 .text.HAL_TIM_IC_CaptureCallback
                0x0000000008013cde       0x14 Drivers/STM32F4xx_HAL_Driver/Src/stm32f4xx_hal_tim.o
                0x0000000008013cde                HAL_TIM_IC_CaptureCallback
 .text.HAL_TIM_PWM_PulseFinishedCallback
                0x0000000008013cf2       0x14 Drivers/STM32F4xx_HAL_Driver/Src/stm32f4xx_hal_tim.o
                0x0000000008013cf2                HAL_TIM_PWM_PulseFinishedCallback
 .text.HAL_TIM_TriggerCallback
                0x0000000008013d06       0x14 Drivers/STM32F4xx_HAL_Driver/Src/stm32f4xx_hal_tim.o
                0x0000000008013d06                HAL_TIM_TriggerCallback
 *fill*         0x0000000008013d1a        0x2 
 .text.TIM_Base_SetConfig
                0x0000000008013d1c      0x140 Drivers/STM32F4xx_HAL_Driver/Src/stm32f4xx_hal_tim.o
                0x0000000008013d1c                TIM_Base_SetConfig
 .text.TIM_OC1_SetConfig
                0x0000000008013e5c       0xe0 Drivers/STM32F4xx_HAL_Driver/Src/stm32f4xx_hal_tim.o
 .text.TIM_OC2_SetConfig
                0x0000000008013f3c       0xec Drivers/STM32F4xx_HAL_Driver/Src/stm32f4xx_hal_tim.o
                0x0000000008013f3c                TIM_OC2_SetConfig
 .text.TIM_OC3_SetConfig
                0x0000000008014028       0xe8 Drivers/STM32F4xx_HAL_Driver/Src/stm32f4xx_hal_tim.o
 .text.TIM_OC4_SetConfig
                0x0000000008014110       0xac Drivers/STM32F4xx_HAL_Driver/Src/stm32f4xx_hal_tim.o
 .text.TIM_TI1_ConfigInputStage
                0x00000000080141bc       0x5e Drivers/STM32F4xx_HAL_Driver/Src/stm32f4xx_hal_tim.o
 .text.TIM_TI2_ConfigInputStage
                0x000000000801421a       0x60 Drivers/STM32F4xx_HAL_Driver/Src/stm32f4xx_hal_tim.o
 .text.TIM_ITRx_SetConfig
                0x000000000801427a       0x36 Drivers/STM32F4xx_HAL_Driver/Src/stm32f4xx_hal_tim.o
 .text.TIM_ETR_SetConfig
                0x00000000080142b0       0x40 Drivers/STM32F4xx_HAL_Driver/Src/stm32f4xx_hal_tim.o
                0x00000000080142b0                TIM_ETR_SetConfig
 .text.TIM_CCxChannelCmd
                0x00000000080142f0       0x4a Drivers/STM32F4xx_HAL_Driver/Src/stm32f4xx_hal_tim.o
                0x00000000080142f0                TIM_CCxChannelCmd
 .text.HAL_TIMEx_OCN_Start_IT
                0x000000000801433a       0xaa Drivers/STM32F4xx_HAL_Driver/Src/stm32f4xx_hal_tim_ex.o
                0x000000000801433a                HAL_TIMEx_OCN_Start_IT
 .text.HAL_TIMEx_OCN_Stop_IT
                0x00000000080143e4       0xec Drivers/STM32F4xx_HAL_Driver/Src/stm32f4xx_hal_tim_ex.o
                0x00000000080143e4                HAL_TIMEx_OCN_Stop_IT
 .text.HAL_TIMEx_MasterConfigSynchronization
                0x00000000080144d0       0xf8 Drivers/STM32F4xx_HAL_Driver/Src/stm32f4xx_hal_tim_ex.o
                0x00000000080144d0                HAL_TIMEx_MasterConfigSynchronization
 .text.HAL_TIMEx_ConfigBreakDeadTime
                0x00000000080145c8       0xa4 Drivers/STM32F4xx_HAL_Driver/Src/stm32f4xx_hal_tim_ex.o
                0x00000000080145c8                HAL_TIMEx_ConfigBreakDeadTime
 .text.HAL_TIMEx_CommutCallback
                0x000000000801466c       0x14 Drivers/STM32F4xx_HAL_Driver/Src/stm32f4xx_hal_tim_ex.o
                0x000000000801466c                HAL_TIMEx_CommutCallback
 .text.HAL_TIMEx_BreakCallback
                0x0000000008014680       0x14 Drivers/STM32F4xx_HAL_Driver/Src/stm32f4xx_hal_tim_ex.o
                0x0000000008014680                HAL_TIMEx_BreakCallback
 .text.TIM_CCxNChannelCmd
                0x0000000008014694       0x4a Drivers/STM32F4xx_HAL_Driver/Src/stm32f4xx_hal_tim_ex.o
 .text.HAL_UART_Init
                0x00000000080146de       0x9a Drivers/STM32F4xx_HAL_Driver/Src/stm32f4xx_hal_uart.o
                0x00000000080146de                HAL_UART_Init
 .text.HAL_UART_Transmit
                0x0000000008014778      0x132 Drivers/STM32F4xx_HAL_Driver/Src/stm32f4xx_hal_uart.o
                0x0000000008014778                HAL_UART_Transmit
 .text.HAL_UART_Receive
                0x00000000080148aa      0x14c Drivers/STM32F4xx_HAL_Driver/Src/stm32f4xx_hal_uart.o
                0x00000000080148aa                HAL_UART_Receive
 .text.UART_WaitOnFlagUntilTimeout
                0x00000000080149f6       0x94 Drivers/STM32F4xx_HAL_Driver/Src/stm32f4xx_hal_uart.o
 *fill*         0x0000000008014a8a        0x2 
 .text.UART_SetConfig
                0x0000000008014a8c      0x6f8 Drivers/STM32F4xx_HAL_Driver/Src/stm32f4xx_hal_uart.o
 .text.round    0x0000000008015184       0x94 c:/st/stm32cubeide_1.5.1/stm32cubeide/plugins/com.st.stm32cube.ide.mcu.externaltools.gnu-tools-for-stm32.7-2018-q2-update.win32_1.5.0.202011040924/tools/bin/../lib/gcc/arm-none-eabi/7.3.1/../../../../arm-none-eabi/lib/thumb/v7e-m/fpv4-sp/hard\libm.a(lib_a-s_round.o)
                0x0000000008015184                round
 .text.__errno  0x0000000008015218        0xc c:/st/stm32cubeide_1.5.1/stm32cubeide/plugins/com.st.stm32cube.ide.mcu.externaltools.gnu-tools-for-stm32.7-2018-q2-update.win32_1.5.0.202011040924/tools/bin/../lib/gcc/arm-none-eabi/7.3.1/../../../../arm-none-eabi/lib/thumb/v7e-m/fpv4-sp/hard\libc_nano.a(lib_a-errno.o)
                0x0000000008015218                __errno
 .text.__libc_init_array
                0x0000000008015224       0x48 c:/st/stm32cubeide_1.5.1/stm32cubeide/plugins/com.st.stm32cube.ide.mcu.externaltools.gnu-tools-for-stm32.7-2018-q2-update.win32_1.5.0.202011040924/tools/bin/../lib/gcc/arm-none-eabi/7.3.1/../../../../arm-none-eabi/lib/thumb/v7e-m/fpv4-sp/hard\libc_nano.a(lib_a-init.o)
                0x0000000008015224                __libc_init_array
 .text.memcpy   0x000000000801526c       0x16 c:/st/stm32cubeide_1.5.1/stm32cubeide/plugins/com.st.stm32cube.ide.mcu.externaltools.gnu-tools-for-stm32.7-2018-q2-update.win32_1.5.0.202011040924/tools/bin/../lib/gcc/arm-none-eabi/7.3.1/../../../../arm-none-eabi/lib/thumb/v7e-m/fpv4-sp/hard\libc_nano.a(lib_a-memcpy-stub.o)
                0x000000000801526c                memcpy
 .text.memset   0x0000000008015282       0x10 c:/st/stm32cubeide_1.5.1/stm32cubeide/plugins/com.st.stm32cube.ide.mcu.externaltools.gnu-tools-for-stm32.7-2018-q2-update.win32_1.5.0.202011040924/tools/bin/../lib/gcc/arm-none-eabi/7.3.1/../../../../arm-none-eabi/lib/thumb/v7e-m/fpv4-sp/hard\libc_nano.a(lib_a-memset.o)
                0x0000000008015282                memset
 .text.__cvt    0x0000000008015292       0xc2 c:/st/stm32cubeide_1.5.1/stm32cubeide/plugins/com.st.stm32cube.ide.mcu.externaltools.gnu-tools-for-stm32.7-2018-q2-update.win32_1.5.0.202011040924/tools/bin/../lib/gcc/arm-none-eabi/7.3.1/../../../../arm-none-eabi/lib/thumb/v7e-m/fpv4-sp/hard\libc_nano.a(lib_a-nano-vfprintf_float.o)
                0x0000000008015292                __cvt
 .text.__exponent
                0x0000000008015354       0x66 c:/st/stm32cubeide_1.5.1/stm32cubeide/plugins/com.st.stm32cube.ide.mcu.externaltools.gnu-tools-for-stm32.7-2018-q2-update.win32_1.5.0.202011040924/tools/bin/../lib/gcc/arm-none-eabi/7.3.1/../../../../arm-none-eabi/lib/thumb/v7e-m/fpv4-sp/hard\libc_nano.a(lib_a-nano-vfprintf_float.o)
                0x0000000008015354                __exponent
 *fill*         0x00000000080153ba        0x2 
 .text._printf_float
                0x00000000080153bc      0x480 c:/st/stm32cubeide_1.5.1/stm32cubeide/plugins/com.st.stm32cube.ide.mcu.externaltools.gnu-tools-for-stm32.7-2018-q2-update.win32_1.5.0.202011040924/tools/bin/../lib/gcc/arm-none-eabi/7.3.1/../../../../arm-none-eabi/lib/thumb/v7e-m/fpv4-sp/hard\libc_nano.a(lib_a-nano-vfprintf_float.o)
                0x00000000080153bc                _printf_float
 .text._printf_common
                0x000000000801583c       0xea c:/st/stm32cubeide_1.5.1/stm32cubeide/plugins/com.st.stm32cube.ide.mcu.externaltools.gnu-tools-for-stm32.7-2018-q2-update.win32_1.5.0.202011040924/tools/bin/../lib/gcc/arm-none-eabi/7.3.1/../../../../arm-none-eabi/lib/thumb/v7e-m/fpv4-sp/hard\libc_nano.a(lib_a-nano-vfprintf_i.o)
                0x000000000801583c                _printf_common
 *fill*         0x0000000008015926        0x2 
 .text._printf_i
                0x0000000008015928      0x224 c:/st/stm32cubeide_1.5.1/stm32cubeide/plugins/com.st.stm32cube.ide.mcu.externaltools.gnu-tools-for-stm32.7-2018-q2-update.win32_1.5.0.202011040924/tools/bin/../lib/gcc/arm-none-eabi/7.3.1/../../../../arm-none-eabi/lib/thumb/v7e-m/fpv4-sp/hard\libc_nano.a(lib_a-nano-vfprintf_i.o)
                0x0000000008015928                _printf_i
 .text._scanf_float
                0x0000000008015b4c      0x3c4 c:/st/stm32cubeide_1.5.1/stm32cubeide/plugins/com.st.stm32cube.ide.mcu.externaltools.gnu-tools-for-stm32.7-2018-q2-update.win32_1.5.0.202011040924/tools/bin/../lib/gcc/arm-none-eabi/7.3.1/../../../../arm-none-eabi/lib/thumb/v7e-m/fpv4-sp/hard\libc_nano.a(lib_a-nano-vfscanf_float.o)
                0x0000000008015b4c                _scanf_float
 .text.printf   0x0000000008015f10       0x30 c:/st/stm32cubeide_1.5.1/stm32cubeide/plugins/com.st.stm32cube.ide.mcu.externaltools.gnu-tools-for-stm32.7-2018-q2-update.win32_1.5.0.202011040924/tools/bin/../lib/gcc/arm-none-eabi/7.3.1/../../../../arm-none-eabi/lib/thumb/v7e-m/fpv4-sp/hard\libc_nano.a(lib_a-printf.o)
                0x0000000008015f10                iprintf
                0x0000000008015f10                printf
 .text._puts_r  0x0000000008015f40       0xb8 c:/st/stm32cubeide_1.5.1/stm32cubeide/plugins/com.st.stm32cube.ide.mcu.externaltools.gnu-tools-for-stm32.7-2018-q2-update.win32_1.5.0.202011040924/tools/bin/../lib/gcc/arm-none-eabi/7.3.1/../../../../arm-none-eabi/lib/thumb/v7e-m/fpv4-sp/hard\libc_nano.a(lib_a-puts.o)
                0x0000000008015f40                _puts_r
 .text.puts     0x0000000008015ff8       0x10 c:/st/stm32cubeide_1.5.1/stm32cubeide/plugins/com.st.stm32cube.ide.mcu.externaltools.gnu-tools-for-stm32.7-2018-q2-update.win32_1.5.0.202011040924/tools/bin/../lib/gcc/arm-none-eabi/7.3.1/../../../../arm-none-eabi/lib/thumb/v7e-m/fpv4-sp/hard\libc_nano.a(lib_a-puts.o)
                0x0000000008015ff8                puts
 .text.scanf    0x0000000008016008       0x30 c:/st/stm32cubeide_1.5.1/stm32cubeide/plugins/com.st.stm32cube.ide.mcu.externaltools.gnu-tools-for-stm32.7-2018-q2-update.win32_1.5.0.202011040924/tools/bin/../lib/gcc/arm-none-eabi/7.3.1/../../../../arm-none-eabi/lib/thumb/v7e-m/fpv4-sp/hard\libc_nano.a(lib_a-scanf.o)
                0x0000000008016008                scanf
                0x0000000008016008                iscanf
 .text.setbuf   0x0000000008016038       0x10 c:/st/stm32cubeide_1.5.1/stm32cubeide/plugins/com.st.stm32cube.ide.mcu.externaltools.gnu-tools-for-stm32.7-2018-q2-update.win32_1.5.0.202011040924/tools/bin/../lib/gcc/arm-none-eabi/7.3.1/../../../../arm-none-eabi/lib/thumb/v7e-m/fpv4-sp/hard\libc_nano.a(lib_a-setbuf.o)
                0x0000000008016038                setbuf
 .text.setvbuf  0x0000000008016048      0x15c c:/st/stm32cubeide_1.5.1/stm32cubeide/plugins/com.st.stm32cube.ide.mcu.externaltools.gnu-tools-for-stm32.7-2018-q2-update.win32_1.5.0.202011040924/tools/bin/../lib/gcc/arm-none-eabi/7.3.1/../../../../arm-none-eabi/lib/thumb/v7e-m/fpv4-sp/hard\libc_nano.a(lib_a-setvbuf.o)
                0x0000000008016048                setvbuf
 .text.nanf     0x00000000080161a4        0xc c:/st/stm32cubeide_1.5.1/stm32cubeide/plugins/com.st.stm32cube.ide.mcu.externaltools.gnu-tools-for-stm32.7-2018-q2-update.win32_1.5.0.202011040924/tools/bin/../lib/gcc/arm-none-eabi/7.3.1/../../../../arm-none-eabi/lib/thumb/v7e-m/fpv4-sp/hard\libc_nano.a(lib_a-sf_nan.o)
                0x00000000080161a4                nanf
 .text.sprintf  0x00000000080161b0       0x40 c:/st/stm32cubeide_1.5.1/stm32cubeide/plugins/com.st.stm32cube.ide.mcu.externaltools.gnu-tools-for-stm32.7-2018-q2-update.win32_1.5.0.202011040924/tools/bin/../lib/gcc/arm-none-eabi/7.3.1/../../../../arm-none-eabi/lib/thumb/v7e-m/fpv4-sp/hard\libc_nano.a(lib_a-sprintf.o)
                0x00000000080161b0                siprintf
                0x00000000080161b0                sprintf
 .text.unlikely.sulp
                0x00000000080161f0       0x38 c:/st/stm32cubeide_1.5.1/stm32cubeide/plugins/com.st.stm32cube.ide.mcu.externaltools.gnu-tools-for-stm32.7-2018-q2-update.win32_1.5.0.202011040924/tools/bin/../lib/gcc/arm-none-eabi/7.3.1/../../../../arm-none-eabi/lib/thumb/v7e-m/fpv4-sp/hard\libc_nano.a(lib_a-strtod.o)
 .text._strtod_l
                0x0000000008016228      0xbe8 c:/st/stm32cubeide_1.5.1/stm32cubeide/plugins/com.st.stm32cube.ide.mcu.externaltools.gnu-tools-for-stm32.7-2018-q2-update.win32_1.5.0.202011040924/tools/bin/../lib/gcc/arm-none-eabi/7.3.1/../../../../arm-none-eabi/lib/thumb/v7e-m/fpv4-sp/hard\libc_nano.a(lib_a-strtod.o)
                0x0000000008016228                _strtod_l
 .text._strtod_r
                0x0000000008016e10       0x20 c:/st/stm32cubeide_1.5.1/stm32cubeide/plugins/com.st.stm32cube.ide.mcu.externaltools.gnu-tools-for-stm32.7-2018-q2-update.win32_1.5.0.202011040924/tools/bin/../lib/gcc/arm-none-eabi/7.3.1/../../../../arm-none-eabi/lib/thumb/v7e-m/fpv4-sp/hard\libc_nano.a(lib_a-strtod.o)
                0x0000000008016e10                _strtod_r
 .text._strtol_l.isra.0
                0x0000000008016e30       0xf6 c:/st/stm32cubeide_1.5.1/stm32cubeide/plugins/com.st.stm32cube.ide.mcu.externaltools.gnu-tools-for-stm32.7-2018-q2-update.win32_1.5.0.202011040924/tools/bin/../lib/gcc/arm-none-eabi/7.3.1/../../../../arm-none-eabi/lib/thumb/v7e-m/fpv4-sp/hard\libc_nano.a(lib_a-strtol.o)
 *fill*         0x0000000008016f26        0x2 
 .text._strtol_r
                0x0000000008016f28       0x24 c:/st/stm32cubeide_1.5.1/stm32cubeide/plugins/com.st.stm32cube.ide.mcu.externaltools.gnu-tools-for-stm32.7-2018-q2-update.win32_1.5.0.202011040924/tools/bin/../lib/gcc/arm-none-eabi/7.3.1/../../../../arm-none-eabi/lib/thumb/v7e-m/fpv4-sp/hard\libc_nano.a(lib_a-strtol.o)
                0x0000000008016f28                _strtol_r
 .text.__swbuf_r
                0x0000000008016f4c       0xa4 c:/st/stm32cubeide_1.5.1/stm32cubeide/plugins/com.st.stm32cube.ide.mcu.externaltools.gnu-tools-for-stm32.7-2018-q2-update.win32_1.5.0.202011040924/tools/bin/../lib/gcc/arm-none-eabi/7.3.1/../../../../arm-none-eabi/lib/thumb/v7e-m/fpv4-sp/hard\libc_nano.a(lib_a-wbuf.o)
                0x0000000008016f4c                __swbuf_r
 .text.__swsetup_r
                0x0000000008016ff0       0xdc c:/st/stm32cubeide_1.5.1/stm32cubeide/plugins/com.st.stm32cube.ide.mcu.externaltools.gnu-tools-for-stm32.7-2018-q2-update.win32_1.5.0.202011040924/tools/bin/../lib/gcc/arm-none-eabi/7.3.1/../../../../arm-none-eabi/lib/thumb/v7e-m/fpv4-sp/hard\libc_nano.a(lib_a-wsetup.o)
                0x0000000008016ff0                __swsetup_r
 .text.quorem   0x00000000080170cc      0x118 c:/st/stm32cubeide_1.5.1/stm32cubeide/plugins/com.st.stm32cube.ide.mcu.externaltools.gnu-tools-for-stm32.7-2018-q2-update.win32_1.5.0.202011040924/tools/bin/../lib/gcc/arm-none-eabi/7.3.1/../../../../arm-none-eabi/lib/thumb/v7e-m/fpv4-sp/hard\libc_nano.a(lib_a-dtoa.o)
 *fill*         0x00000000080171e4        0x4 
 .text._dtoa_r  0x00000000080171e8      0xb70 c:/st/stm32cubeide_1.5.1/stm32cubeide/plugins/com.st.stm32cube.ide.mcu.externaltools.gnu-tools-for-stm32.7-2018-q2-update.win32_1.5.0.202011040924/tools/bin/../lib/gcc/arm-none-eabi/7.3.1/../../../../arm-none-eabi/lib/thumb/v7e-m/fpv4-sp/hard\libc_nano.a(lib_a-dtoa.o)
                0x00000000080171e8                _dtoa_r
 .text.__sflush_r
                0x0000000008017d58      0x10c c:/st/stm32cubeide_1.5.1/stm32cubeide/plugins/com.st.stm32cube.ide.mcu.externaltools.gnu-tools-for-stm32.7-2018-q2-update.win32_1.5.0.202011040924/tools/bin/../lib/gcc/arm-none-eabi/7.3.1/../../../../arm-none-eabi/lib/thumb/v7e-m/fpv4-sp/hard\libc_nano.a(lib_a-fflush.o)
                0x0000000008017d58                __sflush_r
 .text._fflush_r
                0x0000000008017e64       0x54 c:/st/stm32cubeide_1.5.1/stm32cubeide/plugins/com.st.stm32cube.ide.mcu.externaltools.gnu-tools-for-stm32.7-2018-q2-update.win32_1.5.0.202011040924/tools/bin/../lib/gcc/arm-none-eabi/7.3.1/../../../../arm-none-eabi/lib/thumb/v7e-m/fpv4-sp/hard\libc_nano.a(lib_a-fflush.o)
                0x0000000008017e64                _fflush_r
 .text.fflush   0x0000000008017eb8       0x24 c:/st/stm32cubeide_1.5.1/stm32cubeide/plugins/com.st.stm32cube.ide.mcu.externaltools.gnu-tools-for-stm32.7-2018-q2-update.win32_1.5.0.202011040924/tools/bin/../lib/gcc/arm-none-eabi/7.3.1/../../../../arm-none-eabi/lib/thumb/v7e-m/fpv4-sp/hard\libc_nano.a(lib_a-fflush.o)
                0x0000000008017eb8                fflush
 .text.std      0x0000000008017edc       0x48 c:/st/stm32cubeide_1.5.1/stm32cubeide/plugins/com.st.stm32cube.ide.mcu.externaltools.gnu-tools-for-stm32.7-2018-q2-update.win32_1.5.0.202011040924/tools/bin/../lib/gcc/arm-none-eabi/7.3.1/../../../../arm-none-eabi/lib/thumb/v7e-m/fpv4-sp/hard\libc_nano.a(lib_a-findfp.o)
 .text._cleanup_r
                0x0000000008017f24        0xc c:/st/stm32cubeide_1.5.1/stm32cubeide/plugins/com.st.stm32cube.ide.mcu.externaltools.gnu-tools-for-stm32.7-2018-q2-update.win32_1.5.0.202011040924/tools/bin/../lib/gcc/arm-none-eabi/7.3.1/../../../../arm-none-eabi/lib/thumb/v7e-m/fpv4-sp/hard\libc_nano.a(lib_a-findfp.o)
                0x0000000008017f24                _cleanup_r
 .text.__sfmoreglue
                0x0000000008017f30       0x2c c:/st/stm32cubeide_1.5.1/stm32cubeide/plugins/com.st.stm32cube.ide.mcu.externaltools.gnu-tools-for-stm32.7-2018-q2-update.win32_1.5.0.202011040924/tools/bin/../lib/gcc/arm-none-eabi/7.3.1/../../../../arm-none-eabi/lib/thumb/v7e-m/fpv4-sp/hard\libc_nano.a(lib_a-findfp.o)
                0x0000000008017f30                __sfmoreglue
 .text.__sinit  0x0000000008017f5c       0x60 c:/st/stm32cubeide_1.5.1/stm32cubeide/plugins/com.st.stm32cube.ide.mcu.externaltools.gnu-tools-for-stm32.7-2018-q2-update.win32_1.5.0.202011040924/tools/bin/../lib/gcc/arm-none-eabi/7.3.1/../../../../arm-none-eabi/lib/thumb/v7e-m/fpv4-sp/hard\libc_nano.a(lib_a-findfp.o)
                0x0000000008017f5c                __sinit
 .text.__sfp    0x0000000008017fbc       0x78 c:/st/stm32cubeide_1.5.1/stm32cubeide/plugins/com.st.stm32cube.ide.mcu.externaltools.gnu-tools-for-stm32.7-2018-q2-update.win32_1.5.0.202011040924/tools/bin/../lib/gcc/arm-none-eabi/7.3.1/../../../../arm-none-eabi/lib/thumb/v7e-m/fpv4-sp/hard\libc_nano.a(lib_a-findfp.o)
                0x0000000008017fbc                __sfp
 .text._fwalk   0x0000000008018034       0x38 c:/st/stm32cubeide_1.5.1/stm32cubeide/plugins/com.st.stm32cube.ide.mcu.externaltools.gnu-tools-for-stm32.7-2018-q2-update.win32_1.5.0.202011040924/tools/bin/../lib/gcc/arm-none-eabi/7.3.1/../../../../arm-none-eabi/lib/thumb/v7e-m/fpv4-sp/hard\libc_nano.a(lib_a-fwalk.o)
                0x0000000008018034                _fwalk
 .text._fwalk_reent
                0x000000000801806c       0x3c c:/st/stm32cubeide_1.5.1/stm32cubeide/plugins/com.st.stm32cube.ide.mcu.externaltools.gnu-tools-for-stm32.7-2018-q2-update.win32_1.5.0.202011040924/tools/bin/../lib/gcc/arm-none-eabi/7.3.1/../../../../arm-none-eabi/lib/thumb/v7e-m/fpv4-sp/hard\libc_nano.a(lib_a-fwalk.o)
                0x000000000801806c                _fwalk_reent
 .text.rshift   0x00000000080180a8       0x74 c:/st/stm32cubeide_1.5.1/stm32cubeide/plugins/com.st.stm32cube.ide.mcu.externaltools.gnu-tools-for-stm32.7-2018-q2-update.win32_1.5.0.202011040924/tools/bin/../lib/gcc/arm-none-eabi/7.3.1/../../../../arm-none-eabi/lib/thumb/v7e-m/fpv4-sp/hard\libc_nano.a(lib_a-gdtoa-gethex.o)
 .text.__hexdig_fun
                0x000000000801811c       0x2a c:/st/stm32cubeide_1.5.1/stm32cubeide/plugins/com.st.stm32cube.ide.mcu.externaltools.gnu-tools-for-stm32.7-2018-q2-update.win32_1.5.0.202011040924/tools/bin/../lib/gcc/arm-none-eabi/7.3.1/../../../../arm-none-eabi/lib/thumb/v7e-m/fpv4-sp/hard\libc_nano.a(lib_a-gdtoa-gethex.o)
                0x000000000801811c                __hexdig_fun
 .text.__gethex
                0x0000000008018146      0x442 c:/st/stm32cubeide_1.5.1/stm32cubeide/plugins/com.st.stm32cube.ide.mcu.externaltools.gnu-tools-for-stm32.7-2018-q2-update.win32_1.5.0.202011040924/tools/bin/../lib/gcc/arm-none-eabi/7.3.1/../../../../arm-none-eabi/lib/thumb/v7e-m/fpv4-sp/hard\libc_nano.a(lib_a-gdtoa-gethex.o)
                0x0000000008018146                __gethex
 .text.L_shift  0x0000000008018588       0x24 c:/st/stm32cubeide_1.5.1/stm32cubeide/plugins/com.st.stm32cube.ide.mcu.externaltools.gnu-tools-for-stm32.7-2018-q2-update.win32_1.5.0.202011040924/tools/bin/../lib/gcc/arm-none-eabi/7.3.1/../../../../arm-none-eabi/lib/thumb/v7e-m/fpv4-sp/hard\libc_nano.a(lib_a-gdtoa-hexnan.o)
 .text.__match  0x00000000080185ac       0x28 c:/st/stm32cubeide_1.5.1/stm32cubeide/plugins/com.st.stm32cube.ide.mcu.externaltools.gnu-tools-for-stm32.7-2018-q2-update.win32_1.5.0.202011040924/tools/bin/../lib/gcc/arm-none-eabi/7.3.1/../../../../arm-none-eabi/lib/thumb/v7e-m/fpv4-sp/hard\libc_nano.a(lib_a-gdtoa-hexnan.o)
                0x00000000080185ac                __match
 .text.__hexnan
                0x00000000080185d4      0x120 c:/st/stm32cubeide_1.5.1/stm32cubeide/plugins/com.st.stm32cube.ide.mcu.externaltools.gnu-tools-for-stm32.7-2018-q2-update.win32_1.5.0.202011040924/tools/bin/../lib/gcc/arm-none-eabi/7.3.1/../../../../arm-none-eabi/lib/thumb/v7e-m/fpv4-sp/hard\libc_nano.a(lib_a-gdtoa-hexnan.o)
                0x00000000080185d4                __hexnan
 .text.__locale_ctype_ptr_l
                0x00000000080186f4        0x6 c:/st/stm32cubeide_1.5.1/stm32cubeide/plugins/com.st.stm32cube.ide.mcu.externaltools.gnu-tools-for-stm32.7-2018-q2-update.win32_1.5.0.202011040924/tools/bin/../lib/gcc/arm-none-eabi/7.3.1/../../../../arm-none-eabi/lib/thumb/v7e-m/fpv4-sp/hard\libc_nano.a(lib_a-locale.o)
                0x00000000080186f4                __locale_ctype_ptr_l
 *fill*         0x00000000080186fa        0x2 
 .text.__locale_ctype_ptr
                0x00000000080186fc       0x1c c:/st/stm32cubeide_1.5.1/stm32cubeide/plugins/com.st.stm32cube.ide.mcu.externaltools.gnu-tools-for-stm32.7-2018-q2-update.win32_1.5.0.202011040924/tools/bin/../lib/gcc/arm-none-eabi/7.3.1/../../../../arm-none-eabi/lib/thumb/v7e-m/fpv4-sp/hard\libc_nano.a(lib_a-locale.o)
                0x00000000080186fc                __locale_ctype_ptr
 .text.__localeconv_l
                0x0000000008018718        0x4 c:/st/stm32cubeide_1.5.1/stm32cubeide/plugins/com.st.stm32cube.ide.mcu.externaltools.gnu-tools-for-stm32.7-2018-q2-update.win32_1.5.0.202011040924/tools/bin/../lib/gcc/arm-none-eabi/7.3.1/../../../../arm-none-eabi/lib/thumb/v7e-m/fpv4-sp/hard\libc_nano.a(lib_a-localeconv.o)
                0x0000000008018718                __localeconv_l
 .text._localeconv_r
                0x000000000801871c       0x1c c:/st/stm32cubeide_1.5.1/stm32cubeide/plugins/com.st.stm32cube.ide.mcu.externaltools.gnu-tools-for-stm32.7-2018-q2-update.win32_1.5.0.202011040924/tools/bin/../lib/gcc/arm-none-eabi/7.3.1/../../../../arm-none-eabi/lib/thumb/v7e-m/fpv4-sp/hard\libc_nano.a(lib_a-localeconv.o)
                0x000000000801871c                _localeconv_r
 .text.__swhatbuf_r
                0x0000000008018738       0x48 c:/st/stm32cubeide_1.5.1/stm32cubeide/plugins/com.st.stm32cube.ide.mcu.externaltools.gnu-tools-for-stm32.7-2018-q2-update.win32_1.5.0.202011040924/tools/bin/../lib/gcc/arm-none-eabi/7.3.1/../../../../arm-none-eabi/lib/thumb/v7e-m/fpv4-sp/hard\libc_nano.a(lib_a-makebuf.o)
                0x0000000008018738                __swhatbuf_r
 .text.__smakebuf_r
                0x0000000008018780       0x80 c:/st/stm32cubeide_1.5.1/stm32cubeide/plugins/com.st.stm32cube.ide.mcu.externaltools.gnu-tools-for-stm32.7-2018-q2-update.win32_1.5.0.202011040924/tools/bin/../lib/gcc/arm-none-eabi/7.3.1/../../../../arm-none-eabi/lib/thumb/v7e-m/fpv4-sp/hard\libc_nano.a(lib_a-makebuf.o)
                0x0000000008018780                __smakebuf_r
 .text.malloc   0x0000000008018800       0x10 c:/st/stm32cubeide_1.5.1/stm32cubeide/plugins/com.st.stm32cube.ide.mcu.externaltools.gnu-tools-for-stm32.7-2018-q2-update.win32_1.5.0.202011040924/tools/bin/../lib/gcc/arm-none-eabi/7.3.1/../../../../arm-none-eabi/lib/thumb/v7e-m/fpv4-sp/hard\libc_nano.a(lib_a-malloc.o)
                0x0000000008018800                malloc
 .text.__ascii_mbtowc
                0x0000000008018810       0x24 c:/st/stm32cubeide_1.5.1/stm32cubeide/plugins/com.st.stm32cube.ide.mcu.externaltools.gnu-tools-for-stm32.7-2018-q2-update.win32_1.5.0.202011040924/tools/bin/../lib/gcc/arm-none-eabi/7.3.1/../../../../arm-none-eabi/lib/thumb/v7e-m/fpv4-sp/hard\libc_nano.a(lib_a-mbtowc_r.o)
                0x0000000008018810                __ascii_mbtowc
 .text._Balloc  0x0000000008018834       0x68 c:/st/stm32cubeide_1.5.1/stm32cubeide/plugins/com.st.stm32cube.ide.mcu.externaltools.gnu-tools-for-stm32.7-2018-q2-update.win32_1.5.0.202011040924/tools/bin/../lib/gcc/arm-none-eabi/7.3.1/../../../../arm-none-eabi/lib/thumb/v7e-m/fpv4-sp/hard\libc_nano.a(lib_a-mprec.o)
                0x0000000008018834                _Balloc
 .text._Bfree   0x000000000801889c       0x2e c:/st/stm32cubeide_1.5.1/stm32cubeide/plugins/com.st.stm32cube.ide.mcu.externaltools.gnu-tools-for-stm32.7-2018-q2-update.win32_1.5.0.202011040924/tools/bin/../lib/gcc/arm-none-eabi/7.3.1/../../../../arm-none-eabi/lib/thumb/v7e-m/fpv4-sp/hard\libc_nano.a(lib_a-mprec.o)
                0x000000000801889c                _Bfree
 .text.__multadd
                0x00000000080188ca       0x76 c:/st/stm32cubeide_1.5.1/stm32cubeide/plugins/com.st.stm32cube.ide.mcu.externaltools.gnu-tools-for-stm32.7-2018-q2-update.win32_1.5.0.202011040924/tools/bin/../lib/gcc/arm-none-eabi/7.3.1/../../../../arm-none-eabi/lib/thumb/v7e-m/fpv4-sp/hard\libc_nano.a(lib_a-mprec.o)
                0x00000000080188ca                __multadd
 .text.__s2b    0x0000000008018940       0x7c c:/st/stm32cubeide_1.5.1/stm32cubeide/plugins/com.st.stm32cube.ide.mcu.externaltools.gnu-tools-for-stm32.7-2018-q2-update.win32_1.5.0.202011040924/tools/bin/../lib/gcc/arm-none-eabi/7.3.1/../../../../arm-none-eabi/lib/thumb/v7e-m/fpv4-sp/hard\libc_nano.a(lib_a-mprec.o)
                0x0000000008018940                __s2b
 .text.__hi0bits
                0x00000000080189bc       0x3e c:/st/stm32cubeide_1.5.1/stm32cubeide/plugins/com.st.stm32cube.ide.mcu.externaltools.gnu-tools-for-stm32.7-2018-q2-update.win32_1.5.0.202011040924/tools/bin/../lib/gcc/arm-none-eabi/7.3.1/../../../../arm-none-eabi/lib/thumb/v7e-m/fpv4-sp/hard\libc_nano.a(lib_a-mprec.o)
                0x00000000080189bc                __hi0bits
 .text.__lo0bits
                0x00000000080189fa       0x5e c:/st/stm32cubeide_1.5.1/stm32cubeide/plugins/com.st.stm32cube.ide.mcu.externaltools.gnu-tools-for-stm32.7-2018-q2-update.win32_1.5.0.202011040924/tools/bin/../lib/gcc/arm-none-eabi/7.3.1/../../../../arm-none-eabi/lib/thumb/v7e-m/fpv4-sp/hard\libc_nano.a(lib_a-mprec.o)
                0x00000000080189fa                __lo0bits
 .text.__i2b    0x0000000008018a58       0x12 c:/st/stm32cubeide_1.5.1/stm32cubeide/plugins/com.st.stm32cube.ide.mcu.externaltools.gnu-tools-for-stm32.7-2018-q2-update.win32_1.5.0.202011040924/tools/bin/../lib/gcc/arm-none-eabi/7.3.1/../../../../arm-none-eabi/lib/thumb/v7e-m/fpv4-sp/hard\libc_nano.a(lib_a-mprec.o)
                0x0000000008018a58                __i2b
 .text.__multiply
                0x0000000008018a6a      0x12c c:/st/stm32cubeide_1.5.1/stm32cubeide/plugins/com.st.stm32cube.ide.mcu.externaltools.gnu-tools-for-stm32.7-2018-q2-update.win32_1.5.0.202011040924/tools/bin/../lib/gcc/arm-none-eabi/7.3.1/../../../../arm-none-eabi/lib/thumb/v7e-m/fpv4-sp/hard\libc_nano.a(lib_a-mprec.o)
                0x0000000008018a6a                __multiply
 *fill*         0x0000000008018b96        0x2 
 .text.__pow5mult
                0x0000000008018b98       0x9c c:/st/stm32cubeide_1.5.1/stm32cubeide/plugins/com.st.stm32cube.ide.mcu.externaltools.gnu-tools-for-stm32.7-2018-q2-update.win32_1.5.0.202011040924/tools/bin/../lib/gcc/arm-none-eabi/7.3.1/../../../../arm-none-eabi/lib/thumb/v7e-m/fpv4-sp/hard\libc_nano.a(lib_a-mprec.o)
                0x0000000008018b98                __pow5mult
 .text.__lshift
                0x0000000008018c34       0xa8 c:/st/stm32cubeide_1.5.1/stm32cubeide/plugins/com.st.stm32cube.ide.mcu.externaltools.gnu-tools-for-stm32.7-2018-q2-update.win32_1.5.0.202011040924/tools/bin/../lib/gcc/arm-none-eabi/7.3.1/../../../../arm-none-eabi/lib/thumb/v7e-m/fpv4-sp/hard\libc_nano.a(lib_a-mprec.o)
                0x0000000008018c34                __lshift
 .text.__mcmp   0x0000000008018cdc       0x34 c:/st/stm32cubeide_1.5.1/stm32cubeide/plugins/com.st.stm32cube.ide.mcu.externaltools.gnu-tools-for-stm32.7-2018-q2-update.win32_1.5.0.202011040924/tools/bin/../lib/gcc/arm-none-eabi/7.3.1/../../../../arm-none-eabi/lib/thumb/v7e-m/fpv4-sp/hard\libc_nano.a(lib_a-mprec.o)
                0x0000000008018cdc                __mcmp
 .text.__mdiff  0x0000000008018d10       0xba c:/st/stm32cubeide_1.5.1/stm32cubeide/plugins/com.st.stm32cube.ide.mcu.externaltools.gnu-tools-for-stm32.7-2018-q2-update.win32_1.5.0.202011040924/tools/bin/../lib/gcc/arm-none-eabi/7.3.1/../../../../arm-none-eabi/lib/thumb/v7e-m/fpv4-sp/hard\libc_nano.a(lib_a-mprec.o)
                0x0000000008018d10                __mdiff
 *fill*         0x0000000008018dca        0x2 
 .text.__ulp    0x0000000008018dcc       0x50 c:/st/stm32cubeide_1.5.1/stm32cubeide/plugins/com.st.stm32cube.ide.mcu.externaltools.gnu-tools-for-stm32.7-2018-q2-update.win32_1.5.0.202011040924/tools/bin/../lib/gcc/arm-none-eabi/7.3.1/../../../../arm-none-eabi/lib/thumb/v7e-m/fpv4-sp/hard\libc_nano.a(lib_a-mprec.o)
                0x0000000008018dcc                __ulp
 .text.__b2d    0x0000000008018e1c       0x9c c:/st/stm32cubeide_1.5.1/stm32cubeide/plugins/com.st.stm32cube.ide.mcu.externaltools.gnu-tools-for-stm32.7-2018-q2-update.win32_1.5.0.202011040924/tools/bin/../lib/gcc/arm-none-eabi/7.3.1/../../../../arm-none-eabi/lib/thumb/v7e-m/fpv4-sp/hard\libc_nano.a(lib_a-mprec.o)
                0x0000000008018e1c                __b2d
 .text.__d2b    0x0000000008018eb8       0x9e c:/st/stm32cubeide_1.5.1/stm32cubeide/plugins/com.st.stm32cube.ide.mcu.externaltools.gnu-tools-for-stm32.7-2018-q2-update.win32_1.5.0.202011040924/tools/bin/../lib/gcc/arm-none-eabi/7.3.1/../../../../arm-none-eabi/lib/thumb/v7e-m/fpv4-sp/hard\libc_nano.a(lib_a-mprec.o)
                0x0000000008018eb8                __d2b
 .text.__ratio  0x0000000008018f56       0x66 c:/st/stm32cubeide_1.5.1/stm32cubeide/plugins/com.st.stm32cube.ide.mcu.externaltools.gnu-tools-for-stm32.7-2018-q2-update.win32_1.5.0.202011040924/tools/bin/../lib/gcc/arm-none-eabi/7.3.1/../../../../arm-none-eabi/lib/thumb/v7e-m/fpv4-sp/hard\libc_nano.a(lib_a-mprec.o)
                0x0000000008018f56                __ratio
 .text.__copybits
                0x0000000008018fbc       0x34 c:/st/stm32cubeide_1.5.1/stm32cubeide/plugins/com.st.stm32cube.ide.mcu.externaltools.gnu-tools-for-stm32.7-2018-q2-update.win32_1.5.0.202011040924/tools/bin/../lib/gcc/arm-none-eabi/7.3.1/../../../../arm-none-eabi/lib/thumb/v7e-m/fpv4-sp/hard\libc_nano.a(lib_a-mprec.o)
                0x0000000008018fbc                __copybits
 .text.__any_on
                0x0000000008018ff0       0x42 c:/st/stm32cubeide_1.5.1/stm32cubeide/plugins/com.st.stm32cube.ide.mcu.externaltools.gnu-tools-for-stm32.7-2018-q2-update.win32_1.5.0.202011040924/tools/bin/../lib/gcc/arm-none-eabi/7.3.1/../../../../arm-none-eabi/lib/thumb/v7e-m/fpv4-sp/hard\libc_nano.a(lib_a-mprec.o)
                0x0000000008018ff0                __any_on
 .text._calloc_r
                0x0000000008019032       0x1c c:/st/stm32cubeide_1.5.1/stm32cubeide/plugins/com.st.stm32cube.ide.mcu.externaltools.gnu-tools-for-stm32.7-2018-q2-update.win32_1.5.0.202011040924/tools/bin/../lib/gcc/arm-none-eabi/7.3.1/../../../../arm-none-eabi/lib/thumb/v7e-m/fpv4-sp/hard\libc_nano.a(lib_a-nano-callocr.o)
                0x0000000008019032                _calloc_r
 *fill*         0x000000000801904e        0x2 
 .text._free_r  0x0000000008019050       0x9c c:/st/stm32cubeide_1.5.1/stm32cubeide/plugins/com.st.stm32cube.ide.mcu.externaltools.gnu-tools-for-stm32.7-2018-q2-update.win32_1.5.0.202011040924/tools/bin/../lib/gcc/arm-none-eabi/7.3.1/../../../../arm-none-eabi/lib/thumb/v7e-m/fpv4-sp/hard\libc_nano.a(lib_a-nano-freer.o)
                0x0000000008019050                _free_r
 .text._malloc_r
                0x00000000080190ec       0xb4 c:/st/stm32cubeide_1.5.1/stm32cubeide/plugins/com.st.stm32cube.ide.mcu.externaltools.gnu-tools-for-stm32.7-2018-q2-update.win32_1.5.0.202011040924/tools/bin/../lib/gcc/arm-none-eabi/7.3.1/../../../../arm-none-eabi/lib/thumb/v7e-m/fpv4-sp/hard\libc_nano.a(lib_a-nano-mallocr.o)
                0x00000000080190ec                _malloc_r
 .text.__ssputs_r
                0x00000000080191a0       0xb4 c:/st/stm32cubeide_1.5.1/stm32cubeide/plugins/com.st.stm32cube.ide.mcu.externaltools.gnu-tools-for-stm32.7-2018-q2-update.win32_1.5.0.202011040924/tools/bin/../lib/gcc/arm-none-eabi/7.3.1/../../../../arm-none-eabi/lib/thumb/v7e-m/fpv4-sp/hard\libc_nano.a(lib_a-nano-svfprintf.o)
                0x00000000080191a0                __ssputs_r
 .text._svfprintf_r
                0x0000000008019254      0x1f0 c:/st/stm32cubeide_1.5.1/stm32cubeide/plugins/com.st.stm32cube.ide.mcu.externaltools.gnu-tools-for-stm32.7-2018-q2-update.win32_1.5.0.202011040924/tools/bin/../lib/gcc/arm-none-eabi/7.3.1/../../../../arm-none-eabi/lib/thumb/v7e-m/fpv4-sp/hard\libc_nano.a(lib_a-nano-svfprintf.o)
                0x0000000008019254                _svfiprintf_r
                0x0000000008019254                _svfprintf_r
 .text.__sfputc_r
                0x0000000008019444       0x2e c:/st/stm32cubeide_1.5.1/stm32cubeide/plugins/com.st.stm32cube.ide.mcu.externaltools.gnu-tools-for-stm32.7-2018-q2-update.win32_1.5.0.202011040924/tools/bin/../lib/gcc/arm-none-eabi/7.3.1/../../../../arm-none-eabi/lib/thumb/v7e-m/fpv4-sp/hard\libc_nano.a(lib_a-nano-vfprintf.o)
 .text.__sfputs_r
                0x0000000008019472       0x24 c:/st/stm32cubeide_1.5.1/stm32cubeide/plugins/com.st.stm32cube.ide.mcu.externaltools.gnu-tools-for-stm32.7-2018-q2-update.win32_1.5.0.202011040924/tools/bin/../lib/gcc/arm-none-eabi/7.3.1/../../../../arm-none-eabi/lib/thumb/v7e-m/fpv4-sp/hard\libc_nano.a(lib_a-nano-vfprintf.o)
                0x0000000008019472                __sfputs_r
 *fill*         0x0000000008019496        0x2 
 .text._vfprintf_r
                0x0000000008019498      0x22c c:/st/stm32cubeide_1.5.1/stm32cubeide/plugins/com.st.stm32cube.ide.mcu.externaltools.gnu-tools-for-stm32.7-2018-q2-update.win32_1.5.0.202011040924/tools/bin/../lib/gcc/arm-none-eabi/7.3.1/../../../../arm-none-eabi/lib/thumb/v7e-m/fpv4-sp/hard\libc_nano.a(lib_a-nano-vfprintf.o)
                0x0000000008019498                _vfprintf_r
                0x0000000008019498                _vfiprintf_r
 .text.__svfscanf_r
                0x00000000080196c4      0x2a0 c:/st/stm32cubeide_1.5.1/stm32cubeide/plugins/com.st.stm32cube.ide.mcu.externaltools.gnu-tools-for-stm32.7-2018-q2-update.win32_1.5.0.202011040924/tools/bin/../lib/gcc/arm-none-eabi/7.3.1/../../../../arm-none-eabi/lib/thumb/v7e-m/fpv4-sp/hard\libc_nano.a(lib_a-nano-vfscanf.o)
                0x00000000080196c4                __svfscanf_r
                0x00000000080196c4                __svfiscanf_r
 .text._vfscanf_r
                0x0000000008019964       0x50 c:/st/stm32cubeide_1.5.1/stm32cubeide/plugins/com.st.stm32cube.ide.mcu.externaltools.gnu-tools-for-stm32.7-2018-q2-update.win32_1.5.0.202011040924/tools/bin/../lib/gcc/arm-none-eabi/7.3.1/../../../../arm-none-eabi/lib/thumb/v7e-m/fpv4-sp/hard\libc_nano.a(lib_a-nano-vfscanf.o)
                0x0000000008019964                _vfscanf_r
                0x0000000008019964                _vfiscanf_r
 .text._scanf_chars
                0x00000000080199b4       0xc6 c:/st/stm32cubeide_1.5.1/stm32cubeide/plugins/com.st.stm32cube.ide.mcu.externaltools.gnu-tools-for-stm32.7-2018-q2-update.win32_1.5.0.202011040924/tools/bin/../lib/gcc/arm-none-eabi/7.3.1/../../../../arm-none-eabi/lib/thumb/v7e-m/fpv4-sp/hard\libc_nano.a(lib_a-nano-vfscanf_i.o)
                0x00000000080199b4                _scanf_chars
 *fill*         0x0000000008019a7a        0x2 
 .text._scanf_i
                0x0000000008019a7c      0x1e8 c:/st/stm32cubeide_1.5.1/stm32cubeide/plugins/com.st.stm32cube.ide.mcu.externaltools.gnu-tools-for-stm32.7-2018-q2-update.win32_1.5.0.202011040924/tools/bin/../lib/gcc/arm-none-eabi/7.3.1/../../../../arm-none-eabi/lib/thumb/v7e-m/fpv4-sp/hard\libc_nano.a(lib_a-nano-vfscanf_i.o)
                0x0000000008019a7c                _scanf_i
 .text.lflush   0x0000000008019c64       0x12 c:/st/stm32cubeide_1.5.1/stm32cubeide/plugins/com.st.stm32cube.ide.mcu.externaltools.gnu-tools-for-stm32.7-2018-q2-update.win32_1.5.0.202011040924/tools/bin/../lib/gcc/arm-none-eabi/7.3.1/../../../../arm-none-eabi/lib/thumb/v7e-m/fpv4-sp/hard\libc_nano.a(lib_a-refill.o)
 *fill*         0x0000000008019c76        0x2 
 .text.__srefill_r
                0x0000000008019c78      0x118 c:/st/stm32cubeide_1.5.1/stm32cubeide/plugins/com.st.stm32cube.ide.mcu.externaltools.gnu-tools-for-stm32.7-2018-q2-update.win32_1.5.0.202011040924/tools/bin/../lib/gcc/arm-none-eabi/7.3.1/../../../../arm-none-eabi/lib/thumb/v7e-m/fpv4-sp/hard\libc_nano.a(lib_a-refill.o)
                0x0000000008019c78                __srefill_r
 .text._sbrk_r  0x0000000008019d90       0x20 c:/st/stm32cubeide_1.5.1/stm32cubeide/plugins/com.st.stm32cube.ide.mcu.externaltools.gnu-tools-for-stm32.7-2018-q2-update.win32_1.5.0.202011040924/tools/bin/../lib/gcc/arm-none-eabi/7.3.1/../../../../arm-none-eabi/lib/thumb/v7e-m/fpv4-sp/hard\libc_nano.a(lib_a-sbrkr.o)
                0x0000000008019d90                _sbrk_r
 .text.__sccl   0x0000000008019db0       0x64 c:/st/stm32cubeide_1.5.1/stm32cubeide/plugins/com.st.stm32cube.ide.mcu.externaltools.gnu-tools-for-stm32.7-2018-q2-update.win32_1.5.0.202011040924/tools/bin/../lib/gcc/arm-none-eabi/7.3.1/../../../../arm-none-eabi/lib/thumb/v7e-m/fpv4-sp/hard\libc_nano.a(lib_a-sccl.o)
                0x0000000008019db0                __sccl
 .text.__sread  0x0000000008019e14       0x22 c:/st/stm32cubeide_1.5.1/stm32cubeide/plugins/com.st.stm32cube.ide.mcu.externaltools.gnu-tools-for-stm32.7-2018-q2-update.win32_1.5.0.202011040924/tools/bin/../lib/gcc/arm-none-eabi/7.3.1/../../../../arm-none-eabi/lib/thumb/v7e-m/fpv4-sp/hard\libc_nano.a(lib_a-stdio.o)
                0x0000000008019e14                __sread
 .text.__swrite
                0x0000000008019e36       0x38 c:/st/stm32cubeide_1.5.1/stm32cubeide/plugins/com.st.stm32cube.ide.mcu.externaltools.gnu-tools-for-stm32.7-2018-q2-update.win32_1.5.0.202011040924/tools/bin/../lib/gcc/arm-none-eabi/7.3.1/../../../../arm-none-eabi/lib/thumb/v7e-m/fpv4-sp/hard\libc_nano.a(lib_a-stdio.o)
                0x0000000008019e36                __swrite
 .text.__sseek  0x0000000008019e6e       0x24 c:/st/stm32cubeide_1.5.1/stm32cubeide/plugins/com.st.stm32cube.ide.mcu.externaltools.gnu-tools-for-stm32.7-2018-q2-update.win32_1.5.0.202011040924/tools/bin/../lib/gcc/arm-none-eabi/7.3.1/../../../../arm-none-eabi/lib/thumb/v7e-m/fpv4-sp/hard\libc_nano.a(lib_a-stdio.o)
                0x0000000008019e6e                __sseek
 .text.__sclose
                0x0000000008019e92        0x8 c:/st/stm32cubeide_1.5.1/stm32cubeide/plugins/com.st.stm32cube.ide.mcu.externaltools.gnu-tools-for-stm32.7-2018-q2-update.win32_1.5.0.202011040924/tools/bin/../lib/gcc/arm-none-eabi/7.3.1/../../../../arm-none-eabi/lib/thumb/v7e-m/fpv4-sp/hard\libc_nano.a(lib_a-stdio.o)
                0x0000000008019e92                __sclose