Archive member included to satisfy reference by file (symbol)

c:/st2/stm32cubeide_1.5.1/stm32cubeide/plugins/com.st.stm32cube.ide.mcu.externaltools.gnu-tools-for-stm32.7-2018-q2-update.win32_1.5.0.202011040924/tools/bin/../lib/gcc/arm-none-eabi/7.3.1/../../../../arm-none-eabi/lib/thumb/v7e-m/fpv4-sp/hard\libm.a(lib_a-s_round.o)
                              Core/Src/PID_Control.o (round)
c:/st2/stm32cubeide_1.5.1/stm32cubeide/plugins/com.st.stm32cube.ide.mcu.externaltools.gnu-tools-for-stm32.7-2018-q2-update.win32_1.5.0.202011040924/tools/bin/../lib/gcc/arm-none-eabi/7.3.1/../../../../arm-none-eabi/lib/thumb/v7e-m/fpv4-sp/hard\libc_nano.a(lib_a-errno.o)
                              Core/Src/Add/syscalls.o (__errno)
c:/st2/stm32cubeide_1.5.1/stm32cubeide/plugins/com.st.stm32cube.ide.mcu.externaltools.gnu-tools-for-stm32.7-2018-q2-update.win32_1.5.0.202011040924/tools/bin/../lib/gcc/arm-none-eabi/7.3.1/../../../../arm-none-eabi/lib/thumb/v7e-m/fpv4-sp/hard\libc_nano.a(lib_a-exit.o)
                              c:/st2/stm32cubeide_1.5.1/stm32cubeide/plugins/com.st.stm32cube.ide.mcu.externaltools.gnu-tools-for-stm32.7-2018-q2-update.win32_1.5.0.202011040924/tools/bin/../lib/gcc/arm-none-eabi/7.3.1/../../../../arm-none-eabi/lib/thumb/v7e-m/fpv4-sp/hard/crt0.o (exit)
c:/st2/stm32cubeide_1.5.1/stm32cubeide/plugins/com.st.stm32cube.ide.mcu.externaltools.gnu-tools-for-stm32.7-2018-q2-update.win32_1.5.0.202011040924/tools/bin/../lib/gcc/arm-none-eabi/7.3.1/../../../../arm-none-eabi/lib/thumb/v7e-m/fpv4-sp/hard\libc_nano.a(lib_a-impure.o)
                              c:/st2/stm32cubeide_1.5.1/stm32cubeide/plugins/com.st.stm32cube.ide.mcu.externaltools.gnu-tools-for-stm32.7-2018-q2-update.win32_1.5.0.202011040924/tools/bin/../lib/gcc/arm-none-eabi/7.3.1/../../../../arm-none-eabi/lib/thumb/v7e-m/fpv4-sp/hard\libc_nano.a(lib_a-exit.o) (_global_impure_ptr)
c:/st2/stm32cubeide_1.5.1/stm32cubeide/plugins/com.st.stm32cube.ide.mcu.externaltools.gnu-tools-for-stm32.7-2018-q2-update.win32_1.5.0.202011040924/tools/bin/../lib/gcc/arm-none-eabi/7.3.1/../../../../arm-none-eabi/lib/thumb/v7e-m/fpv4-sp/hard\libc_nano.a(lib_a-init.o)
                              c:/st2/stm32cubeide_1.5.1/stm32cubeide/plugins/com.st.stm32cube.ide.mcu.externaltools.gnu-tools-for-stm32.7-2018-q2-update.win32_1.5.0.202011040924/tools/bin/../lib/gcc/arm-none-eabi/7.3.1/../../../../arm-none-eabi/lib/thumb/v7e-m/fpv4-sp/hard/crt0.o (__libc_init_array)
c:/st2/stm32cubeide_1.5.1/stm32cubeide/plugins/com.st.stm32cube.ide.mcu.externaltools.gnu-tools-for-stm32.7-2018-q2-update.win32_1.5.0.202011040924/tools/bin/../lib/gcc/arm-none-eabi/7.3.1/../../../../arm-none-eabi/lib/thumb/v7e-m/fpv4-sp/hard\libc_nano.a(lib_a-memcpy-stub.o)
                              Core/Src/Hw/Flash.o (memcpy)
c:/st2/stm32cubeide_1.5.1/stm32cubeide/plugins/com.st.stm32cube.ide.mcu.externaltools.gnu-tools-for-stm32.7-2018-q2-update.win32_1.5.0.202011040924/tools/bin/../lib/gcc/arm-none-eabi/7.3.1/../../../../arm-none-eabi/lib/thumb/v7e-m/fpv4-sp/hard\libc_nano.a(lib_a-memset.o)
                              c:/st2/stm32cubeide_1.5.1/stm32cubeide/plugins/com.st.stm32cube.ide.mcu.externaltools.gnu-tools-for-stm32.7-2018-q2-update.win32_1.5.0.202011040924/tools/bin/../lib/gcc/arm-none-eabi/7.3.1/../../../../arm-none-eabi/lib/thumb/v7e-m/fpv4-sp/hard/crt0.o (memset)
c:/st2/stm32cubeide_1.5.1/stm32cubeide/plugins/com.st.stm32cube.ide.mcu.externaltools.gnu-tools-for-stm32.7-2018-q2-update.win32_1.5.0.202011040924/tools/bin/../lib/gcc/arm-none-eabi/7.3.1/../../../../arm-none-eabi/lib/thumb/v7e-m/fpv4-sp/hard\libc_nano.a(lib_a-nano-vfprintf_float.o)
                              (_printf_float)
c:/st2/stm32cubeide_1.5.1/stm32cubeide/plugins/com.st.stm32cube.ide.mcu.externaltools.gnu-tools-for-stm32.7-2018-q2-update.win32_1.5.0.202011040924/tools/bin/../lib/gcc/arm-none-eabi/7.3.1/../../../../arm-none-eabi/lib/thumb/v7e-m/fpv4-sp/hard\libc_nano.a(lib_a-nano-vfprintf_i.o)
                              c:/st2/stm32cubeide_1.5.1/stm32cubeide/plugins/com.st.stm32cube.ide.mcu.externaltools.gnu-tools-for-stm32.7-2018-q2-update.win32_1.5.0.202011040924/tools/bin/../lib/gcc/arm-none-eabi/7.3.1/../../../../arm-none-eabi/lib/thumb/v7e-m/fpv4-sp/hard\libc_nano.a(lib_a-nano-vfprintf_float.o) (_printf_common)
c:/st2/stm32cubeide_1.5.1/stm32cubeide/plugins/com.st.stm32cube.ide.mcu.externaltools.gnu-tools-for-stm32.7-2018-q2-update.win32_1.5.0.202011040924/tools/bin/../lib/gcc/arm-none-eabi/7.3.1/../../../../arm-none-eabi/lib/thumb/v7e-m/fpv4-sp/hard\libc_nano.a(lib_a-nano-vfscanf_float.o)
                              (_scanf_float)
c:/st2/stm32cubeide_1.5.1/stm32cubeide/plugins/com.st.stm32cube.ide.mcu.externaltools.gnu-tools-for-stm32.7-2018-q2-update.win32_1.5.0.202011040924/tools/bin/../lib/gcc/arm-none-eabi/7.3.1/../../../../arm-none-eabi/lib/thumb/v7e-m/fpv4-sp/hard\libc_nano.a(lib_a-printf.o)
                              Core/Src/Action.o (printf)
[...]
Memory Configuration

Name             Origin             Length             Attributes
CCMRAM           0x0000000010000000 0x0000000000010000 xrw
RAM              0x0000000020000000 0x0000000000020000 xrw
FLASH_SECTOR0    0x0000000008000000 0x0000000000004000 xr
MAP_MEMORY       0x0000000008004000 0x0000000000004000 xr
FLASH            0x0000000008008000 0x0000000000038000 xr
RUN_LOG          0x0000000008040000 0x00000000000c0000 xr
*default*        0x0000000000000000 0xffffffffffffffff

Linker script and memory map

LOAD c:/st2/stm32cubeide_1.5.1/stm32cubeide/plugins/com.st.stm32cube.ide.mcu.externaltools.gnu-tools-for-stm32.7-2018-q2-update.win32_1.5.0.202011040924/tools/bin/../lib/gcc/arm-none-eabi/7.3.1/thumb/v7e-m/fpv4-sp/hard/crti.o
LOAD c:/st2/stm32cubeide_1.5.1/stm32cubeide/plugins/com.st.stm32cube.ide.mcu.externaltools.gnu-tools-for-stm32.7-2018-q2-update.win32_1.5.0.202011040924/tools/bin/../lib/gcc/arm-none-eabi/7.3.1/thumb/v7e-m/fpv4-sp/hard/crtbegin.o
LOAD c:/st2/stm32cubeide_1.5.1/stm32cubeide/plugins/com.st.stm32cube.ide.mcu.externaltools.gnu-tools-for-stm32.7-2018-q2-update.win32_1.5.0.202011040924/tools/bin/../lib/gcc/arm-none-eabi/7.3.1/../../../../arm-none-eabi/lib/thumb/v7e-m/fpv4-sp/hard/crt0.o
LOAD Core/Src/Action.o
LOAD Core/Src/Convert.o
LOAD Core/Src/Debug.o
LOAD Core/Src/Interrupt.o
LOAD Core/Src/Map.o
LOAD Core/Src/MicroMouse.o
LOAD Core/Src/Mode.o
LOAD Core/Src/PID_Control.o
LOAD Core/Src/UI.o
LOAD Core/Src/main.o
LOAD Core/Src/stm32f4xx_hal_msp.o
LOAD Core/Src/stm32f4xx_it.o
LOAD Core/Src/system_stm32f4xx.o
LOAD Core/Src/Add/syscalls.o
LOAD Core/Src/Add/sysmem.o
LOAD Core/Src/Hw/ADC.o
LOAD Core/Src/Hw/Flash.o
LOAD Core/Src/Hw/ICM_20648.o
LOAD Core/Src/Hw/IEH2_4096.o
LOAD Core/Src/Hw/IR_Emitter.o
LOAD Core/Src/Hw/LED_Driver.o
LOAD Core/Src/Hw/Motor_Driver.o
LOAD Core/Startup/startup_stm32f405rgtx.o
LOAD Drivers/STM32F4xx_HAL_Driver/Src/stm32f4xx_hal.o
LOAD Drivers/STM32F4xx_HAL_Driver/Src/stm32f4xx_hal_adc.o
LOAD Drivers/STM32F4xx_HAL_Driver/Src/stm32f4xx_hal_adc_ex.o
LOAD Drivers/STM32F4xx_HAL_Driver/Src/stm32f4xx_hal_cortex.o
LOAD Drivers/STM32F4xx_HAL_Driver/Src/stm32f4xx_hal_dma.o
LOAD Drivers/STM32F4xx_HAL_Driver/Src/stm32f4xx_hal_dma_ex.o
LOAD Drivers/STM32F4xx_HAL_Driver/Src/stm32f4xx_hal_exti.o
LOAD Drivers/STM32F4xx_HAL_Driver/Src/stm32f4xx_hal_flash.o
LOAD Drivers/STM32F4xx_HAL_Driver/Src/stm32f4xx_hal_flash_ex.o
LOAD Drivers/STM32F4xx_HAL_Driver/Src/stm32f4xx_hal_flash_ramfunc.o
LOAD Drivers/STM32F4xx_HAL_Driver/Src/stm32f4xx_hal_gpio.o
LOAD Drivers/STM32F4xx_HAL_Driver/Src/stm32f4xx_hal_pwr.o
LOAD Drivers/STM32F4xx_HAL_Driver/Src/stm32f4xx_hal_pwr_ex.o
LOAD Drivers/STM32F4xx_HAL_Driver/Src/stm32f4xx_hal_rcc.o
LOAD Drivers/STM32F4xx_HAL_Driver/Src/stm32f4xx_hal_rcc_ex.o
LOAD Drivers/STM32F4xx_HAL_Driver/Src/stm32f4xx_hal_spi.o
LOAD Drivers/STM32F4xx_HAL_Driver/Src/stm32f4xx_hal_tim.o
LOAD Drivers/STM32F4xx_HAL_Driver/Src/stm32f4xx_hal_tim_ex.o
LOAD Drivers/STM32F4xx_HAL_Driver/Src/stm32f4xx_hal_uart.o
START GROUP
LOAD c:/st2/stm32cubeide_1.5.1/stm32cubeide/plugins/com.st.stm32cube.ide.mcu.externaltools.gnu-tools-for-stm32.7-2018-q2-update.win32_1.5.0.202011040924/tools/bin/../lib/gcc/arm-none-eabi/7.3.1/../../../../arm-none-eabi/lib/thumb/v7e-m/fpv4-sp/hard\libstdc++_nano.a
LOAD c:/st2/stm32cubeide_1.5.1/stm32cubeide/plugins/com.st.stm32cube.ide.mcu.externaltools.gnu-tools-for-stm32.7-2018-q2-update.win32_1.5.0.202011040924/tools/bin/../lib/gcc/arm-none-eabi/7.3.1/../../../../arm-none-eabi/lib/thumb/v7e-m/fpv4-sp/hard\libsupc++_nano.a
END GROUP
LOAD c:/st2/stm32cubeide_1.5.1/stm32cubeide/plugins/com.st.stm32cube.ide.mcu.externaltools.gnu-tools-for-stm32.7-2018-q2-update.win32_1.5.0.202011040924/tools/bin/../lib/gcc/arm-none-eabi/7.3.1/../../../../arm-none-eabi/lib/thumb/v7e-m/fpv4-sp/hard\libstdc++_nano.a
LOAD c:/st2/stm32cubeide_1.5.1/stm32cubeide/plugins/com.st.stm32cube.ide.mcu.externaltools.gnu-tools-for-stm32.7-2018-q2-update.win32_1.5.0.202011040924/tools/bin/../lib/gcc/arm-none-eabi/7.3.1/../../../../arm-none-eabi/lib/thumb/v7e-m/fpv4-sp/hard\libm.a
LOAD c:/st2/stm32cubeide_1.5.1/stm32cubeide/plugins/com.st.stm32cube.ide.mcu.externaltools.gnu-tools-for-stm32.7-2018-q2-update.win32_1.5.0.202011040924/tools/bin/../lib/gcc/arm-none-eabi/7.3.1/../../../../arm-none-eabi/lib/thumb/v7e-m/fpv4-sp/hard\libc_nano.a
START GROUP
LOAD c:/st2/stm32cubeide_1.5.1/stm32cubeide/plugins/com.st.stm32cube.ide.mcu.externaltools.gnu-tools-for-stm32.7-2018-q2-update.win32_1.5.0.202011040924/tools/bin/../lib/gcc/arm-none-eabi/7.3.1/thumb/v7e-m/fpv4-sp/hard\libgcc.a
LOAD c:/st2/stm32cubeide_1.5.1/stm32cubeide/plugins/com.st.stm32cube.ide.mcu.externaltools.gnu-tools-for-stm32.7-2018-q2-update.win32_1.5.0.202011040924/tools/bin/../lib/gcc/arm-none-eabi/7.3.1/../../../../arm-none-eabi/lib/thumb/v7e-m/fpv4-sp/hard\libc_nano.a
END GROUP
START GROUP
LOAD c:/st2/stm32cubeide_1.5.1/stm32cubeide/plugins/com.st.stm32cube.ide.mcu.externaltools.gnu-tools-for-stm32.7-2018-q2-update.win32_1.5.0.202011040924/tools/bin/../lib/gcc/arm-none-eabi/7.3.1/thumb/v7e-m/fpv4-sp/hard\libgcc.a
LOAD c:/st2/stm32cubeide_1.5.1/stm32cubeide/plugins/com.st.stm32cube.ide.mcu.externaltools.gnu-tools-for-stm32.7-2018-q2-update.win32_1.5.0.202011040924/tools/bin/../lib/gcc/arm-none-eabi/7.3.1/../../../../arm-none-eabi/lib/thumb/v7e-m/fpv4-sp/hard\libc_nano.a
LOAD c:/st2/stm32cubeide_1.5.1/stm32cubeide/plugins/com.st.stm32cube.ide.mcu.externaltools.gnu-tools-for-stm32.7-2018-q2-update.win32_1.5.0.202011040924/tools/bin/../lib/gcc/arm-none-eabi/7.3.1/../../../../arm-none-eabi/lib/thumb/v7e-m/fpv4-sp/hard\libnosys.a
END GROUP
START GROUP
LOAD c:/st2/stm32cubeide_1.5.1/stm32cubeide/plugins/com.st.stm32cube.ide.mcu.externaltools.gnu-tools-for-stm32.7-2018-q2-update.win32_1.5.0.202011040924/tools/bin/../lib/gcc/arm-none-eabi/7.3.1/thumb/v7e-m/fpv4-sp/hard\libgcc.a
LOAD c:/st2/stm32cubeide_1.5.1/stm32cubeide/plugins/com.st.stm32cube.ide.mcu.externaltools.gnu-tools-for-stm32.7-2018-q2-update.win32_1.5.0.202011040924/tools/bin/../lib/gcc/arm-none-eabi/7.3.1/../../../../arm-none-eabi/lib/thumb/v7e-m/fpv4-sp/hard\libc_nano.a
LOAD c:/st2/stm32cubeide_1.5.1/stm32cubeide/plugins/com.st.stm32cube.ide.mcu.externaltools.gnu-tools-for-stm32.7-2018-q2-update.win32_1.5.0.202011040924/tools/bin/../lib/gcc/arm-none-eabi/7.3.1/../../../../arm-none-eabi/lib/thumb/v7e-m/fpv4-sp/hard\libnosys.a
END GROUP
LOAD c:/st2/stm32cubeide_1.5.1/stm32cubeide/plugins/com.st.stm32cube.ide.mcu.externaltools.gnu-tools-for-stm32.7-2018-q2-update.win32_1.5.0.202011040924/tools/bin/../lib/gcc/arm-none-eabi/7.3.1/thumb/v7e-m/fpv4-sp/hard/crtend.o
LOAD c:/st2/stm32cubeide_1.5.1/stm32cubeide/plugins/com.st.stm32cube.ide.mcu.externaltools.gnu-tools-for-stm32.7-2018-q2-update.win32_1.5.0.202011040924/tools/bin/../lib/gcc/arm-none-eabi/7.3.1/thumb/v7e-m/fpv4-sp/hard/crtn.o
                0x0000000020020000                _estack = (ORIGIN (RAM) + LENGTH (RAM))
                0x0000000000000200                _Min_Heap_Size = 0x200
                0x0000000000000400                _Min_Stack_Size = 0x400

.isr_vector     0x0000000008000000      0x188
                0x0000000008000000                . = ALIGN (0x4)
 *(.isr_vector)
 .isr_vector    0x0000000008000000      0x188 Core/Startup/startup_stm32f405rgtx.o
                0x0000000008000000                g_pfnVectors
                0x0000000008000188                . = ALIGN (0x4)

.backup_flash   0x0000000008004000     0x4000
                0x0000000008004000                _backup_flash_start = .
                0x0000000008008000                . = (. + LENGTH (MAP_MEMORY))
 *fill*         0x0000000008004000     0x4000 

.backup_flash_run
                0x0000000008040000    0xc0000
                0x0000000008040000                _backup_flash_start_run = .
                0x0000000008100000                . = (. + LENGTH (RUN_LOG))
 *fill*         0x0000000008040000    0xc0000 

.text           0x0000000008008000    0x10db0
                0x0000000008008000                . = ALIGN (0x4)
 *(.text)
 .text          0x0000000008008000       0x40 c:/st2/stm32cubeide_1.5.1/stm32cubeide/plugins/com.st.stm32cube.ide.mcu.externaltools.gnu-tools-for-stm32.7-2018-q2-update.win32_1.5.0.202011040924/tools/bin/../lib/gcc/arm-none-eabi/7.3.1/thumb/v7e-m/fpv4-sp/hard/crtbegin.o
 .text          0x0000000008008040       0x10 c:/st2/stm32cubeide_1.5.1/stm32cubeide/plugins/com.st.stm32cube.ide.mcu.externaltools.gnu-tools-for-stm32.7-2018-q2-update.win32_1.5.0.202011040924/tools/bin/../lib/gcc/arm-none-eabi/7.3.1/../../../../arm-none-eabi/lib/thumb/v7e-m/fpv4-sp/hard\libc_nano.a(lib_a-strlen.o)
                0x0000000008008040                strlen
 .text          0x0000000008008050       0xa0 c:/st2/stm32cubeide_1.5.1/stm32cubeide/plugins/com.st.stm32cube.ide.mcu.externaltools.gnu-tools-for-stm32.7-2018-q2-update.win32_1.5.0.202011040924/tools/bin/../lib/gcc/arm-none-eabi/7.3.1/../../../../arm-none-eabi/lib/thumb/v7e-m/fpv4-sp/hard\libc_nano.a(lib_a-memchr.o)
                0x0000000008008050                memchr
 .text          0x00000000080080f0      0x378 c:/st2/stm32cubeide_1.5.1/stm32cubeide/plugins/com.st.stm32cube.ide.mcu.externaltools.gnu-tools-for-stm32.7-2018-q2-update.win32_1.5.0.202011040924/tools/bin/../lib/gcc/arm-none-eabi/7.3.1/thumb/v7e-m/fpv4-sp/hard\libgcc.a(_arm_addsubdf3.o)
                0x00000000080080f0                __aeabi_drsub
                0x00000000080080f8                __aeabi_dsub
                0x00000000080080f8                __subdf3
                0x00000000080080fc                __aeabi_dadd
                0x00000000080080fc                __adddf3
                0x0000000008008374                __floatunsidf
                0x0000000008008374                __aeabi_ui2d
                0x0000000008008394                __floatsidf
                0x0000000008008394                __aeabi_i2d
                0x00000000080083b8                __aeabi_f2d
                0x00000000080083b8                __extendsfdf2
                0x00000000080083fc                __floatundidf
                0x00000000080083fc                __aeabi_ul2d
                0x000000000800840c                __floatdidf
                0x000000000800840c                __aeabi_l2d
 .text          0x0000000008008468      0x424 c:/st2/stm32cubeide_1.5.1/stm32cubeide/plugins/com.st.stm32cube.ide.mcu.externaltools.gnu-tools-for-stm32.7-2018-q2-update.win32_1.5.0.202011040924/tools/bin/../lib/gcc/arm-none-eabi/7.3.1/thumb/v7e-m/fpv4-sp/hard\libgcc.a(_arm_muldivdf3.o)
                0x0000000008008468                __aeabi_dmul
                0x0000000008008468                __muldf3
                0x00000000080086bc                __divdf3
                0x00000000080086bc                __aeabi_ddiv
 .text          0x000000000800888c      0x110 c:/st2/stm32cubeide_1.5.1/stm32cubeide/plugins/com.st.stm32cube.ide.mcu.externaltools.gnu-tools-for-stm32.7-2018-q2-update.win32_1.5.0.202011040924/tools/bin/../lib/gcc/arm-none-eabi/7.3.1/thumb/v7e-m/fpv4-sp/hard\libgcc.a(_arm_cmpdf2.o)
                0x000000000800888c                __gtdf2
                0x000000000800888c                __gedf2
                0x0000000008008894                __ltdf2
                0x0000000008008894                __ledf2
                0x000000000800889c                __nedf2
                0x000000000800889c                __eqdf2
                0x000000000800889c                __cmpdf2
                0x0000000008008918                __aeabi_cdrcmple
                0x0000000008008928                __aeabi_cdcmpeq
                0x0000000008008928                __aeabi_cdcmple
                0x0000000008008938                __aeabi_dcmpeq
                0x000000000800894c                __aeabi_dcmplt
                0x0000000008008960                __aeabi_dcmple
                0x0000000008008974                __aeabi_dcmpge
                0x0000000008008988                __aeabi_dcmpgt
 .text          0x000000000800899c       0x2c c:/st2/stm32cubeide_1.5.1/stm32cubeide/plugins/com.st.stm32cube.ide.mcu.externaltools.gnu-tools-for-stm32.7-2018-q2-update.win32_1.5.0.202011040924/tools/bin/../lib/gcc/arm-none-eabi/7.3.1/thumb/v7e-m/fpv4-sp/hard\libgcc.a(_arm_unorddf2.o)
                0x000000000800899c                __unorddf2
                0x000000000800899c                __aeabi_dcmpun
 .text          0x00000000080089c8       0x50 c:/st2/stm32cubeide_1.5.1/stm32cubeide/plugins/com.st.stm32cube.ide.mcu.externaltools.gnu-tools-for-stm32.7-2018-q2-update.win32_1.5.0.202011040924/tools/bin/../lib/gcc/arm-none-eabi/7.3.1/thumb/v7e-m/fpv4-sp/hard\libgcc.a(_arm_fixdfsi.o)
                0x00000000080089c8                __aeabi_d2iz
                0x00000000080089c8                __fixdfsi
 .text          0x0000000008008a18       0x40 c:/st2/stm32cubeide_1.5.1/stm32cubeide/plugins/com.st.stm32cube.ide.mcu.externaltools.gnu-tools-for-stm32.7-2018-q2-update.win32_1.5.0.202011040924/tools/bin/../lib/gcc/arm-none-eabi/7.3.1/thumb/v7e-m/fpv4-sp/hard\libgcc.a(_arm_fixunsdfsi.o)
                0x0000000008008a18                __aeabi_d2uiz
                0x0000000008008a18                __fixunsdfsi
 .text          0x0000000008008a58       0xa0 c:/st2/stm32cubeide_1.5.1/stm32cubeide/plugins/com.st.stm32cube.ide.mcu.externaltools.gnu-tools-for-stm32.7-2018-q2-update.win32_1.5.0.202011040924/tools/bin/../lib/gcc/arm-none-eabi/7.3.1/thumb/v7e-m/fpv4-sp/hard\libgcc.a(_arm_truncdfsf2.o)
                0x0000000008008a58                __truncdfsf2
                0x0000000008008a58                __aeabi_d2f
 .text          0x0000000008008af8       0x30 c:/st2/stm32cubeide_1.5.1/stm32cubeide/plugins/com.st.stm32cube.ide.mcu.externaltools.gnu-tools-for-stm32.7-2018-q2-update.win32_1.5.0.202011040924/tools/bin/../lib/gcc/arm-none-eabi/7.3.1/thumb/v7e-m/fpv4-sp/hard\libgcc.a(_aeabi_uldivmod.o)
                0x0000000008008af8                __aeabi_uldivmod
 .text          0x0000000008008b28      0x2cc c:/st2/stm32cubeide_1.5.1/stm32cubeide/plugins/com.st.stm32cube.ide.mcu.externaltools.gnu-tools-for-stm32.7-2018-q2-update.win32_1.5.0.202011040924/tools/bin/../lib/gcc/arm-none-eabi/7.3.1/thumb/v7e-m/fpv4-sp/hard\libgcc.a(_udivmoddi4.o)
                0x0000000008008b28                __udivmoddi4
 .text          0x0000000008008df4        0x4 c:/st2/stm32cubeide_1.5.1/stm32cubeide/plugins/com.st.stm32cube.ide.mcu.externaltools.gnu-tools-for-stm32.7-2018-q2-update.win32_1.5.0.202011040924/tools/bin/../lib/gcc/arm-none-eabi/7.3.1/thumb/v7e-m/fpv4-sp/hard\libgcc.a(_dvmd_tls.o)
                0x0000000008008df4                __aeabi_idiv0
                0x0000000008008df4                __aeabi_ldiv0
 *(.text*)
 .text.InitPosition
                0x0000000008008df8       0x38 Core/Src/Action.o
                0x0000000008008df8                InitPosition
 .text.GetWallCtrlDirection
                0x0000000008008e30      0x2b8 Core/Src/Action.o
                0x0000000008008e30                GetWallCtrlDirection
 .text.WallSafe
                0x00000000080090e8       0x18 Core/Src/Action.o
                0x00000000080090e8                WallSafe
 .text.WallWarn
                0x0000000008009100       0x18 Core/Src/Action.o
                0x0000000008009100                WallWarn
 .text.ControlWall
                0x0000000008009118      0x230 Core/Src/Action.o
                0x0000000008009118                ControlWall
 .text.WaitStopAndReset
                0x0000000008009348       0x84 Core/Src/Action.o
                0x0000000008009348                WaitStopAndReset
 *fill*         0x00000000080093cc        0x4 
 .text.RotateAccel
                0x00000000080093d0      0x25c Core/Src/Action.o
                0x00000000080093d0                RotateAccel
 *fill*         0x000000000800962c        0x4 
 .text.RotateConst
                0x0000000008009630      0x118 Core/Src/Action.o
                0x0000000008009630                RotateConst
 .text.RotateDecel
                0x0000000008009748      0x240 Core/Src/Action.o
                0x0000000008009748                RotateDecel
 .text.Rotate   0x0000000008009988      0x14c Core/Src/Action.o
                0x0000000008009988                Rotate
 *fill*         0x0000000008009ad4        0x4 
 .text.SlalomRight
                0x0000000008009ad8      0x258 Core/Src/Action.o
                0x0000000008009ad8                SlalomRight
 .text.SlalomLeft
                0x0000000008009d30      0x258 Core/Src/Action.o
                0x0000000008009d30                SlalomLeft
 .text.Accel    0x0000000008009f88      0x140 Core/Src/Action.o
                0x0000000008009f88                Accel
 .text.Decel    0x000000000800a0c8      0x1d8 Core/Src/Action.o
                0x000000000800a0c8                Decel
 .text.Calib    0x000000000800a2a0       0xc8 Core/Src/Action.o
                0x000000000800a2a0                Calib
 .text.Compensate
                0x000000000800a368       0x2c Core/Src/Action.o
                0x000000000800a368                Compensate
 *fill*         0x000000000800a394        0x4 
 .text.GoStraight
                0x000000000800a398      0x188 Core/Src/Action.o
                0x000000000800a398                GoStraight
 .text.TurnRight
                0x000000000800a520       0xb4 Core/Src/Action.o
                0x000000000800a520                TurnRight
 *fill*         0x000000000800a5d4        0x4 
 .text.TurnLeft
                0x000000000800a5d8       0xb4 Core/Src/Action.o
                0x000000000800a5d8                TurnLeft
 *fill*         0x000000000800a68c        0x4 
 .text.GoBack   0x000000000800a690      0x104 Core/Src/Action.o
                0x000000000800a690                GoBack
 .text.SelectAction
                0x000000000800a794       0x70 Core/Src/Action.o
                0x000000000800a794                SelectAction
 .text.InitPulse
                0x000000000800a804       0x1c Core/Src/Convert.o
                0x000000000800a804                InitPulse
 .text.GetPulseDisplacement
                0x000000000800a820       0x2a Core/Src/Convert.o
                0x000000000800a820                GetPulseDisplacement
 *fill*         0x000000000800a84a        0x2 
 .text.GetWallDataAverage
                0x000000000800a84c       0xd4 Core/Src/Convert.o
                0x000000000800a84c                GetWallDataAverage
 .text.ADCToBatteryVoltage
                0x000000000800a920       0x54 Core/Src/Convert.o
                0x000000000800a920                ADCToBatteryVoltage
 .text.IntegerPower
                0x000000000800a974       0x3a Core/Src/Convert.o
                0x000000000800a974                IntegerPower
 .text.GetBatteryLevel
                0x000000000800a9ae       0xa4 Core/Src/Convert.o
                0x000000000800a9ae                GetBatteryLevel
 *fill*         0x000000000800aa52        0x2 
 .text.Buffering
                0x000000000800aa54       0x28 Core/Src/Debug.o
                0x000000000800aa54                Buffering
 .text.Copy_Gain
                0x000000000800aa7c       0xc0 Core/Src/Debug.o
                0x000000000800aa7c                Copy_Gain
 .text.Load_Gain
                0x000000000800ab3c      0x178 Core/Src/Debug.o
                0x000000000800ab3c                Load_Gain
 .text.Change_Gain
                0x000000000800acb4      0x3a8 Core/Src/Debug.o
                0x000000000800acb4                Change_Gain
 .text.TimeMonitor
                0x000000000800b05c        0xe Core/Src/Interrupt.o
                0x000000000800b05c                TimeMonitor
 *fill*         0x000000000800b06a        0x6 
 .text.GetDataIMUfloat
                0x000000000800b070       0xdc Core/Src/Interrupt.o
                0x000000000800b070                GetDataIMUfloat
 *fill*         0x000000000800b14c        0x4 
 .text.ControlMotor
                0x000000000800b150      0x48c Core/Src/Interrupt.o
                0x000000000800b150                ControlMotor
 .text.UpdatePhotoData
                0x000000000800b5dc       0x74 Core/Src/Interrupt.o
                0x000000000800b5dc                UpdatePhotoData
 .text.HAL_TIM_PeriodElapsedCallback
                0x000000000800b650       0x4c Core/Src/Interrupt.o
                0x000000000800b650                HAL_TIM_PeriodElapsedCallback
 .text.wall_init
                0x000000000800b69c      0x128 Core/Src/Map.o
                0x000000000800b69c                wall_init
 .text.wall_set
                0x000000000800b7c4      0x234 Core/Src/Map.o
                0x000000000800b7c4                wall_set
 .text.LeftHandJudge
                0x000000000800b9f8      0x3cc Core/Src/Map.o
                0x000000000800b9f8                LeftHandJudge
 .text.InitExplore
                0x000000000800bdc4      0x120 Core/Src/Mode.o
                0x000000000800bdc4                InitExplore
 .text.Debug    0x000000000800bee4      0x1d4 Core/Src/Mode.o
                0x000000000800bee4                Debug
 .text.ParameterSetting
                0x000000000800c0b8       0x10 Core/Src/Mode.o
                0x000000000800c0b8                ParameterSetting
 .text.GainTestLWall
                0x000000000800c0c8       0x64 Core/Src/Mode.o
                0x000000000800c0c8                GainTestLWall
 .text.GainTestRWall
                0x000000000800c12c       0x64 Core/Src/Mode.o
                0x000000000800c12c                GainTestRWall
 .text.GainTestDWall
                0x000000000800c190       0x64 Core/Src/Mode.o
                0x000000000800c190                GainTestDWall
 .text.GainTestAVelo
                0x000000000800c1f4       0x6c Core/Src/Mode.o
                0x000000000800c1f4                GainTestAVelo
 .text.WritingFree
                0x000000000800c260       0x8c Core/Src/Mode.o
                0x000000000800c260                WritingFree
 .text.Explore  0x000000000800c2ec      0x158 Core/Src/Mode.o
                0x000000000800c2ec                Explore
 .text.PIDSetGain
                0x000000000800c444       0x58 Core/Src/PID_Control.o
                0x000000000800c444                PIDSetGain
 .text.PIDChangeFlag
                0x000000000800c49c       0x2c Core/Src/PID_Control.o
                0x000000000800c49c                PIDChangeFlag
 .text.PIDGetFlag
                0x000000000800c4c8       0x28 Core/Src/PID_Control.o
                0x000000000800c4c8                PIDGetFlag
 .text.PIDReset
                0x000000000800c4f0       0x7c Core/Src/PID_Control.o
                0x000000000800c4f0                PIDReset
 .text.PIDCalculate
                0x000000000800c56c      0x1a4 Core/Src/PID_Control.o
                0x000000000800c56c                PIDCalculate
 .text.PIDInput
                0x000000000800c710       0x44 Core/Src/PID_Control.o
                0x000000000800c710                PIDInput
 .text.PIDControl
                0x000000000800c754       0x64 Core/Src/PID_Control.o
                0x000000000800c754                PIDControl
 .text.Signal   0x000000000800c7b8       0x3a Core/Src/UI.o
                0x000000000800c7b8                Signal
 *fill*         0x000000000800c7f2        0x2 
 .text.BatteryCheck
                0x000000000800c7f4       0x68 Core/Src/UI.o
                0x000000000800c7f4                BatteryCheck
 .text.ModeSelect
                0x000000000800c85c      0x134 Core/Src/UI.o
                0x000000000800c85c                ModeSelect
 .text.__io_putchar
                0x000000000800c990       0x24 Core/Src/main.o
                0x000000000800c990                __io_putchar
 .text.__io_getchar
                0x000000000800c9b4       0x30 Core/Src/main.o
                0x000000000800c9b4                __io_getchar
 .text.main     0x000000000800c9e4      0x170 Core/Src/main.o
                0x000000000800c9e4                main
 .text.SystemClock_Config
                0x000000000800cb54       0xd4 Core/Src/main.o
                0x000000000800cb54                SystemClock_Config
 .text.MX_ADC1_Init
                0x000000000800cc28       0xdc Core/Src/main.o
 .text.MX_ADC2_Init
                0x000000000800cd04       0xc0 Core/Src/main.o
 .text.MX_SPI3_Init
                0x000000000800cdc4       0x6c Core/Src/main.o
 .text.MX_TIM1_Init
                0x000000000800ce30       0xa0 Core/Src/main.o
 .text.MX_TIM2_Init
                0x000000000800ced0       0xec Core/Src/main.o
 .text.MX_TIM3_Init
                0x000000000800cfbc       0xa8 Core/Src/main.o
 .text.MX_TIM4_Init
                0x000000000800d064       0xa8 Core/Src/main.o
 .text.MX_TIM5_Init
                0x000000000800d10c       0xec Core/Src/main.o
 .text.MX_TIM8_Init
                0x000000000800d1f8      0x150 Core/Src/main.o
 .text.MX_USART1_UART_Init
                0x000000000800d348       0x54 Core/Src/main.o
 .text.MX_DMA_Init
                0x000000000800d39c       0x50 Core/Src/main.o
 .text.MX_GPIO_Init
                0x000000000800d3ec      0x194 Core/Src/main.o
 .text.Error_Handler
                0x000000000800d580        0x8 Core/Src/main.o
                0x000000000800d580                Error_Handler
 .text.HAL_MspInit
                0x000000000800d588       0x5c Core/Src/stm32f4xx_hal_msp.o
                0x000000000800d588                HAL_MspInit
 .text.HAL_ADC_MspInit
                0x000000000800d5e4      0x210 Core/Src/stm32f4xx_hal_msp.o
                0x000000000800d5e4                HAL_ADC_MspInit
 .text.HAL_SPI_MspInit
                0x000000000800d7f4       0x90 Core/Src/stm32f4xx_hal_msp.o
                0x000000000800d7f4                HAL_SPI_MspInit
 .text.HAL_TIM_Base_MspInit
                0x000000000800d884      0x120 Core/Src/stm32f4xx_hal_msp.o
                0x000000000800d884                HAL_TIM_Base_MspInit
 .text.HAL_TIM_Encoder_MspInit
                0x000000000800d9a4      0x11c Core/Src/stm32f4xx_hal_msp.o
                0x000000000800d9a4                HAL_TIM_Encoder_MspInit
 .text.HAL_TIM_MspPostInit
                0x000000000800dac0      0x148 Core/Src/stm32f4xx_hal_msp.o
                0x000000000800dac0                HAL_TIM_MspPostInit
 .text.HAL_UART_MspInit
                0x000000000800dc08       0x90 Core/Src/stm32f4xx_hal_msp.o
                0x000000000800dc08                HAL_UART_MspInit
 .text.NMI_Handler
                0x000000000800dc98        0x6 Core/Src/stm32f4xx_it.o
                0x000000000800dc98                NMI_Handler
 .text.HardFault_Handler
                0x000000000800dc9e        0x6 Core/Src/stm32f4xx_it.o
                0x000000000800dc9e                HardFault_Handler
 .text.MemManage_Handler
                0x000000000800dca4        0x6 Core/Src/stm32f4xx_it.o
                0x000000000800dca4                MemManage_Handler
 .text.BusFault_Handler
                0x000000000800dcaa        0x6 Core/Src/stm32f4xx_it.o
                0x000000000800dcaa                BusFault_Handler
 .text.UsageFault_Handler
                0x000000000800dcb0        0x6 Core/Src/stm32f4xx_it.o
                0x000000000800dcb0                UsageFault_Handler
 .text.SVC_Handler
                0x000000000800dcb6        0xe Core/Src/stm32f4xx_it.o
                0x000000000800dcb6                SVC_Handler
 .text.DebugMon_Handler
                0x000000000800dcc4        0xe Core/Src/stm32f4xx_it.o
                0x000000000800dcc4                DebugMon_Handler
 .text.PendSV_Handler
                0x000000000800dcd2        0xe Core/Src/stm32f4xx_it.o
                0x000000000800dcd2                PendSV_Handler
 .text.SysTick_Handler
                0x000000000800dce0        0xc Core/Src/stm32f4xx_it.o
                0x000000000800dce0                SysTick_Handler
 .text.FLASH_IRQHandler
                0x000000000800dcec        0xc Core/Src/stm32f4xx_it.o
                0x000000000800dcec                FLASH_IRQHandler
 .text.ADC_IRQHandler
                0x000000000800dcf8       0x1c Core/Src/stm32f4xx_it.o
                0x000000000800dcf8                ADC_IRQHandler
 .text.TIM1_UP_TIM10_IRQHandler
                0x000000000800dd14       0x14 Core/Src/stm32f4xx_it.o
                0x000000000800dd14                TIM1_UP_TIM10_IRQHandler
 .text.TIM2_IRQHandler
                0x000000000800dd28       0x14 Core/Src/stm32f4xx_it.o
                0x000000000800dd28                TIM2_IRQHandler
 .text.TIM3_IRQHandler
                0x000000000800dd3c       0x14 Core/Src/stm32f4xx_it.o
                0x000000000800dd3c                TIM3_IRQHandler
 .text.TIM4_IRQHandler
                0x000000000800dd50       0x14 Core/Src/stm32f4xx_it.o
                0x000000000800dd50                TIM4_IRQHandler
 .text.TIM8_UP_TIM13_IRQHandler
                0x000000000800dd64       0x14 Core/Src/stm32f4xx_it.o
                0x000000000800dd64                TIM8_UP_TIM13_IRQHandler
 .text.TIM8_TRG_COM_TIM14_IRQHandler
                0x000000000800dd78       0x14 Core/Src/stm32f4xx_it.o
                0x000000000800dd78                TIM8_TRG_COM_TIM14_IRQHandler
 .text.TIM8_CC_IRQHandler
                0x000000000800dd8c       0x14 Core/Src/stm32f4xx_it.o
                0x000000000800dd8c                TIM8_CC_IRQHandler
 .text.TIM5_IRQHandler
                0x000000000800dda0       0x14 Core/Src/stm32f4xx_it.o
                0x000000000800dda0                TIM5_IRQHandler
 .text.DMA2_Stream0_IRQHandler
                0x000000000800ddb4       0x14 Core/Src/stm32f4xx_it.o
                0x000000000800ddb4                DMA2_Stream0_IRQHandler
 .text.DMA2_Stream2_IRQHandler
                0x000000000800ddc8       0x14 Core/Src/stm32f4xx_it.o
                0x000000000800ddc8                DMA2_Stream2_IRQHandler
 .text.SystemInit
                0x000000000800dddc       0x2c Core/Src/system_stm32f4xx.o
                0x000000000800dddc                SystemInit
 .text._read    0x000000000800de08       0x3a Core/Src/Add/syscalls.o
                0x000000000800de08                _read
 .text._write   0x000000000800de42       0x38 Core/Src/Add/syscalls.o
                0x000000000800de42                _write
 .text._close   0x000000000800de7a       0x18 Core/Src/Add/syscalls.o
                0x000000000800de7a                _close
 .text._fstat   0x000000000800de92       0x20 Core/Src/Add/syscalls.o
                0x000000000800de92                _fstat
 .text._isatty  0x000000000800deb2       0x16 Core/Src/Add/syscalls.o
                0x000000000800deb2                _isatty
 .text._lseek   0x000000000800dec8       0x1a Core/Src/Add/syscalls.o
                0x000000000800dec8                _lseek
 *fill*         0x000000000800dee2        0x2 
 .text._sbrk    0x000000000800dee4       0x6c Core/Src/Add/sysmem.o
                0x000000000800dee4                _sbrk
 .text.ADCStart
                0x000000000800df50       0x40 Core/Src/Hw/ADC.o
                0x000000000800df50                ADCStart
 .text.ADCStop  0x000000000800df90       0x58 Core/Src/Hw/ADC.o
                0x000000000800df90                ADCStop
 .text.FLASH_Unlock
                0x000000000800dfe8       0x28 Core/Src/Hw/Flash.o
 .text.FLASH_Lock
                0x000000000800e010       0x20 Core/Src/Hw/Flash.o
 .text.FLASH_WaitBusy
                0x000000000800e030       0x20 Core/Src/Hw/Flash.o
                0x000000000800e030                FLASH_WaitBusy
 .text.FLASH_Write_Word_F
                0x000000000800e050       0x54 Core/Src/Hw/Flash.o
                0x000000000800e050                FLASH_Write_Word_F
 .text.FLASH_Read_Word_F
                0x000000000800e0a4       0x54 Core/Src/Hw/Flash.o
                0x000000000800e0a4                FLASH_Read_Word_F
 .text.Flash_clear_sector9
                0x000000000800e0f8       0x52 Core/Src/Hw/Flash.o
                0x000000000800e0f8                Flash_clear_sector9
 *fill*         0x000000000800e14a        0x2 
 .text.read_byte
                0x000000000800e14c       0x58 Core/Src/Hw/ICM_20648.o
                0x000000000800e14c                read_byte
 .text.write_byte
                0x000000000800e1a4       0x58 Core/Src/Hw/ICM_20648.o
                0x000000000800e1a4                write_byte
 .text.IMU_init
                0x000000000800e1fc       0x54 Core/Src/Hw/ICM_20648.o
                0x000000000800e1fc                IMU_init
 .text.read_gyro_data
                0x000000000800e250       0x70 Core/Src/Hw/ICM_20648.o
                0x000000000800e250                read_gyro_data
 .text.read_accel_data
                0x000000000800e2c0       0x70 Core/Src/Hw/ICM_20648.o
                0x000000000800e2c0                read_accel_data
 .text.IMU_Calib
                0x000000000800e330      0x128 Core/Src/Hw/ICM_20648.o
                0x000000000800e330                IMU_Calib
 .text.lowpass_filter_float
                0x000000000800e458       0x88 Core/Src/Hw/ICM_20648.o
                0x000000000800e458                lowpass_filter_float
 .text.EncoderStart
                0x000000000800e4e0       0x20 Core/Src/Hw/IEH2_4096.o
                0x000000000800e4e0                EncoderStart
 .text.EncoderStop
                0x000000000800e500       0x20 Core/Src/Hw/IEH2_4096.o
                0x000000000800e500                EncoderStop
 .text.EmitterON
                0x000000000800e520       0x1c Core/Src/Hw/IR_Emitter.o
                0x000000000800e520                EmitterON
 .text.EmitterOFF
                0x000000000800e53c       0x1c Core/Src/Hw/IR_Emitter.o
                0x000000000800e53c                EmitterOFF
 .text.ChangeLED
                0x000000000800e558      0x17c Core/Src/Hw/LED_Driver.o
                0x000000000800e558                ChangeLED
 .text.Motor_PWM_Start
                0x000000000800e6d4       0x34 Core/Src/Hw/Motor_Driver.o
                0x000000000800e6d4                Motor_PWM_Start
 .text.Motor_PWM_Stop
                0x000000000800e708       0x34 Core/Src/Hw/Motor_Driver.o
                0x000000000800e708                Motor_PWM_Stop
 *fill*         0x000000000800e73c        0x4 
 .text.Motor_Switch
                0x000000000800e740       0xc4 Core/Src/Hw/Motor_Driver.o
                0x000000000800e740                Motor_Switch
 .text.Reset_Handler
                0x000000000800e804       0x50 Core/Startup/startup_stm32f405rgtx.o
                0x000000000800e804                Reset_Handler
 .text.Default_Handler
                0x000000000800e854        0x2 Core/Startup/startup_stm32f405rgtx.o
                0x000000000800e854                RTC_Alarm_IRQHandler
                0x000000000800e854                HASH_RNG_IRQHandler
                0x000000000800e854                EXTI2_IRQHandler
                0x000000000800e854                TIM1_CC_IRQHandler
                0x000000000800e854                DMA2_Stream5_IRQHandler
                0x000000000800e854                DMA1_Stream5_IRQHandler
                0x000000000800e854                PVD_IRQHandler
                0x000000000800e854                SDIO_IRQHandler
                0x000000000800e854                TAMP_STAMP_IRQHandler
                0x000000000800e854                CAN2_RX1_IRQHandler
                0x000000000800e854                EXTI3_IRQHandler
                0x000000000800e854                I2C3_ER_IRQHandler
                0x000000000800e854                EXTI0_IRQHandler
                0x000000000800e854                I2C2_EV_IRQHandler
                0x000000000800e854                DMA1_Stream2_IRQHandler
                0x000000000800e854                CAN1_RX0_IRQHandler
                0x000000000800e854                FPU_IRQHandler
                0x000000000800e854                OTG_HS_WKUP_IRQHandler
                0x000000000800e854                CAN2_SCE_IRQHandler
                0x000000000800e854                SPI1_IRQHandler
                0x000000000800e854                TIM6_DAC_IRQHandler
                0x000000000800e854                TIM1_BRK_TIM9_IRQHandler
                0x000000000800e854                CAN2_RX0_IRQHandler
                0x000000000800e854                DMA2_Stream3_IRQHandler
                0x000000000800e854                USART6_IRQHandler
                0x000000000800e854                USART3_IRQHandler
                0x000000000800e854                CAN1_RX1_IRQHandler
                0x000000000800e854                UART5_IRQHandler
                0x000000000800e854                I2C1_EV_IRQHandler
                0x000000000800e854                DMA1_Stream6_IRQHandler
                0x000000000800e854                DMA1_Stream1_IRQHandler
                0x000000000800e854                UART4_IRQHandler
                0x000000000800e854                RCC_IRQHandler
                0x000000000800e854                TIM8_BRK_TIM12_IRQHandler
                0x000000000800e854                Default_Handler
                0x000000000800e854                EXTI15_10_IRQHandler
                0x000000000800e854                DMA1_Stream7_IRQHandler
                0x000000000800e854                TIM7_IRQHandler
                0x000000000800e854                CAN2_TX_IRQHandler
                0x000000000800e854                DMA2_Stream7_IRQHandler
                0x000000000800e854                I2C3_EV_IRQHandler
                0x000000000800e854                EXTI9_5_IRQHandler
                0x000000000800e854                RTC_WKUP_IRQHandler
                0x000000000800e854                SPI2_IRQHandler
                0x000000000800e854                OTG_HS_EP1_IN_IRQHandler
                0x000000000800e854                DMA1_Stream0_IRQHandler
                0x000000000800e854                CAN1_TX_IRQHandler
                0x000000000800e854                EXTI4_IRQHandler
                0x000000000800e854                FSMC_IRQHandler
                0x000000000800e854                OTG_HS_EP1_OUT_IRQHandler
                0x000000000800e854                WWDG_IRQHandler
                0x000000000800e854                OTG_FS_WKUP_IRQHandler
                0x000000000800e854                TIM1_TRG_COM_TIM11_IRQHandler
                0x000000000800e854                OTG_HS_IRQHandler
                0x000000000800e854                EXTI1_IRQHandler
                0x000000000800e854                USART2_IRQHandler
                0x000000000800e854                I2C2_ER_IRQHandler
                0x000000000800e854                DMA2_Stream1_IRQHandler
                0x000000000800e854                CAN1_SCE_IRQHandler
                0x000000000800e854                DMA2_Stream4_IRQHandler
                0x000000000800e854                USART1_IRQHandler
                0x000000000800e854                OTG_FS_IRQHandler
                0x000000000800e854                SPI3_IRQHandler
                0x000000000800e854                DMA1_Stream4_IRQHandler
                0x000000000800e854                I2C1_ER_IRQHandler
                0x000000000800e854                DMA2_Stream6_IRQHandler
                0x000000000800e854                DMA1_Stream3_IRQHandler
 *fill*         0x000000000800e856        0x2 
 .text.HAL_Init
                0x000000000800e858       0x44 Drivers/STM32F4xx_HAL_Driver/Src/stm32f4xx_hal.o
                0x000000000800e858                HAL_Init
 .text.HAL_InitTick
                0x000000000800e89c       0x60 Drivers/STM32F4xx_HAL_Driver/Src/stm32f4xx_hal.o
                0x000000000800e89c                HAL_InitTick
 .text.HAL_IncTick
                0x000000000800e8fc       0x28 Drivers/STM32F4xx_HAL_Driver/Src/stm32f4xx_hal.o
                0x000000000800e8fc                HAL_IncTick
 .text.HAL_GetTick
                0x000000000800e924       0x18 Drivers/STM32F4xx_HAL_Driver/Src/stm32f4xx_hal.o
                0x000000000800e924                HAL_GetTick
 .text.HAL_Delay
                0x000000000800e93c       0x44 Drivers/STM32F4xx_HAL_Driver/Src/stm32f4xx_hal.o
                0x000000000800e93c                HAL_Delay
 .text.HAL_ADC_Init
                0x000000000800e980       0x86 Drivers/STM32F4xx_HAL_Driver/Src/stm32f4xx_hal_adc.o
                0x000000000800e980                HAL_ADC_Init
 .text.HAL_ADC_IRQHandler
                0x000000000800ea06      0x282 Drivers/STM32F4xx_HAL_Driver/Src/stm32f4xx_hal_adc.o
                0x000000000800ea06                HAL_ADC_IRQHandler
 .text.HAL_ADC_Start_DMA
                0x000000000800ec88      0x1e4 Drivers/STM32F4xx_HAL_Driver/Src/stm32f4xx_hal_adc.o
                0x000000000800ec88                HAL_ADC_Start_DMA
 .text.HAL_ADC_Stop_DMA
                0x000000000800ee6c       0x94 Drivers/STM32F4xx_HAL_Driver/Src/stm32f4xx_hal_adc.o
                0x000000000800ee6c                HAL_ADC_Stop_DMA
 .text.HAL_ADC_ConvCpltCallback
                0x000000000800ef00       0x14 Drivers/STM32F4xx_HAL_Driver/Src/stm32f4xx_hal_adc.o
                0x000000000800ef00                HAL_ADC_ConvCpltCallback
 .text.HAL_ADC_ConvHalfCpltCallback
                0x000000000800ef14       0x14 Drivers/STM32F4xx_HAL_Driver/Src/stm32f4xx_hal_adc.o
                0x000000000800ef14                HAL_ADC_ConvHalfCpltCallback
 .text.HAL_ADC_LevelOutOfWindowCallback
                0x000000000800ef28       0x14 Drivers/STM32F4xx_HAL_Driver/Src/stm32f4xx_hal_adc.o
                0x000000000800ef28                HAL_ADC_LevelOutOfWindowCallback
 .text.HAL_ADC_ErrorCallback
                0x000000000800ef3c       0x14 Drivers/STM32F4xx_HAL_Driver/Src/stm32f4xx_hal_adc.o
                0x000000000800ef3c                HAL_ADC_ErrorCallback
 .text.HAL_ADC_ConfigChannel
                0x000000000800ef50      0x244 Drivers/STM32F4xx_HAL_Driver/Src/stm32f4xx_hal_adc.o
                0x000000000800ef50                HAL_ADC_ConfigChannel
 .text.ADC_Init
                0x000000000800f194      0x1f8 Drivers/STM32F4xx_HAL_Driver/Src/stm32f4xx_hal_adc.o
 .text.ADC_DMAConvCplt
                0x000000000800f38c       0xba Drivers/STM32F4xx_HAL_Driver/Src/stm32f4xx_hal_adc.o
 .text.ADC_DMAHalfConvCplt
                0x000000000800f446       0x1c Drivers/STM32F4xx_HAL_Driver/Src/stm32f4xx_hal_adc.o
 .text.ADC_DMAError
                0x000000000800f462       0x2e Drivers/STM32F4xx_HAL_Driver/Src/stm32f4xx_hal_adc.o
 .text.HAL_ADCEx_InjectedConvCpltCallback
                0x000000000800f490       0x14 Drivers/STM32F4xx_HAL_Driver/Src/stm32f4xx_hal_adc_ex.o
                0x000000000800f490                HAL_ADCEx_InjectedConvCpltCallback
 .text.__NVIC_SetPriorityGrouping
                0x000000000800f4a4       0x48 Drivers/STM32F4xx_HAL_Driver/Src/stm32f4xx_hal_cortex.o
 .text.__NVIC_GetPriorityGrouping
                0x000000000800f4ec       0x1c Drivers/STM32F4xx_HAL_Driver/Src/stm32f4xx_hal_cortex.o
 .text.__NVIC_EnableIRQ
                0x000000000800f508       0x3c Drivers/STM32F4xx_HAL_Driver/Src/stm32f4xx_hal_cortex.o
 .text.__NVIC_SetPriority
                0x000000000800f544       0x54 Drivers/STM32F4xx_HAL_Driver/Src/stm32f4xx_hal_cortex.o
 .text.NVIC_EncodePriority
                0x000000000800f598       0x66 Drivers/STM32F4xx_HAL_Driver/Src/stm32f4xx_hal_cortex.o
 *fill*         0x000000000800f5fe        0x2 
 .text.SysTick_Config
                0x000000000800f600       0x44 Drivers/STM32F4xx_HAL_Driver/Src/stm32f4xx_hal_cortex.o
 .text.HAL_NVIC_SetPriorityGrouping
                0x000000000800f644       0x16 Drivers/STM32F4xx_HAL_Driver/Src/stm32f4xx_hal_cortex.o
                0x000000000800f644                HAL_NVIC_SetPriorityGrouping
 .text.HAL_NVIC_SetPriority
                0x000000000800f65a       0x38 Drivers/STM32F4xx_HAL_Driver/Src/stm32f4xx_hal_cortex.o
                0x000000000800f65a                HAL_NVIC_SetPriority
 .text.HAL_NVIC_EnableIRQ
                0x000000000800f692       0x1c Drivers/STM32F4xx_HAL_Driver/Src/stm32f4xx_hal_cortex.o
                0x000000000800f692                HAL_NVIC_EnableIRQ
 .text.HAL_SYSTICK_Config
                0x000000000800f6ae       0x18 Drivers/STM32F4xx_HAL_Driver/Src/stm32f4xx_hal_cortex.o
                0x000000000800f6ae                HAL_SYSTICK_Config
 *fill*         0x000000000800f6c6        0x2 
 .text.HAL_DMA_Init
                0x000000000800f6c8      0x15c Drivers/STM32F4xx_HAL_Driver/Src/stm32f4xx_hal_dma.o
                0x000000000800f6c8                HAL_DMA_Init
 .text.HAL_DMA_Start_IT
                0x000000000800f824       0xb0 Drivers/STM32F4xx_HAL_Driver/Src/stm32f4xx_hal_dma.o
                0x000000000800f824                HAL_DMA_Start_IT
 .text.HAL_DMA_Abort
                0x000000000800f8d4       0xe0 Drivers/STM32F4xx_HAL_Driver/Src/stm32f4xx_hal_dma.o
                0x000000000800f8d4                HAL_DMA_Abort
 .text.HAL_DMA_IRQHandler
                0x000000000800f9b4      0x314 Drivers/STM32F4xx_HAL_Driver/Src/stm32f4xx_hal_dma.o
                0x000000000800f9b4                HAL_DMA_IRQHandler
 .text.DMA_SetConfig
                0x000000000800fcc8       0x5c Drivers/STM32F4xx_HAL_Driver/Src/stm32f4xx_hal_dma.o
 .text.DMA_CalcBaseAndBitshift
                0x000000000800fd24       0x6c Drivers/STM32F4xx_HAL_Driver/Src/stm32f4xx_hal_dma.o
 .text.DMA_CheckFifoParam
                0x000000000800fd90       0xf4 Drivers/STM32F4xx_HAL_Driver/Src/stm32f4xx_hal_dma.o
 .text.HAL_FLASH_IRQHandler
                0x000000000800fe84      0x140 Drivers/STM32F4xx_HAL_Driver/Src/stm32f4xx_hal_flash.o
                0x000000000800fe84                HAL_FLASH_IRQHandler
 .text.HAL_FLASH_EndOfOperationCallback
                0x000000000800ffc4       0x14 Drivers/STM32F4xx_HAL_Driver/Src/stm32f4xx_hal_flash.o
                0x000000000800ffc4                HAL_FLASH_EndOfOperationCallback
 .text.HAL_FLASH_OperationErrorCallback
                0x000000000800ffd8       0x14 Drivers/STM32F4xx_HAL_Driver/Src/stm32f4xx_hal_flash.o
                0x000000000800ffd8                HAL_FLASH_OperationErrorCallback
 .text.HAL_FLASH_Unlock
                0x000000000800ffec       0x44 Drivers/STM32F4xx_HAL_Driver/Src/stm32f4xx_hal_flash.o
                0x000000000800ffec                HAL_FLASH_Unlock
 .text.HAL_FLASH_Lock
                0x0000000008010030       0x20 Drivers/STM32F4xx_HAL_Driver/Src/stm32f4xx_hal_flash.o
                0x0000000008010030                HAL_FLASH_Lock
 .text.FLASH_WaitForLastOperation
                0x0000000008010050       0x80 Drivers/STM32F4xx_HAL_Driver/Src/stm32f4xx_hal_flash.o
                0x0000000008010050                FLASH_WaitForLastOperation
 .text.FLASH_SetErrorCode
                0x00000000080100d0       0xac Drivers/STM32F4xx_HAL_Driver/Src/stm32f4xx_hal_flash.o
 .text.HAL_FLASHEx_Erase
                0x000000000801017c       0xe0 Drivers/STM32F4xx_HAL_Driver/Src/stm32f4xx_hal_flash_ex.o
                0x000000000801017c                HAL_FLASHEx_Erase
 .text.FLASH_MassErase
                0x000000000801025c       0x48 Drivers/STM32F4xx_HAL_Driver/Src/stm32f4xx_hal_flash_ex.o
 .text.FLASH_Erase_Sector
                0x00000000080102a4       0x90 Drivers/STM32F4xx_HAL_Driver/Src/stm32f4xx_hal_flash_ex.o
                0x00000000080102a4                FLASH_Erase_Sector
 .text.FLASH_FlushCaches
                0x0000000008010334       0x8c Drivers/STM32F4xx_HAL_Driver/Src/stm32f4xx_hal_flash_ex.o
                0x0000000008010334                FLASH_FlushCaches
 .text.HAL_GPIO_Init
                0x00000000080103c0      0x334 Drivers/STM32F4xx_HAL_Driver/Src/stm32f4xx_hal_gpio.o
                0x00000000080103c0                HAL_GPIO_Init
 .text.HAL_GPIO_WritePin
                0x00000000080106f4       0x32 Drivers/STM32F4xx_HAL_Driver/Src/stm32f4xx_hal_gpio.o
                0x00000000080106f4                HAL_GPIO_WritePin
 *fill*         0x0000000008010726        0x2 
 .text.HAL_RCC_OscConfig
                0x0000000008010728      0x4e0 Drivers/STM32F4xx_HAL_Driver/Src/stm32f4xx_hal_rcc.o
                0x0000000008010728                HAL_RCC_OscConfig
 .text.HAL_RCC_ClockConfig
                0x0000000008010c08      0x1cc Drivers/STM32F4xx_HAL_Driver/Src/stm32f4xx_hal_rcc.o
                0x0000000008010c08                HAL_RCC_ClockConfig
 .text.HAL_RCC_GetSysClockFreq
                0x0000000008010dd4      0x1b0 Drivers/STM32F4xx_HAL_Driver/Src/stm32f4xx_hal_rcc.o
                0x0000000008010dd4                HAL_RCC_GetSysClockFreq
 .text.HAL_RCC_GetHCLKFreq
                0x0000000008010f84       0x18 Drivers/STM32F4xx_HAL_Driver/Src/stm32f4xx_hal_rcc.o
                0x0000000008010f84                HAL_RCC_GetHCLKFreq
 .text.HAL_RCC_GetPCLK1Freq
                0x0000000008010f9c       0x28 Drivers/STM32F4xx_HAL_Driver/Src/stm32f4xx_hal_rcc.o
                0x0000000008010f9c                HAL_RCC_GetPCLK1Freq
 .text.HAL_RCC_GetPCLK2Freq
                0x0000000008010fc4       0x28 Drivers/STM32F4xx_HAL_Driver/Src/stm32f4xx_hal_rcc.o
                0x0000000008010fc4                HAL_RCC_GetPCLK2Freq
 .text.HAL_SPI_Init
                0x0000000008010fec       0xc8 Drivers/STM32F4xx_HAL_Driver/Src/stm32f4xx_hal_spi.o
                0x0000000008010fec                HAL_SPI_Init
 .text.HAL_SPI_Transmit
                0x00000000080110b4      0x268 Drivers/STM32F4xx_HAL_Driver/Src/stm32f4xx_hal_spi.o
                0x00000000080110b4                HAL_SPI_Transmit
 .text.HAL_SPI_Receive
                0x000000000801131c      0x212 Drivers/STM32F4xx_HAL_Driver/Src/stm32f4xx_hal_spi.o
                0x000000000801131c                HAL_SPI_Receive
 .text.HAL_SPI_TransmitReceive
                0x000000000801152e      0x344 Drivers/STM32F4xx_HAL_Driver/Src/stm32f4xx_hal_spi.o
                0x000000000801152e                HAL_SPI_TransmitReceive
 .text.SPI_WaitFlagStateUntilTimeout
                0x0000000008011872       0xd4 Drivers/STM32F4xx_HAL_Driver/Src/stm32f4xx_hal_spi.o
 .text.SPI_EndRxTransaction
                0x0000000008011946       0xca Drivers/STM32F4xx_HAL_Driver/Src/stm32f4xx_hal_spi.o
 .text.SPI_EndRxTxTransaction
                0x0000000008011a10       0x84 Drivers/STM32F4xx_HAL_Driver/Src/stm32f4xx_hal_spi.o
 .text.HAL_TIM_Base_Init
                0x0000000008011a94       0x56 Drivers/STM32F4xx_HAL_Driver/Src/stm32f4xx_hal_tim.o
                0x0000000008011a94                HAL_TIM_Base_Init
 .text.HAL_TIM_Base_Start_IT
                0x0000000008011aea       0x48 Drivers/STM32F4xx_HAL_Driver/Src/stm32f4xx_hal_tim.o
                0x0000000008011aea                HAL_TIM_Base_Start_IT
 .text.HAL_TIM_Base_Stop_IT
                0x0000000008011b32       0x56 Drivers/STM32F4xx_HAL_Driver/Src/stm32f4xx_hal_tim.o
                0x0000000008011b32                HAL_TIM_Base_Stop_IT
 .text.HAL_TIM_OC_Init
                0x0000000008011b88       0x56 Drivers/STM32F4xx_HAL_Driver/Src/stm32f4xx_hal_tim.o
                0x0000000008011b88                HAL_TIM_OC_Init
 .text.HAL_TIM_OC_MspInit
                0x0000000008011bde       0x14 Drivers/STM32F4xx_HAL_Driver/Src/stm32f4xx_hal_tim.o
                0x0000000008011bde                HAL_TIM_OC_MspInit
 *fill*         0x0000000008011bf2        0x2 
 .text.HAL_TIM_OC_Start_IT
                0x0000000008011bf4      0x108 Drivers/STM32F4xx_HAL_Driver/Src/stm32f4xx_hal_tim.o
                0x0000000008011bf4                HAL_TIM_OC_Start_IT
 .text.HAL_TIM_OC_Stop_IT
                0x0000000008011cfc      0x134 Drivers/STM32F4xx_HAL_Driver/Src/stm32f4xx_hal_tim.o
                0x0000000008011cfc                HAL_TIM_OC_Stop_IT
 .text.HAL_TIM_PWM_Init
                0x0000000008011e30       0x56 Drivers/STM32F4xx_HAL_Driver/Src/stm32f4xx_hal_tim.o
                0x0000000008011e30                HAL_TIM_PWM_Init
 .text.HAL_TIM_PWM_MspInit
                0x0000000008011e86       0x14 Drivers/STM32F4xx_HAL_Driver/Src/stm32f4xx_hal_tim.o
                0x0000000008011e86                HAL_TIM_PWM_MspInit
 *fill*         0x0000000008011e9a        0x2 
 .text.HAL_TIM_PWM_Start
                0x0000000008011e9c       0x7c Drivers/STM32F4xx_HAL_Driver/Src/stm32f4xx_hal_tim.o
                0x0000000008011e9c                HAL_TIM_PWM_Start
 .text.HAL_TIM_PWM_Stop
                0x0000000008011f18       0xb0 Drivers/STM32F4xx_HAL_Driver/Src/stm32f4xx_hal_tim.o
                0x0000000008011f18                HAL_TIM_PWM_Stop
 .text.HAL_TIM_Encoder_Init
                0x0000000008011fc8      0x124 Drivers/STM32F4xx_HAL_Driver/Src/stm32f4xx_hal_tim.o
                0x0000000008011fc8                HAL_TIM_Encoder_Init
 .text.HAL_TIM_Encoder_Start
                0x00000000080120ec       0x6e Drivers/STM32F4xx_HAL_Driver/Src/stm32f4xx_hal_tim.o
                0x00000000080120ec                HAL_TIM_Encoder_Start
 .text.HAL_TIM_Encoder_Stop
                0x000000000801215a       0x8e Drivers/STM32F4xx_HAL_Driver/Src/stm32f4xx_hal_tim.o
                0x000000000801215a                HAL_TIM_Encoder_Stop
 .text.HAL_TIM_IRQHandler
                0x00000000080121e8      0x210 Drivers/STM32F4xx_HAL_Driver/Src/stm32f4xx_hal_tim.o
                0x00000000080121e8                HAL_TIM_IRQHandler
 .text.HAL_TIM_OC_ConfigChannel
                0x00000000080123f8       0xc0 Drivers/STM32F4xx_HAL_Driver/Src/stm32f4xx_hal_tim.o
                0x00000000080123f8                HAL_TIM_OC_ConfigChannel
 .text.HAL_TIM_PWM_ConfigChannel
                0x00000000080124b8      0x18c Drivers/STM32F4xx_HAL_Driver/Src/stm32f4xx_hal_tim.o
                0x00000000080124b8                HAL_TIM_PWM_ConfigChannel
 .text.HAL_TIM_ConfigClockSource
                0x0000000008012644      0x16e Drivers/STM32F4xx_HAL_Driver/Src/stm32f4xx_hal_tim.o
                0x0000000008012644                HAL_TIM_ConfigClockSource
 .text.HAL_TIM_OC_DelayElapsedCallback
                0x00000000080127b2       0x14 Drivers/STM32F4xx_HAL_Driver/Src/stm32f4xx_hal_tim.o
                0x00000000080127b2                HAL_TIM_OC_DelayElapsedCallback
 .text.HAL_TIM_IC_CaptureCallback
                0x00000000080127c6       0x14 Drivers/STM32F4xx_HAL_Driver/Src/stm32f4xx_hal_tim.o
                0x00000000080127c6                HAL_TIM_IC_CaptureCallback
 .text.HAL_TIM_PWM_PulseFinishedCallback
                0x00000000080127da       0x14 Drivers/STM32F4xx_HAL_Driver/Src/stm32f4xx_hal_tim.o
                0x00000000080127da                HAL_TIM_PWM_PulseFinishedCallback
 .text.HAL_TIM_TriggerCallback
                0x00000000080127ee       0x14 Drivers/STM32F4xx_HAL_Driver/Src/stm32f4xx_hal_tim.o
                0x00000000080127ee                HAL_TIM_TriggerCallback
 *fill*         0x0000000008012802        0x2 
 .text.TIM_Base_SetConfig
                0x0000000008012804      0x140 Drivers/STM32F4xx_HAL_Driver/Src/stm32f4xx_hal_tim.o
                0x0000000008012804                TIM_Base_SetConfig
 .text.TIM_OC1_SetConfig
                0x0000000008012944       0xe0 Drivers/STM32F4xx_HAL_Driver/Src/stm32f4xx_hal_tim.o
 .text.TIM_OC2_SetConfig
                0x0000000008012a24       0xec Drivers/STM32F4xx_HAL_Driver/Src/stm32f4xx_hal_tim.o
                0x0000000008012a24                TIM_OC2_SetConfig
 .text.TIM_OC3_SetConfig
                0x0000000008012b10       0xe8 Drivers/STM32F4xx_HAL_Driver/Src/stm32f4xx_hal_tim.o
 .text.TIM_OC4_SetConfig
                0x0000000008012bf8       0xac Drivers/STM32F4xx_HAL_Driver/Src/stm32f4xx_hal_tim.o
 .text.TIM_TI1_ConfigInputStage
                0x0000000008012ca4       0x5e Drivers/STM32F4xx_HAL_Driver/Src/stm32f4xx_hal_tim.o
 .text.TIM_TI2_ConfigInputStage
                0x0000000008012d02       0x60 Drivers/STM32F4xx_HAL_Driver/Src/stm32f4xx_hal_tim.o
 .text.TIM_ITRx_SetConfig
                0x0000000008012d62       0x36 Drivers/STM32F4xx_HAL_Driver/Src/stm32f4xx_hal_tim.o
 .text.TIM_ETR_SetConfig
                0x0000000008012d98       0x40 Drivers/STM32F4xx_HAL_Driver/Src/stm32f4xx_hal_tim.o
                0x0000000008012d98                TIM_ETR_SetConfig
 .text.TIM_CCxChannelCmd
                0x0000000008012dd8       0x4a Drivers/STM32F4xx_HAL_Driver/Src/stm32f4xx_hal_tim.o
                0x0000000008012dd8                TIM_CCxChannelCmd
 .text.HAL_TIMEx_OCN_Start_IT
                0x0000000008012e22       0xaa Drivers/STM32F4xx_HAL_Driver/Src/stm32f4xx_hal_tim_ex.o
                0x0000000008012e22                HAL_TIMEx_OCN_Start_IT
 .text.HAL_TIMEx_OCN_Stop_IT
                0x0000000008012ecc       0xec Drivers/STM32F4xx_HAL_Driver/Src/stm32f4xx_hal_tim_ex.o
                0x0000000008012ecc                HAL_TIMEx_OCN_Stop_IT
 .text.HAL_TIMEx_MasterConfigSynchronization
                0x0000000008012fb8       0xf8 Drivers/STM32F4xx_HAL_Driver/Src/stm32f4xx_hal_tim_ex.o
                0x0000000008012fb8                HAL_TIMEx_MasterConfigSynchronization
 .text.HAL_TIMEx_ConfigBreakDeadTime
                0x00000000080130b0       0xa4 Drivers/STM32F4xx_HAL_Driver/Src/stm32f4xx_hal_tim_ex.o
                0x00000000080130b0                HAL_TIMEx_ConfigBreakDeadTime
 .text.HAL_TIMEx_CommutCallback
                0x0000000008013154       0x14 Drivers/STM32F4xx_HAL_Driver/Src/stm32f4xx_hal_tim_ex.o
                0x0000000008013154                HAL_TIMEx_CommutCallback
 .text.HAL_TIMEx_BreakCallback
                0x0000000008013168       0x14 Drivers/STM32F4xx_HAL_Driver/Src/stm32f4xx_hal_tim_ex.o
                0x0000000008013168                HAL_TIMEx_BreakCallback
 .text.TIM_CCxNChannelCmd
                0x000000000801317c       0x4a Drivers/STM32F4xx_HAL_Driver/Src/stm32f4xx_hal_tim_ex.o
 .text.HAL_UART_Init
                0x00000000080131c6       0x9a Drivers/STM32F4xx_HAL_Driver/Src/stm32f4xx_hal_uart.o
                0x00000000080131c6                HAL_UART_Init
 .text.HAL_UART_Transmit
                0x0000000008013260      0x132 Drivers/STM32F4xx_HAL_Driver/Src/stm32f4xx_hal_uart.o
                0x0000000008013260                HAL_UART_Transmit
 .text.HAL_UART_Receive
                0x0000000008013392      0x14c Drivers/STM32F4xx_HAL_Driver/Src/stm32f4xx_hal_uart.o
                0x0000000008013392                HAL_UART_Receive
 .text.UART_WaitOnFlagUntilTimeout
                0x00000000080134de       0x94 Drivers/STM32F4xx_HAL_Driver/Src/stm32f4xx_hal_uart.o
 *fill*         0x0000000008013572        0x2 
 .text.UART_SetConfig
                0x0000000008013574      0x6f8 Drivers/STM32F4xx_HAL_Driver/Src/stm32f4xx_hal_uart.o
 .text.round    0x0000000008013c6c       0x94 c:/st2/stm32cubeide_1.5.1/stm32cubeide/plugins/com.st.stm32cube.ide.mcu.externaltools.gnu-tools-for-stm32.7-2018-q2-update.win32_1.5.0.202011040924/tools/bin/../lib/gcc/arm-none-eabi/7.3.1/../../../../arm-none-eabi/lib/thumb/v7e-m/fpv4-sp/hard\libm.a(lib_a-s_round.o)
                0x0000000008013c6c                round
 .text.__errno  0x0000000008013d00        0xc c:/st2/stm32cubeide_1.5.1/stm32cubeide/plugins/com.st.stm32cube.ide.mcu.externaltools.gnu-tools-for-stm32.7-2018-q2-update.win32_1.5.0.202011040924/tools/bin/../lib/gcc/arm-none-eabi/7.3.1/../../../../arm-none-eabi/lib/thumb/v7e-m/fpv4-sp/hard\libc_nano.a(lib_a-errno.o)
                0x0000000008013d00                __errno
 .text.__libc_init_array
                0x0000000008013d0c       0x48 c:/st2/stm32cubeide_1.5.1/stm32cubeide/plugins/com.st.stm32cube.ide.mcu.externaltools.gnu-tools-for-stm32.7-2018-q2-update.win32_1.5.0.202011040924/tools/bin/../lib/gcc/arm-none-eabi/7.3.1/../../../../arm-none-eabi/lib/thumb/v7e-m/fpv4-sp/hard\libc_nano.a(lib_a-init.o)
                0x0000000008013d0c                __libc_init_array
 .text.memcpy   0x0000000008013d54       0x16 c:/st2/stm32cubeide_1.5.1/stm32cubeide/plugins/com.st.stm32cube.ide.mcu.externaltools.gnu-tools-for-stm32.7-2018-q2-update.win32_1.5.0.202011040924/tools/bin/../lib/gcc/arm-none-eabi/7.3.1/../../../../arm-none-eabi/lib/thumb/v7e-m/fpv4-sp/hard\libc_nano.a(lib_a-memcpy-stub.o)
                0x0000000008013d54                memcpy
 .text.memset   0x0000000008013d6a       0x10 c:/st2/stm32cubeide_1.5.1/stm32cubeide/plugins/com.st.stm32cube.ide.mcu.externaltools.gnu-tools-for-stm32.7-2018-q2-update.win32_1.5.0.202011040924/tools/bin/../lib/gcc/arm-none-eabi/7.3.1/../../../../arm-none-eabi/lib/thumb/v7e-m/fpv4-sp/hard\libc_nano.a(lib_a-memset.o)
                0x0000000008013d6a                memset
 .text.__cvt    0x0000000008013d7a       0xc2 c:/st2/stm32cubeide_1.5.1/stm32cubeide/plugins/com.st.stm32cube.ide.mcu.externaltools.gnu-tools-for-stm32.7-2018-q2-update.win32_1.5.0.202011040924/tools/bin/../lib/gcc/arm-none-eabi/7.3.1/../../../../arm-none-eabi/lib/thumb/v7e-m/fpv4-sp/hard\libc_nano.a(lib_a-nano-vfprintf_float.o)
                0x0000000008013d7a                __cvt
 .text.__exponent
                0x0000000008013e3c       0x66 c:/st2/stm32cubeide_1.5.1/stm32cubeide/plugins/com.st.stm32cube.ide.mcu.externaltools.gnu-tools-for-stm32.7-2018-q2-update.win32_1.5.0.202011040924/tools/bin/../lib/gcc/arm-none-eabi/7.3.1/../../../../arm-none-eabi/lib/thumb/v7e-m/fpv4-sp/hard\libc_nano.a(lib_a-nano-vfprintf_float.o)
                0x0000000008013e3c                __exponent
 *fill*         0x0000000008013ea2        0x2 
 .text._printf_float
                0x0000000008013ea4      0x480 c:/st2/stm32cubeide_1.5.1/stm32cubeide/plugins/com.st.stm32cube.ide.mcu.externaltools.gnu-tools-for-stm32.7-2018-q2-update.win32_1.5.0.202011040924/tools/bin/../lib/gcc/arm-none-eabi/7.3.1/../../../../arm-none-eabi/lib/thumb/v7e-m/fpv4-sp/hard\libc_nano.a(lib_a-nano-vfprintf_float.o)
                0x0000000008013ea4                _printf_float
 .text._printf_common
                0x0000000008014324       0xea c:/st2/stm32cubeide_1.5.1/stm32cubeide/plugins/com.st.stm32cube.ide.mcu.externaltools.gnu-tools-for-stm32.7-2018-q2-update.win32_1.5.0.202011040924/tools/bin/../lib/gcc/arm-none-eabi/7.3.1/../../../../arm-none-eabi/lib/thumb/v7e-m/fpv4-sp/hard\libc_nano.a(lib_a-nano-vfprintf_i.o)
                0x0000000008014324                _printf_common
 *fill*         0x000000000801440e        0x2 
 .text._printf_i
                0x0000000008014410      0x224 c:/st2/stm32cubeide_1.5.1/stm32cubeide/plugins/com.st.stm32cube.ide.mcu.externaltools.gnu-tools-for-stm32.7-2018-q2-update.win32_1.5.0.202011040924/tools/bin/../lib/gcc/arm-none-eabi/7.3.1/../../../../arm-none-eabi/lib/thumb/v7e-m/fpv4-sp/hard\libc_nano.a(lib_a-nano-vfprintf_i.o)
                0x0000000008014410                _printf_i
 .text._scanf_float
                0x0000000008014634      0x3c4 c:/st2/stm32cubeide_1.5.1/stm32cubeide/plugins/com.st.stm32cube.ide.mcu.externaltools.gnu-tools-for-stm32.7-2018-q2-update.win32_1.5.0.202011040924/tools/bin/../lib/gcc/arm-none-eabi/7.3.1/../../../../arm-none-eabi/lib/thumb/v7e-m/fpv4-sp/hard\libc_nano.a(lib_a-nano-vfscanf_float.o)
                0x0000000008014634                _scanf_float
 .text.printf   0x00000000080149f8       0x30 c:/st2/stm32cubeide_1.5.1/stm32cubeide/plugins/com.st.stm32cube.ide.mcu.externaltools.gnu-tools-for-stm32.7-2018-q2-update.win32_1.5.0.202011040924/tools/bin/../lib/gcc/arm-none-eabi/7.3.1/../../../../arm-none-eabi/lib/thumb/v7e-m/fpv4-sp/hard\libc_nano.a(lib_a-printf.o)
                0x00000000080149f8                iprintf
                0x00000000080149f8                printf
 .text._puts_r  0x0000000008014a28       0xb8 c:/st2/stm32cubeide_1.5.1/stm32cubeide/plugins/com.st.stm32cube.ide.mcu.externaltools.gnu-tools-for-stm32.7-2018-q2-update.win32_1.5.0.202011040924/tools/bin/../lib/gcc/arm-none-eabi/7.3.1/../../../../arm-none-eabi/lib/thumb/v7e-m/fpv4-sp/hard\libc_nano.a(lib_a-puts.o)
                0x0000000008014a28                _puts_r
 .text.puts     0x0000000008014ae0       0x10 c:/st2/stm32cubeide_1.5.1/stm32cubeide/plugins/com.st.stm32cube.ide.mcu.externaltools.gnu-tools-for-stm32.7-2018-q2-update.win32_1.5.0.202011040924/tools/bin/../lib/gcc/arm-none-eabi/7.3.1/../../../../arm-none-eabi/lib/thumb/v7e-m/fpv4-sp/hard\libc_nano.a(lib_a-puts.o)
                0x0000000008014ae0                puts
 .text.scanf    0x0000000008014af0       0x30 c:/st2/stm32cubeide_1.5.1/stm32cubeide/plugins/com.st.stm32cube.ide.mcu.externaltools.gnu-tools-for-stm32.7-2018-q2-update.win32_1.5.0.202011040924/tools/bin/../lib/gcc/arm-none-eabi/7.3.1/../../../../arm-none-eabi/lib/thumb/v7e-m/fpv4-sp/hard\libc_nano.a(lib_a-scanf.o)
                0x0000000008014af0                scanf
                0x0000000008014af0                iscanf
 .text.setbuf   0x0000000008014b20       0x10 c:/st2/stm32cubeide_1.5.1/stm32cubeide/plugins/com.st.stm32cube.ide.mcu.externaltools.gnu-tools-for-stm32.7-2018-q2-update.win32_1.5.0.202011040924/tools/bin/../lib/gcc/arm-none-eabi/7.3.1/../../../../arm-none-eabi/lib/thumb/v7e-m/fpv4-sp/hard\libc_nano.a(lib_a-setbuf.o)
                0x0000000008014b20                setbuf
 .text.setvbuf  0x0000000008014b30      0x15c c:/st2/stm32cubeide_1.5.1/stm32cubeide/plugins/com.st.stm32cube.ide.mcu.externaltools.gnu-tools-for-stm32.7-2018-q2-update.win32_1.5.0.202011040924/tools/bin/../lib/gcc/arm-none-eabi/7.3.1/../../../../arm-none-eabi/lib/thumb/v7e-m/fpv4-sp/hard\libc_nano.a(lib_a-setvbuf.o)
                0x0000000008014b30                setvbuf
 .text.nanf     0x0000000008014c8c        0xc c:/st2/stm32cubeide_1.5.1/stm32cubeide/plugins/com.st.stm32cube.ide.mcu.externaltools.gnu-tools-for-stm32.7-2018-q2-update.win32_1.5.0.202011040924/tools/bin/../lib/gcc/arm-none-eabi/7.3.1/../../../../arm-none-eabi/lib/thumb/v7e-m/fpv4-sp/hard\libc_nano.a(lib_a-sf_nan.o)
                0x0000000008014c8c                nanf
 .text.sprintf  0x0000000008014c98       0x40 c:/st2/stm32cubeide_1.5.1/stm32cubeide/plugins/com.st.stm32cube.ide.mcu.externaltools.gnu-tools-for-stm32.7-2018-q2-update.win32_1.5.0.202011040924/tools/bin/../lib/gcc/arm-none-eabi/7.3.1/../../../../arm-none-eabi/lib/thumb/v7e-m/fpv4-sp/hard\libc_nano.a(lib_a-sprintf.o)
                0x0000000008014c98                siprintf
                0x0000000008014c98                sprintf
 .text.unlikely.sulp
                0x0000000008014cd8       0x38 c:/st2/stm32cubeide_1.5.1/stm32cubeide/plugins/com.st.stm32cube.ide.mcu.externaltools.gnu-tools-for-stm32.7-2018-q2-update.win32_1.5.0.202011040924/tools/bin/../lib/gcc/arm-none-eabi/7.3.1/../../../../arm-none-eabi/lib/thumb/v7e-m/fpv4-sp/hard\libc_nano.a(lib_a-strtod.o)
 .text._strtod_l
                0x0000000008014d10      0xbe8 c:/st2/stm32cubeide_1.5.1/stm32cubeide/plugins/com.st.stm32cube.ide.mcu.externaltools.gnu-tools-for-stm32.7-2018-q2-update.win32_1.5.0.202011040924/tools/bin/../lib/gcc/arm-none-eabi/7.3.1/../../../../arm-none-eabi/lib/thumb/v7e-m/fpv4-sp/hard\libc_nano.a(lib_a-strtod.o)
                0x0000000008014d10                _strtod_l
 .text._strtod_r
                0x00000000080158f8       0x20 c:/st2/stm32cubeide_1.5.1/stm32cubeide/plugins/com.st.stm32cube.ide.mcu.externaltools.gnu-tools-for-stm32.7-2018-q2-update.win32_1.5.0.202011040924/tools/bin/../lib/gcc/arm-none-eabi/7.3.1/../../../../arm-none-eabi/lib/thumb/v7e-m/fpv4-sp/hard\libc_nano.a(lib_a-strtod.o)
                0x00000000080158f8                _strtod_r
 .text._strtol_l.isra.0
                0x0000000008015918       0xf6 c:/st2/stm32cubeide_1.5.1/stm32cubeide/plugins/com.st.stm32cube.ide.mcu.externaltools.gnu-tools-for-stm32.7-2018-q2-update.win32_1.5.0.202011040924/tools/bin/../lib/gcc/arm-none-eabi/7.3.1/../../../../arm-none-eabi/lib/thumb/v7e-m/fpv4-sp/hard\libc_nano.a(lib_a-strtol.o)
 *fill*         0x0000000008015a0e        0x2 
 .text._strtol_r
                0x0000000008015a10       0x24 c:/st2/stm32cubeide_1.5.1/stm32cubeide/plugins/com.st.stm32cube.ide.mcu.externaltools.gnu-tools-for-stm32.7-2018-q2-update.win32_1.5.0.202011040924/tools/bin/../lib/gcc/arm-none-eabi/7.3.1/../../../../arm-none-eabi/lib/thumb/v7e-m/fpv4-sp/hard\libc_nano.a(lib_a-strtol.o)
                0x0000000008015a10                _strtol_r
 .text.__swbuf_r
                0x0000000008015a34       0xa4 c:/st2/stm32cubeide_1.5.1/stm32cubeide/plugins/com.st.stm32cube.ide.mcu.externaltools.gnu-tools-for-stm32.7-2018-q2-update.win32_1.5.0.202011040924/tools/bin/../lib/gcc/arm-none-eabi/7.3.1/../../../../arm-none-eabi/lib/thumb/v7e-m/fpv4-sp/hard\libc_nano.a(lib_a-wbuf.o)
                0x0000000008015a34                __swbuf_r
 .text.__swsetup_r
                0x0000000008015ad8       0xdc c:/st2/stm32cubeide_1.5.1/stm32cubeide/plugins/com.st.stm32cube.ide.mcu.externaltools.gnu-tools-for-stm32.7-2018-q2-update.win32_1.5.0.202011040924/tools/bin/../lib/gcc/arm-none-eabi/7.3.1/../../../../arm-none-eabi/lib/thumb/v7e-m/fpv4-sp/hard\libc_nano.a(lib_a-wsetup.o)
                0x0000000008015ad8                __swsetup_r
 .text.quorem   0x0000000008015bb4      0x118 c:/st2/stm32cubeide_1.5.1/stm32cubeide/plugins/com.st.stm32cube.ide.mcu.externaltools.gnu-tools-for-stm32.7-2018-q2-update.win32_1.5.0.202011040924/tools/bin/../lib/gcc/arm-none-eabi/7.3.1/../../../../arm-none-eabi/lib/thumb/v7e-m/fpv4-sp/hard\libc_nano.a(lib_a-dtoa.o)
 *fill*         0x0000000008015ccc        0x4 
 .text._dtoa_r  0x0000000008015cd0      0xb70 c:/st2/stm32cubeide_1.5.1/stm32cubeide/plugins/com.st.stm32cube.ide.mcu.externaltools.gnu-tools-for-stm32.7-2018-q2-update.win32_1.5.0.202011040924/tools/bin/../lib/gcc/arm-none-eabi/7.3.1/../../../../arm-none-eabi/lib/thumb/v7e-m/fpv4-sp/hard\libc_nano.a(lib_a-dtoa.o)
                0x0000000008015cd0                _dtoa_r
 .text.__sflush_r
                0x0000000008016840      0x10c c:/st2/stm32cubeide_1.5.1/stm32cubeide/plugins/com.st.stm32cube.ide.mcu.externaltools.gnu-tools-for-stm32.7-2018-q2-update.win32_1.5.0.202011040924/tools/bin/../lib/gcc/arm-none-eabi/7.3.1/../../../../arm-none-eabi/lib/thumb/v7e-m/fpv4-sp/hard\libc_nano.a(lib_a-fflush.o)
                0x0000000008016840                __sflush_r
 .text._fflush_r
                0x000000000801694c       0x54 c:/st2/stm32cubeide_1.5.1/stm32cubeide/plugins/com.st.stm32cube.ide.mcu.externaltools.gnu-tools-for-stm32.7-2018-q2-update.win32_1.5.0.202011040924/tools/bin/../lib/gcc/arm-none-eabi/7.3.1/../../../../arm-none-eabi/lib/thumb/v7e-m/fpv4-sp/hard\libc_nano.a(lib_a-fflush.o)
                0x000000000801694c                _fflush_r
 .text.fflush   0x00000000080169a0       0x24 c:/st2/stm32cubeide_1.5.1/stm32cubeide/plugins/com.st.stm32cube.ide.mcu.externaltools.gnu-tools-for-stm32.7-2018-q2-update.win32_1.5.0.202011040924/tools/bin/../lib/gcc/arm-none-eabi/7.3.1/../../../../arm-none-eabi/lib/thumb/v7e-m/fpv4-sp/hard\libc_nano.a(lib_a-fflush.o)
                0x00000000080169a0                fflush
 .text.std      0x00000000080169c4       0x48 c:/st2/stm32cubeide_1.5.1/stm32cubeide/plugins/com.st.stm32cube.ide.mcu.externaltools.gnu-tools-for-stm32.7-2018-q2-update.win32_1.5.0.202011040924/tools/bin/../lib/gcc/arm-none-eabi/7.3.1/../../../../arm-none-eabi/lib/thumb/v7e-m/fpv4-sp/hard\libc_nano.a(lib_a-findfp.o)
 .text._cleanup_r
                0x0000000008016a0c        0xc c:/st2/stm32cubeide_1.5.1/stm32cubeide/plugins/com.st.stm32cube.ide.mcu.externaltools.gnu-tools-for-stm32.7-2018-q2-update.win32_1.5.0.202011040924/tools/bin/../lib/gcc/arm-none-eabi/7.3.1/../../../../arm-none-eabi/lib/thumb/v7e-m/fpv4-sp/hard\libc_nano.a(lib_a-findfp.o)
                0x0000000008016a0c                _cleanup_r
 .text.__sfmoreglue
                0x0000000008016a18       0x2c c:/st2/stm32cubeide_1.5.1/stm32cubeide/plugins/com.st.stm32cube.ide.mcu.externaltools.gnu-tools-for-stm32.7-2018-q2-update.win32_1.5.0.202011040924/tools/bin/../lib/gcc/arm-none-eabi/7.3.1/../../../../arm-none-eabi/lib/thumb/v7e-m/fpv4-sp/hard\libc_nano.a(lib_a-findfp.o)
                0x0000000008016a18                __sfmoreglue
 .text.__sinit  0x0000000008016a44       0x60 c:/st2/stm32cubeide_1.5.1/stm32cubeide/plugins/com.st.stm32cube.ide.mcu.externaltools.gnu-tools-for-stm32.7-2018-q2-update.win32_1.5.0.202011040924/tools/bin/../lib/gcc/arm-none-eabi/7.3.1/../../../../arm-none-eabi/lib/thumb/v7e-m/fpv4-sp/hard\libc_nano.a(lib_a-findfp.o)
                0x0000000008016a44                __sinit
 .text.__sfp    0x0000000008016aa4       0x78 c:/st2/stm32cubeide_1.5.1/stm32cubeide/plugins/com.st.stm32cube.ide.mcu.externaltools.gnu-tools-for-stm32.7-2018-q2-update.win32_1.5.0.202011040924/tools/bin/../lib/gcc/arm-none-eabi/7.3.1/../../../../arm-none-eabi/lib/thumb/v7e-m/fpv4-sp/hard\libc_nano.a(lib_a-findfp.o)
                0x0000000008016aa4                __sfp
 .text._fwalk   0x0000000008016b1c       0x38 c:/st2/stm32cubeide_1.5.1/stm32cubeide/plugins/com.st.stm32cube.ide.mcu.externaltools.gnu-tools-for-stm32.7-2018-q2-update.win32_1.5.0.202011040924/tools/bin/../lib/gcc/arm-none-eabi/7.3.1/../../../../arm-none-eabi/lib/thumb/v7e-m/fpv4-sp/hard\libc_nano.a(lib_a-fwalk.o)
                0x0000000008016b1c                _fwalk
 .text._fwalk_reent
                0x0000000008016b54       0x3c c:/st2/stm32cubeide_1.5.1/stm32cubeide/plugins/com.st.stm32cube.ide.mcu.externaltools.gnu-tools-for-stm32.7-2018-q2-update.win32_1.5.0.202011040924/tools/bin/../lib/gcc/arm-none-eabi/7.3.1/../../../../arm-none-eabi/lib/thumb/v7e-m/fpv4-sp/hard\libc_nano.a(lib_a-fwalk.o)
                0x0000000008016b54                _fwalk_reent
 .text.rshift   0x0000000008016b90       0x74 c:/st2/stm32cubeide_1.5.1/stm32cubeide/plugins/com.st.stm32cube.ide.mcu.externaltools.gnu-tools-for-stm32.7-2018-q2-update.win32_1.5.0.202011040924/tools/bin/../lib/gcc/arm-none-eabi/7.3.1/../../../../arm-none-eabi/lib/thumb/v7e-m/fpv4-sp/hard\libc_nano.a(lib_a-gdtoa-gethex.o)
 .text.__hexdig_fun
                0x0000000008016c04       0x2a c:/st2/stm32cubeide_1.5.1/stm32cubeide/plugins/com.st.stm32cube.ide.mcu.externaltools.gnu-tools-for-stm32.7-2018-q2-update.win32_1.5.0.202011040924/tools/bin/../lib/gcc/arm-none-eabi/7.3.1/../../../../arm-none-eabi/lib/thumb/v7e-m/fpv4-sp/hard\libc_nano.a(lib_a-gdtoa-gethex.o)
                0x0000000008016c04                __hexdig_fun
 .text.__gethex
                0x0000000008016c2e      0x442 c:/st2/stm32cubeide_1.5.1/stm32cubeide/plugins/com.st.stm32cube.ide.mcu.externaltools.gnu-tools-for-stm32.7-2018-q2-update.win32_1.5.0.202011040924/tools/bin/../lib/gcc/arm-none-eabi/7.3.1/../../../../arm-none-eabi/lib/thumb/v7e-m/fpv4-sp/hard\libc_nano.a(lib_a-gdtoa-gethex.o)
                0x0000000008016c2e                __gethex
 .text.L_shift  0x0000000008017070       0x24 c:/st2/stm32cubeide_1.5.1/stm32cubeide/plugins/com.st.stm32cube.ide.mcu.externaltools.gnu-tools-for-stm32.7-2018-q2-update.win32_1.5.0.202011040924/tools/bin/../lib/gcc/arm-none-eabi/7.3.1/../../../../arm-none-eabi/lib/thumb/v7e-m/fpv4-sp/hard\libc_nano.a(lib_a-gdtoa-hexnan.o)
 .text.__match  0x0000000008017094       0x28 c:/st2/stm32cubeide_1.5.1/stm32cubeide/plugins/com.st.stm32cube.ide.mcu.externaltools.gnu-tools-for-stm32.7-2018-q2-update.win32_1.5.0.202011040924/tools/bin/../lib/gcc/arm-none-eabi/7.3.1/../../../../arm-none-eabi/lib/thumb/v7e-m/fpv4-sp/hard\libc_nano.a(lib_a-gdtoa-hexnan.o)
                0x0000000008017094                __match
 .text.__hexnan
                0x00000000080170bc      0x120 c:/st2/stm32cubeide_1.5.1/stm32cubeide/plugins/com.st.stm32cube.ide.mcu.externaltools.gnu-tools-for-stm32.7-2018-q2-update.win32_1.5.0.202011040924/tools/bin/../lib/gcc/arm-none-eabi/7.3.1/../../../../arm-none-eabi/lib/thumb/v7e-m/fpv4-sp/hard\libc_nano.a(lib_a-gdtoa-hexnan.o)
                0x00000000080170bc                __hexnan
 .text.__locale_ctype_ptr_l
                0x00000000080171dc        0x6 c:/st2/stm32cubeide_1.5.1/stm32cubeide/plugins/com.st.stm32cube.ide.mcu.externaltools.gnu-tools-for-stm32.7-2018-q2-update.win32_1.5.0.202011040924/tools/bin/../lib/gcc/arm-none-eabi/7.3.1/../../../../arm-none-eabi/lib/thumb/v7e-m/fpv4-sp/hard\libc_nano.a(lib_a-locale.o)
                0x00000000080171dc                __locale_ctype_ptr_l
 *fill*         0x00000000080171e2        0x2 
 .text.__locale_ctype_ptr
                0x00000000080171e4       0x1c c:/st2/stm32cubeide_1.5.1/stm32cubeide/plugins/com.st.stm32cube.ide.mcu.externaltools.gnu-tools-for-stm32.7-2018-q2-update.win32_1.5.0.202011040924/tools/bin/../lib/gcc/arm-none-eabi/7.3.1/../../../../arm-none-eabi/lib/thumb/v7e-m/fpv4-sp/hard\libc_nano.a(lib_a-locale.o)
                0x00000000080171e4                __locale_ctype_ptr
 .text.__localeconv_l
                0x0000000008017200        0x4 c:/st2/stm32cubeide_1.5.1/stm32cubeide/plugins/com.st.stm32cube.ide.mcu.externaltools.gnu-tools-for-stm32.7-2018-q2-update.win32_1.5.0.202011040924/tools/bin/../lib/gcc/arm-none-eabi/7.3.1/../../../../arm-none-eabi/lib/thumb/v7e-m/fpv4-sp/hard\libc_nano.a(lib_a-localeconv.o)
                0x0000000008017200                __localeconv_l
 .text._localeconv_r
                0x0000000008017204       0x1c c:/st2/stm32cubeide_1.5.1/stm32cubeide/plugins/com.st.stm32cube.ide.mcu.externaltools.gnu-tools-for-stm32.7-2018-q2-update.win32_1.5.0.202011040924/tools/bin/../lib/gcc/arm-none-eabi/7.3.1/../../../../arm-none-eabi/lib/thumb/v7e-m/fpv4-sp/hard\libc_nano.a(lib_a-localeconv.o)
                0x0000000008017204                _localeconv_r
 .text.__swhatbuf_r
                0x0000000008017220       0x48 c:/st2/stm32cubeide_1.5.1/stm32cubeide/plugins/com.st.stm32cube.ide.mcu.externaltools.gnu-tools-for-stm32.7-2018-q2-update.win32_1.5.0.202011040924/tools/bin/../lib/gcc/arm-none-eabi/7.3.1/../../../../arm-none-eabi/lib/thumb/v7e-m/fpv4-sp/hard\libc_nano.a(lib_a-makebuf.o)
                0x0000000008017220                __swhatbuf_r
 .text.__smakebuf_r
                0x0000000008017268       0x80 c:/st2/stm32cubeide_1.5.1/stm32cubeide/plugins/com.st.stm32cube.ide.mcu.externaltools.gnu-tools-for-stm32.7-2018-q2-update.win32_1.5.0.202011040924/tools/bin/../lib/gcc/arm-none-eabi/7.3.1/../../../../arm-none-eabi/lib/thumb/v7e-m/fpv4-sp/hard\libc_nano.a(lib_a-makebuf.o)
                0x0000000008017268                __smakebuf_r
 .text.malloc   0x00000000080172e8       0x10 c:/st2/stm32cubeide_1.5.1/stm32cubeide/plugins/com.st.stm32cube.ide.mcu.externaltools.gnu-tools-for-stm32.7-2018-q2-update.win32_1.5.0.202011040924/tools/bin/../lib/gcc/arm-none-eabi/7.3.1/../../../../arm-none-eabi/lib/thumb/v7e-m/fpv4-sp/hard\libc_nano.a(lib_a-malloc.o)
                0x00000000080172e8                malloc
 .text.__ascii_mbtowc
                0x00000000080172f8       0x24 c:/st2/stm32cubeide_1.5.1/stm32cubeide/plugins/com.st.stm32cube.ide.mcu.externaltools.gnu-tools-for-stm32.7-2018-q2-update.win32_1.5.0.202011040924/tools/bin/../lib/gcc/arm-none-eabi/7.3.1/../../../../arm-none-eabi/lib/thumb/v7e-m/fpv4-sp/hard\libc_nano.a(lib_a-mbtowc_r.o)
                0x00000000080172f8                __ascii_mbtowc
 .text._Balloc  0x000000000801731c       0x68 c:/st2/stm32cubeide_1.5.1/stm32cubeide/plugins/com.st.stm32cube.ide.mcu.externaltools.gnu-tools-for-stm32.7-2018-q2-update.win32_1.5.0.202011040924/tools/bin/../lib/gcc/arm-none-eabi/7.3.1/../../../../arm-none-eabi/lib/thumb/v7e-m/fpv4-sp/hard\libc_nano.a(lib_a-mprec.o)
                0x000000000801731c                _Balloc
 .text._Bfree   0x0000000008017384       0x2e c:/st2/stm32cubeide_1.5.1/stm32cubeide/plugins/com.st.stm32cube.ide.mcu.externaltools.gnu-tools-for-stm32.7-2018-q2-update.win32_1.5.0.202011040924/tools/bin/../lib/gcc/arm-none-eabi/7.3.1/../../../../arm-none-eabi/lib/thumb/v7e-m/fpv4-sp/hard\libc_nano.a(lib_a-mprec.o)
                0x0000000008017384                _Bfree
 .text.__multadd
                0x00000000080173b2       0x76 c:/st2/stm32cubeide_1.5.1/stm32cubeide/plugins/com.st.stm32cube.ide.mcu.externaltools.gnu-tools-for-stm32.7-2018-q2-update.win32_1.5.0.202011040924/tools/bin/../lib/gcc/arm-none-eabi/7.3.1/../../../../arm-none-eabi/lib/thumb/v7e-m/fpv4-sp/hard\libc_nano.a(lib_a-mprec.o)
                0x00000000080173b2                __multadd
 .text.__s2b    0x0000000008017428       0x7c c:/st2/stm32cubeide_1.5.1/stm32cubeide/plugins/com.st.stm32cube.ide.mcu.externaltools.gnu-tools-for-stm32.7-2018-q2-update.win32_1.5.0.202011040924/tools/bin/../lib/gcc/arm-none-eabi/7.3.1/../../../../arm-none-eabi/lib/thumb/v7e-m/fpv4-sp/hard\libc_nano.a(lib_a-mprec.o)
                0x0000000008017428                __s2b
 .text.__hi0bits
                0x00000000080174a4       0x3e c:/st2/stm32cubeide_1.5.1/stm32cubeide/plugins/com.st.stm32cube.ide.mcu.externaltools.gnu-tools-for-stm32.7-2018-q2-update.win32_1.5.0.202011040924/tools/bin/../lib/gcc/arm-none-eabi/7.3.1/../../../../arm-none-eabi/lib/thumb/v7e-m/fpv4-sp/hard\libc_nano.a(lib_a-mprec.o)
                0x00000000080174a4                __hi0bits
 .text.__lo0bits
                0x00000000080174e2       0x5e c:/st2/stm32cubeide_1.5.1/stm32cubeide/plugins/com.st.stm32cube.ide.mcu.externaltools.gnu-tools-for-stm32.7-2018-q2-update.win32_1.5.0.202011040924/tools/bin/../lib/gcc/arm-none-eabi/7.3.1/../../../../arm-none-eabi/lib/thumb/v7e-m/fpv4-sp/hard\libc_nano.a(lib_a-mprec.o)
                0x00000000080174e2                __lo0bits
 .text.__i2b    0x0000000008017540       0x12 c:/st2/stm32cubeide_1.5.1/stm32cubeide/plugins/com.st.stm32cube.ide.mcu.externaltools.gnu-tools-for-stm32.7-2018-q2-update.win32_1.5.0.202011040924/tools/bin/../lib/gcc/arm-none-eabi/7.3.1/../../../../arm-none-eabi/lib/thumb/v7e-m/fpv4-sp/hard\libc_nano.a(lib_a-mprec.o)
                0x0000000008017540                __i2b
 .text.__multiply
                0x0000000008017552      0x12c c:/st2/stm32cubeide_1.5.1/stm32cubeide/plugins/com.st.stm32cube.ide.mcu.externaltools.gnu-tools-for-stm32.7-2018-q2-update.win32_1.5.0.202011040924/tools/bin/../lib/gcc/arm-none-eabi/7.3.1/../../../../arm-none-eabi/lib/thumb/v7e-m/fpv4-sp/hard\libc_nano.a(lib_a-mprec.o)
                0x0000000008017552                __multiply
 *fill*         0x000000000801767e        0x2 
 .text.__pow5mult
                0x0000000008017680       0x9c c:/st2/stm32cubeide_1.5.1/stm32cubeide/plugins/com.st.stm32cube.ide.mcu.externaltools.gnu-tools-for-stm32.7-2018-q2-update.win32_1.5.0.202011040924/tools/bin/../lib/gcc/arm-none-eabi/7.3.1/../../../../arm-none-eabi/lib/thumb/v7e-m/fpv4-sp/hard\libc_nano.a(lib_a-mprec.o)
                0x0000000008017680                __pow5mult
 .text.__lshift
                0x000000000801771c       0xa8 c:/st2/stm32cubeide_1.5.1/stm32cubeide/plugins/com.st.stm32cube.ide.mcu.externaltools.gnu-tools-for-stm32.7-2018-q2-update.win32_1.5.0.202011040924/tools/bin/../lib/gcc/arm-none-eabi/7.3.1/../../../../arm-none-eabi/lib/thumb/v7e-m/fpv4-sp/hard\libc_nano.a(lib_a-mprec.o)
                0x000000000801771c                __lshift
 .text.__mcmp   0x00000000080177c4       0x34 c:/st2/stm32cubeide_1.5.1/stm32cubeide/plugins/com.st.stm32cube.ide.mcu.externaltools.gnu-tools-for-stm32.7-2018-q2-update.win32_1.5.0.202011040924/tools/bin/../lib/gcc/arm-none-eabi/7.3.1/../../../../arm-none-eabi/lib/thumb/v7e-m/fpv4-sp/hard\libc_nano.a(lib_a-mprec.o)
                0x00000000080177c4                __mcmp
 .text.__mdiff  0x00000000080177f8       0xba c:/st2/stm32cubeide_1.5.1/stm32cubeide/plugins/com.st.stm32cube.ide.mcu.externaltools.gnu-tools-for-stm32.7-2018-q2-update.win32_1.5.0.202011040924/tools/bin/../lib/gcc/arm-none-eabi/7.3.1/../../../../arm-none-eabi/lib/thumb/v7e-m/fpv4-sp/hard\libc_nano.a(lib_a-mprec.o)
                0x00000000080177f8                __mdiff
 *fill*         0x00000000080178b2        0x2 
 .text.__ulp    0x00000000080178b4       0x50 c:/st2/stm32cubeide_1.5.1/stm32cubeide/plugins/com.st.stm32cube.ide.mcu.externaltools.gnu-tools-for-stm32.7-2018-q2-update.win32_1.5.0.202011040924/tools/bin/../lib/gcc/arm-none-eabi/7.3.1/../../../../arm-none-eabi/lib/thumb/v7e-m/fpv4-sp/hard\libc_nano.a(lib_a-mprec.o)
                0x00000000080178b4                __ulp
 .text.__b2d    0x0000000008017904       0x9c c:/st2/stm32cubeide_1.5.1/stm32cubeide/plugins/com.st.stm32cube.ide.mcu.externaltools.gnu-tools-for-stm32.7-2018-q2-update.win32_1.5.0.202011040924/tools/bin/../lib/gcc/arm-none-eabi/7.3.1/../../../../arm-none-eabi/lib/thumb/v7e-m/fpv4-sp/hard\libc_nano.a(lib_a-mprec.o)
                0x0000000008017904                __b2d
 .text.__d2b    0x00000000080179a0       0x9e c:/st2/stm32cubeide_1.5.1/stm32cubeide/plugins/com.st.stm32cube.ide.mcu.externaltools.gnu-tools-for-stm32.7-2018-q2-update.win32_1.5.0.202011040924/tools/bin/../lib/gcc/arm-none-eabi/7.3.1/../../../../arm-none-eabi/lib/thumb/v7e-m/fpv4-sp/hard\libc_nano.a(lib_a-mprec.o)
                0x00000000080179a0                __d2b
 .text.__ratio  0x0000000008017a3e       0x66 c:/st2/stm32cubeide_1.5.1/stm32cubeide/plugins/com.st.stm32cube.ide.mcu.externaltools.gnu-tools-for-stm32.7-2018-q2-update.win32_1.5.0.202011040924/tools/bin/../lib/gcc/arm-none-eabi/7.3.1/../../../../arm-none-eabi/lib/thumb/v7e-m/fpv4-sp/hard\libc_nano.a(lib_a-mprec.o)
                0x0000000008017a3e                __ratio
 .text.__copybits
                0x0000000008017aa4       0x34 c:/st2/stm32cubeide_1.5.1/stm32cubeide/plugins/com.st.stm32cube.ide.mcu.externaltools.gnu-tools-for-stm32.7-2018-q2-update.win32_1.5.0.202011040924/tools/bin/../lib/gcc/arm-none-eabi/7.3.1/../../../../arm-none-eabi/lib/thumb/v7e-m/fpv4-sp/hard\libc_nano.a(lib_a-mprec.o)
                0x0000000008017aa4                __copybits
 .text.__any_on
                0x0000000008017ad8       0x42 c:/st2/stm32cubeide_1.5.1/stm32cubeide/plugins/com.st.stm32cube.ide.mcu.externaltools.gnu-tools-for-stm32.7-2018-q2-update.win32_1.5.0.202011040924/tools/bin/../lib/gcc/arm-none-eabi/7.3.1/../../../../arm-none-eabi/lib/thumb/v7e-m/fpv4-sp/hard\libc_nano.a(lib_a-mprec.o)
                0x0000000008017ad8                __any_on
 .text._calloc_r
                0x0000000008017b1a       0x1c c:/st2/stm32cubeide_1.5.1/stm32cubeide/plugins/com.st.stm32cube.ide.mcu.externaltools.gnu-tools-for-stm32.7-2018-q2-update.win32_1.5.0.202011040924/tools/bin/../lib/gcc/arm-none-eabi/7.3.1/../../../../arm-none-eabi/lib/thumb/v7e-m/fpv4-sp/hard\libc_nano.a(lib_a-nano-callocr.o)
                0x0000000008017b1a                _calloc_r
 *fill*         0x0000000008017b36        0x2 
 .text._free_r  0x0000000008017b38       0x9c c:/st2/stm32cubeide_1.5.1/stm32cubeide/plugins/com.st.stm32cube.ide.mcu.externaltools.gnu-tools-for-stm32.7-2018-q2-update.win32_1.5.0.202011040924/tools/bin/../lib/gcc/arm-none-eabi/7.3.1/../../../../arm-none-eabi/lib/thumb/v7e-m/fpv4-sp/hard\libc_nano.a(lib_a-nano-freer.o)
                0x0000000008017b38                _free_r
 .text._malloc_r
                0x0000000008017bd4       0xb4 c:/st2/stm32cubeide_1.5.1/stm32cubeide/plugins/com.st.stm32cube.ide.mcu.externaltools.gnu-tools-for-stm32.7-2018-q2-update.win32_1.5.0.202011040924/tools/bin/../lib/gcc/arm-none-eabi/7.3.1/../../../../arm-none-eabi/lib/thumb/v7e-m/fpv4-sp/hard\libc_nano.a(lib_a-nano-mallocr.o)
                0x0000000008017bd4                _malloc_r
 .text.__ssputs_r
                0x0000000008017c88       0xb4 c:/st2/stm32cubeide_1.5.1/stm32cubeide/plugins/com.st.stm32cube.ide.mcu.externaltools.gnu-tools-for-stm32.7-2018-q2-update.win32_1.5.0.202011040924/tools/bin/../lib/gcc/arm-none-eabi/7.3.1/../../../../arm-none-eabi/lib/thumb/v7e-m/fpv4-sp/hard\libc_nano.a(lib_a-nano-svfprintf.o)
                0x0000000008017c88                __ssputs_r
 .text._svfprintf_r
                0x0000000008017d3c      0x1f0 c:/st2/stm32cubeide_1.5.1/stm32cubeide/plugins/com.st.stm32cube.ide.mcu.externaltools.gnu-tools-for-stm32.7-2018-q2-update.win32_1.5.0.202011040924/tools/bin/../lib/gcc/arm-none-eabi/7.3.1/../../../../arm-none-eabi/lib/thumb/v7e-m/fpv4-sp/hard\libc_nano.a(lib_a-nano-svfprintf.o)
                0x0000000008017d3c                _svfiprintf_r
                0x0000000008017d3c                _svfprintf_r
 .text.__sfputc_r
                0x0000000008017f2c       0x2e c:/st2/stm32cubeide_1.5.1/stm32cubeide/plugins/com.st.stm32cube.ide.mcu.externaltools.gnu-tools-for-stm32.7-2018-q2-update.win32_1.5.0.202011040924/tools/bin/../lib/gcc/arm-none-eabi/7.3.1/../../../../arm-none-eabi/lib/thumb/v7e-m/fpv4-sp/hard\libc_nano.a(lib_a-nano-vfprintf.o)
 .text.__sfputs_r
                0x0000000008017f5a       0x24 c:/st2/stm32cubeide_1.5.1/stm32cubeide/plugins/com.st.stm32cube.ide.mcu.externaltools.gnu-tools-for-stm32.7-2018-q2-update.win32_1.5.0.202011040924/tools/bin/../lib/gcc/arm-none-eabi/7.3.1/../../../../arm-none-eabi/lib/thumb/v7e-m/fpv4-sp/hard\libc_nano.a(lib_a-nano-vfprintf.o)
                0x0000000008017f5a                __sfputs_r
 *fill*         0x0000000008017f7e        0x2 
 .text._vfprintf_r
                0x0000000008017f80      0x22c c:/st2/stm32cubeide_1.5.1/stm32cubeide/plugins/com.st.stm32cube.ide.mcu.externaltools.gnu-tools-for-stm32.7-2018-q2-update.win32_1.5.0.202011040924/tools/bin/../lib/gcc/arm-none-eabi/7.3.1/../../../../arm-none-eabi/lib/thumb/v7e-m/fpv4-sp/hard\libc_nano.a(lib_a-nano-vfprintf.o)
                0x0000000008017f80                _vfprintf_r
                0x0000000008017f80                _vfiprintf_r
 .text.__svfscanf_r
                0x00000000080181ac      0x2a0 c:/st2/stm32cubeide_1.5.1/stm32cubeide/plugins/com.st.stm32cube.ide.mcu.externaltools.gnu-tools-for-stm32.7-2018-q2-update.win32_1.5.0.202011040924/tools/bin/../lib/gcc/arm-none-eabi/7.3.1/../../../../arm-none-eabi/lib/thumb/v7e-m/fpv4-sp/hard\libc_nano.a(lib_a-nano-vfscanf.o)
                0x00000000080181ac                __svfscanf_r
                0x00000000080181ac                __svfiscanf_r
 .text._vfscanf_r
                0x000000000801844c       0x50 c:/st2/stm32cubeide_1.5.1/stm32cubeide/plugins/com.st.stm32cube.ide.mcu.externaltools.gnu-tools-for-stm32.7-2018-q2-update.win32_1.5.0.202011040924/tools/bin/../lib/gcc/arm-none-eabi/7.3.1/../../../../arm-none-eabi/lib/thumb/v7e-m/fpv4-sp/hard\libc_nano.a(lib_a-nano-vfscanf.o)
                0x000000000801844c                _vfscanf_r
                0x000000000801844c                _vfiscanf_r
 .text._scanf_chars
                0x000000000801849c       0xc6 c:/st2/stm32cubeide_1.5.1/stm32cubeide/plugins/com.st.stm32cube.ide.mcu.externaltools.gnu-tools-for-stm32.7-2018-q2-update.win32_1.5.0.202011040924/tools/bin/../lib/gcc/arm-none-eabi/7.3.1/../../../../arm-none-eabi/lib/thumb/v7e-m/fpv4-sp/hard\libc_nano.a(lib_a-nano-vfscanf_i.o)
                0x000000000801849c                _scanf_chars
 *fill*         0x0000000008018562        0x2 
 .text._scanf_i
                0x0000000008018564      0x1e8 c:/st2/stm32cubeide_1.5.1/stm32cubeide/plugins/com.st.stm32cube.ide.mcu.externaltools.gnu-tools-for-stm32.7-2018-q2-update.win32_1.5.0.202011040924/tools/bin/../lib/gcc/arm-none-eabi/7.3.1/../../../../arm-none-eabi/lib/thumb/v7e-m/fpv4-sp/hard\libc_nano.a(lib_a-nano-vfscanf_i.o)
                0x0000000008018564                _scanf_i
 .text.lflush   0x000000000801874c       0x12 c:/st2/stm32cubeide_1.5.1/stm32cubeide/plugins/com.st.stm32cube.ide.mcu.externaltools.gnu-tools-for-stm32.7-2018-q2-update.win32_1.5.0.202011040924/tools/bin/../lib/gcc/arm-none-eabi/7.3.1/../../../../arm-none-eabi/lib/thumb/v7e-m/fpv4-sp/hard\libc_nano.a(lib_a-refill.o)
 *fill*         0x000000000801875e        0x2 
 .text.__srefill_r
                0x0000000008018760      0x118 c:/st2/stm32cubeide_1.5.1/stm32cubeide/plugins/com.st.stm32cube.ide.mcu.externaltools.gnu-tools-for-stm32.7-2018-q2-update.win32_1.5.0.202011040924/tools/bin/../lib/gcc/arm-none-eabi/7.3.1/../../../../arm-none-eabi/lib/thumb/v7e-m/fpv4-sp/hard\libc_nano.a(lib_a-refill.o)
                0x0000000008018760                __srefill_r
 .text._sbrk_r  0x0000000008018878       0x20 c:/st2/stm32cubeide_1.5.1/stm32cubeide/plugins/com.st.stm32cube.ide.mcu.externaltools.gnu-tools-for-stm32.7-2018-q2-update.win32_1.5.0.202011040924/tools/bin/../lib/gcc/arm-none-eabi/7.3.1/../../../../arm-none-eabi/lib/thumb/v7e-m/fpv4-sp/hard\libc_nano.a(lib_a-sbrkr.o)
                0x0000000008018878                _sbrk_r
 .text.__sccl   0x0000000008018898       0x64 c:/st2/stm32cubeide_1.5.1/stm32cubeide/plugins/com.st.stm32cube.ide.mcu.externaltools.gnu-tools-for-stm32.7-2018-q2-update.win32_1.5.0.202011040924/tools/bin/../lib/gcc/arm-none-eabi/7.3.1/../../../../arm-none-eabi/lib/thumb/v7e-m/fpv4-sp/hard\libc_nano.a(lib_a-sccl.o)
                0x0000000008018898                __sccl
 .text.__sread  0x00000000080188fc       0x22 c:/st2/stm32cubeide_1.5.1/stm32cubeide/plugins/com.st.stm32cube.ide.mcu.externaltools.gnu-tools-for-stm32.7-2018-q2-update.win32_1.5.0.202011040924/tools/bin/../lib/gcc/arm-none-eabi/7.3.1/../../../../arm-none-eabi/lib/thumb/v7e-m/fpv4-sp/hard\libc_nano.a(lib_a-stdio.o)
                0x00000000080188fc                __sread
 .text.__swrite
                0x000000000801891e       0x38 c:/st2/stm32cubeide_1.5.1/stm32cubeide/plugins/com.st.stm32cube.ide.mcu.externaltools.gnu-tools-for-stm32.7-2018-q2-update.win32_1.5.0.202011040924/tools/bin/../lib/gcc/arm-none-eabi/7.3.1/../../../../arm-none-eabi/lib/thumb/v7e-m/fpv4-sp/hard\libc_nano.a(lib_a-stdio.o)
                0x000000000801891e                __swrite
 .text.__sseek  0x0000000008018956       0x24 c:/st2/stm32cubeide_1.5.1/stm32cubeide/plugins/com.st.stm32cube.ide.mcu.externaltools.gnu-tools-for-stm32.7-2018-q2-update.win32_1.5.0.202011040924/tools/bin/../lib/gcc/arm-none-eabi/7.3.1/../../../../arm-none-eabi/lib/thumb/v7e-m/fpv4-sp/hard\libc_nano.a(lib_a-stdio.o)
                0x0000000008018956                __sseek
 .text.__sclose
                0x000000000801897a        0x8 c:/st2/stm32cubeide_1.5.1/stm32cubeide/plugins/com.st.stm32cube.ide.mcu.externaltools.gnu-tools-for-stm32.7-2018-q2-update.win32_1.5.0.202011040924/tools/bin/../lib/gcc/arm-none-eabi/7.3.1/../../../../arm-none-eabi/lib/thumb/v7e-m/fpv4-sp/hard\libc_nano.a(lib_a-stdio.o)
                0x000000000801897a                __sclose
 .text.strncmp  0x0000000008018982       0x24 c:/st2/stm32cubeide_1.5.1/stm32cubeide/plugins/com.st.stm32cube.ide.mcu.externaltools.gnu-tools-for-stm32.7-2018-q2-update.win32_1.5.0.202011040924/tools/bin/../lib/gcc/arm-none-eabi/7.3.1/../../../../arm-none-eabi/lib/thumb/v7e-m/fpv4-sp/hard\libc_nano.a(lib_a-strncmp.o)
                0x0000000008018982                strncmp
 .text._strtoul_l.isra.0