Archive member included to satisfy reference by file (symbol)

c:/tools/gcc-arm-none-eabi-10_2021.10/bin/../lib/gcc/arm-none-eabi/10.3.1/../../../../arm-none-eabi/lib/thumb/v7e-m+fp/hard\libc_nano.a(lib_a-errno.o)
                              build/syscalls.o (__errno)
c:/tools/gcc-arm-none-eabi-10_2021.10/bin/../lib/gcc/arm-none-eabi/10.3.1/../../../../arm-none-eabi/lib/thumb/v7e-m+fp/hard\libc_nano.a(lib_a-exit.o)
                              c:/tools/gcc-arm-none-eabi-10_2021.10/bin/../lib/gcc/arm-none-eabi/10.3.1/../../../../arm-none-eabi/lib/thumb/v7e-m+fp/hard/crt0.o (exit)
c:/tools/gcc-arm-none-eabi-10_2021.10/bin/../lib/gcc/arm-none-eabi/10.3.1/../../../../arm-none-eabi/lib/thumb/v7e-m+fp/hard\libc_nano.a(lib_a-fclose.o)
                              build/MazeLib.o (fclose)
c:/tools/gcc-arm-none-eabi-10_2021.10/bin/../lib/gcc/arm-none-eabi/10.3.1/../../../../arm-none-eabi/lib/thumb/v7e-m+fp/hard\libc_nano.a(lib_a-fflush.o)
                              c:/tools/gcc-arm-none-eabi-10_2021.10/bin/../lib/gcc/arm-none-eabi/10.3.1/../../../../arm-none-eabi/lib/thumb/v7e-m+fp/hard\libc_nano.a(lib_a-fclose.o) (__sflush_r)
c:/tools/gcc-arm-none-eabi-10_2021.10/bin/../lib/gcc/arm-none-eabi/10.3.1/../../../../arm-none-eabi/lib/thumb/v7e-m+fp/hard\libc_nano.a(lib_a-findfp.o)
                              c:/tools/gcc-arm-none-eabi-10_2021.10/bin/../lib/gcc/arm-none-eabi/10.3.1/../../../../arm-none-eabi/lib/thumb/v7e-m+fp/hard\libc_nano.a(lib_a-fclose.o) (__sfp_lock_acquire)
c:/tools/gcc-arm-none-eabi-10_2021.10/bin/../lib/gcc/arm-none-eabi/10.3.1/../../../../arm-none-eabi/lib/thumb/v7e-m+fp/hard\libc_nano.a(lib_a-fopen.o)
                              build/MazeLib.o (fopen)
c:/tools/gcc-arm-none-eabi-10_2021.10/bin/../lib/gcc/arm-none-eabi/10.3.1/../../../../arm-none-eabi/lib/thumb/v7e-m+fp/hard\libc_nano.a(lib_a-fprintf.o)
                              build/MazeLib.o (fprintf)
c:/tools/gcc-arm-none-eabi-10_2021.10/bin/../lib/gcc/arm-none-eabi/10.3.1/../../../../arm-none-eabi/lib/thumb/v7e-m+fp/hard\libc_nano.a(lib_a-fscanf.o)
                              build/MazeSimulation.o (fscanf)
c:/tools/gcc-arm-none-eabi-10_2021.10/bin/../lib/gcc/arm-none-eabi/10.3.1/../../../../arm-none-eabi/lib/thumb/v7e-m+fp/hard\libc_nano.a(lib_a-fseek.o)
                              c:/tools/gcc-arm-none-eabi-10_2021.10/bin/../lib/gcc/arm-none-eabi/10.3.1/../../../../arm-none-eabi/lib/thumb/v7e-m+fp/hard\libc_nano.a(lib_a-fopen.o) (_fseek_r)
c:/tools/gcc-arm-none-eabi-10_2021.10/bin/../lib/gcc/arm-none-eabi/10.3.1/../../../../arm-none-eabi/lib/thumb/v7e-m+fp/hard\libc_nano.a(lib_a-fseeko.o)
                              c:/tools/gcc-arm-none-eabi-10_2021.10/bin/../lib/gcc/arm-none-eabi/10.3.1/../../../../arm-none-eabi/lib/thumb/v7e-m+fp/hard\libc_nano.a(lib_a-fseek.o) (_fseeko_r)
c:/tools/gcc-arm-none-eabi-10_2021.10/bin/../lib/gcc/arm-none-eabi/10.3.1/../../../../arm-none-eabi/lib/thumb/v7e-m+fp/hard\libc_nano.a(lib_a-fwalk.o)
                              c:/tools/gcc-arm-none-eabi-10_2021.10/bin/../lib/gcc/arm-none-eabi/10.3.1/../../../../arm-none-eabi/lib/thumb/v7e-m+fp/hard\libc_nano.a(lib_a-findfp.o) (_fwalk)
c:/tools/gcc-arm-none-eabi-10_2021.10/bin/../lib/gcc/arm-none-eabi/10.3.1/../../../../arm-none-eabi/lib/thumb/v7e-m+fp/hard\libc_nano.a(lib_a-fwrite.o)
                              build/MazeLib.o (fwrite)
c:/tools/gcc-arm-none-eabi-10_2021.10/bin/../lib/gcc/arm-none-eabi/10.3.1/../../../../arm-none-eabi/lib/thumb/v7e-m+fp/hard\libc_nano.a(lib_a-impure.o)
                              c:/tools/gcc-arm-none-eabi-10_2021.10/bin/../lib/gcc/arm-none-eabi/10.3.1/../../../../arm-none-eabi/lib/thumb/v7e-m+fp/hard\libc_nano.a(lib_a-exit.o) (_global_impure_ptr)
c:/tools/gcc-arm-none-eabi-10_2021.10/bin/../lib/gcc/arm-none-eabi/10.3.1/../../../../arm-none-eabi/lib/thumb/v7e-m+fp/hard\libc_nano.a(lib_a-init.o)
                              c:/tools/gcc-arm-none-eabi-10_2021.10/bin/../lib/gcc/arm-none-eabi/10.3.1/../../../../arm-none-eabi/lib/thumb/v7e-m+fp/hard/crt0.o (__libc_init_array)
c:/tools/gcc-arm-none-eabi-10_2021.10/bin/../lib/gcc/arm-none-eabi/10.3.1/../../../../arm-none-eabi/lib/thumb/v7e-m+fp/hard\libc_nano.a(lib_a-lock.o)
                              c:/tools/gcc-arm-none-eabi-10_2021.10/bin/../lib/gcc/arm-none-eabi/10.3.1/../../../../arm-none-eabi/lib/thumb/v7e-m+fp/hard\libc_nano.a(lib_a-findfp.o) (__retarget_lock_init_recursive)
c:/tools/gcc-arm-none-eabi-10_2021.10/bin/../lib/gcc/arm-none-eabi/10.3.1/../../../../arm-none-eabi/lib/thumb/v7e-m+fp/hard\libc_nano.a(lib_a-makebuf.o)
                              c:/tools/gcc-arm-none-eabi-10_2021.10/bin/../lib/gcc/arm-none-eabi/10.3.1/../../../../arm-none-eabi/lib/thumb/v7e-m+fp/hard\libc_nano.a(lib_a-fseeko.o) (__smakebuf_r)
c:/tools/gcc-arm-none-eabi-10_2021.10/bin/../lib/gcc/arm-none-eabi/10.3.1/../../../../arm-none-eabi/lib/thumb/v7e-m+fp/hard\libc_nano.a(lib_a-memcpy-stub.o)
[...]
Memory Configuration

Name             Origin             Length             Attributes
RAM              0x20000000         0x00020000         xrw
CCMRAM           0x10000000         0x00010000         xrw
FLASH            0x08000000         0x00100000         xr
*default*        0x00000000         0xffffffff

Linker script and memory map

LOAD c:/tools/gcc-arm-none-eabi-10_2021.10/bin/../lib/gcc/arm-none-eabi/10.3.1/thumb/v7e-m+fp/hard/crti.o
LOAD c:/tools/gcc-arm-none-eabi-10_2021.10/bin/../lib/gcc/arm-none-eabi/10.3.1/thumb/v7e-m+fp/hard/crtbegin.o
LOAD c:/tools/gcc-arm-none-eabi-10_2021.10/bin/../lib/gcc/arm-none-eabi/10.3.1/../../../../arm-none-eabi/lib/thumb/v7e-m+fp/hard/crt0.o
LOAD build/main.o
LOAD build/stm32f4xx_it.o
LOAD build/stm32f4xx_hal_msp.o
LOAD build/syscalls.o
LOAD build/sysmem.o
LOAD build/mouse_ADC.o
LOAD build/Flash.o
LOAD build/ICM_20648.o
LOAD build/IEH2_4096.o
LOAD build/IR_Emitter.o
LOAD build/LED_Driver.o
LOAD build/Motor_Driver.o
LOAD build/Convert.o
LOAD build/Debug.o
LOAD build/PID_Control.o
LOAD build/tim_info.o
LOAD build/UI.o
LOAD build/Action.o
LOAD build/dfs.o
LOAD build/Interrupt.o
LOAD build/MazeLib.o
LOAD build/MazeSimulation.o
LOAD build/MicroMouse.o
LOAD build/Mode.o
LOAD build/Record.o
LOAD build/Searching.o
LOAD build/test.o
LOAD build/gpio.o
LOAD build/adc.o
LOAD build/dma.o
LOAD build/spi.o
LOAD build/tim.o
LOAD build/usart.o
LOAD build/system_stm32f4xx.o
LOAD build/stm32f4xx_hal_adc_ex.o
LOAD build/stm32f4xx_hal_adc.o
LOAD build/stm32f4xx_hal_cortex.o
LOAD build/stm32f4xx_hal_dma_ex.o
LOAD build/stm32f4xx_hal_dma.o
LOAD build/stm32f4xx_hal_exti.o
LOAD build/stm32f4xx_hal_flash_ex.o
LOAD build/stm32f4xx_hal_flash_ramfunc.o
LOAD build/stm32f4xx_hal_flash.o
LOAD build/stm32f4xx_hal_gpio.o
LOAD build/stm32f4xx_hal_pwr_ex.o
LOAD build/stm32f4xx_hal_pwr.o
LOAD build/stm32f4xx_hal_rcc_ex.o
LOAD build/stm32f4xx_hal_rcc.o
LOAD build/stm32f4xx_hal_spi.o
LOAD build/stm32f4xx_hal_tim_ex.o
LOAD build/stm32f4xx_hal_tim.o
LOAD build/stm32f4xx_hal_uart.o
LOAD build/stm32f4xx_hal.o
LOAD build/stm32f4xx_ll_adc.o
LOAD build/startup_stm32f405xx.o
LOAD c:/tools/gcc-arm-none-eabi-10_2021.10/bin/../lib/gcc/arm-none-eabi/10.3.1/../../../../arm-none-eabi/lib/thumb/v7e-m+fp/hard\libc_nano.a
LOAD c:/tools/gcc-arm-none-eabi-10_2021.10/bin/../lib/gcc/arm-none-eabi/10.3.1/../../../../arm-none-eabi/lib/thumb/v7e-m+fp/hard\libm.a
LOAD c:/tools/gcc-arm-none-eabi-10_2021.10/bin/../lib/gcc/arm-none-eabi/10.3.1/../../../../arm-none-eabi/lib/thumb/v7e-m+fp/hard\libnosys.a
START GROUP
LOAD c:/tools/gcc-arm-none-eabi-10_2021.10/bin/../lib/gcc/arm-none-eabi/10.3.1/thumb/v7e-m+fp/hard\libgcc.a
LOAD c:/tools/gcc-arm-none-eabi-10_2021.10/bin/../lib/gcc/arm-none-eabi/10.3.1/../../../../arm-none-eabi/lib/thumb/v7e-m+fp/hard\libc_nano.a
END GROUP
START GROUP
LOAD c:/tools/gcc-arm-none-eabi-10_2021.10/bin/../lib/gcc/arm-none-eabi/10.3.1/thumb/v7e-m+fp/hard\libgcc.a
LOAD c:/tools/gcc-arm-none-eabi-10_2021.10/bin/../lib/gcc/arm-none-eabi/10.3.1/../../../../arm-none-eabi/lib/thumb/v7e-m+fp/hard\libc_nano.a
END GROUP
LOAD c:/tools/gcc-arm-none-eabi-10_2021.10/bin/../lib/gcc/arm-none-eabi/10.3.1/thumb/v7e-m+fp/hard/crtend.o
LOAD c:/tools/gcc-arm-none-eabi-10_2021.10/bin/../lib/gcc/arm-none-eabi/10.3.1/thumb/v7e-m+fp/hard/crtn.o
                0x20020000                _estack = (ORIGIN (RAM) + LENGTH (RAM))
                0x00000200                _Min_Heap_Size = 0x200
                0x00000400                _Min_Stack_Size = 0x400

.isr_vector     0x08000000      0x188
                0x08000000                . = ALIGN (0x4)
 *(.isr_vector)
 .isr_vector    0x08000000      0x188 build/startup_stm32f405xx.o
                0x08000000                g_pfnVectors
                0x08000188                . = ALIGN (0x4)

.text           0x08000190     0xcb60
                0x08000190                . = ALIGN (0x4)
 *(.text)
 .text          0x08000190       0x40 c:/tools/gcc-arm-none-eabi-10_2021.10/bin/../lib/gcc/arm-none-eabi/10.3.1/thumb/v7e-m+fp/hard/crtbegin.o
 .text          0x080001d0       0xa0 c:/tools/gcc-arm-none-eabi-10_2021.10/bin/../lib/gcc/arm-none-eabi/10.3.1/../../../../arm-none-eabi/lib/thumb/v7e-m+fp/hard\libc_nano.a(lib_a-memchr.o)
                0x080001d0                memchr
 .text          0x08000270      0x378 c:/tools/gcc-arm-none-eabi-10_2021.10/bin/../lib/gcc/arm-none-eabi/10.3.1/thumb/v7e-m+fp/hard\libgcc.a(_arm_addsubdf3.o)
                0x08000270                __aeabi_drsub
                0x08000278                __aeabi_dsub
                0x08000278                __subdf3
                0x0800027c                __aeabi_dadd
                0x0800027c                __adddf3
                0x080004f4                __floatunsidf
                0x080004f4                __aeabi_ui2d
                0x08000514                __floatsidf
                0x08000514                __aeabi_i2d
                0x08000538                __aeabi_f2d
                0x08000538                __extendsfdf2
                0x0800057c                __floatundidf
                0x0800057c                __aeabi_ul2d
                0x0800058c                __floatdidf
                0x0800058c                __aeabi_l2d
 .text          0x080005e8      0x424 c:/tools/gcc-arm-none-eabi-10_2021.10/bin/../lib/gcc/arm-none-eabi/10.3.1/thumb/v7e-m+fp/hard\libgcc.a(_arm_muldivdf3.o)
                0x080005e8                __aeabi_dmul
                0x080005e8                __muldf3
                0x0800083c                __divdf3
                0x0800083c                __aeabi_ddiv
 .text          0x08000a0c      0x110 c:/tools/gcc-arm-none-eabi-10_2021.10/bin/../lib/gcc/arm-none-eabi/10.3.1/thumb/v7e-m+fp/hard\libgcc.a(_arm_cmpdf2.o)
                0x08000a0c                __gtdf2
                0x08000a0c                __gedf2
                0x08000a14                __ltdf2
                0x08000a14                __ledf2
                0x08000a1c                __nedf2
                0x08000a1c                __eqdf2
                0x08000a1c                __cmpdf2
                0x08000a98                __aeabi_cdrcmple
                0x08000aa8                __aeabi_cdcmpeq
                0x08000aa8                __aeabi_cdcmple
                0x08000ab8                __aeabi_dcmpeq
                0x08000acc                __aeabi_dcmplt
                0x08000ae0                __aeabi_dcmple
                0x08000af4                __aeabi_dcmpge
                0x08000b08                __aeabi_dcmpgt
 .text          0x08000b1c       0x50 c:/tools/gcc-arm-none-eabi-10_2021.10/bin/../lib/gcc/arm-none-eabi/10.3.1/thumb/v7e-m+fp/hard\libgcc.a(_arm_fixdfsi.o)
                0x08000b1c                __aeabi_d2iz
                0x08000b1c                __fixdfsi
 .text          0x08000b6c       0xa0 c:/tools/gcc-arm-none-eabi-10_2021.10/bin/../lib/gcc/arm-none-eabi/10.3.1/thumb/v7e-m+fp/hard\libgcc.a(_arm_truncdfsf2.o)
                0x08000b6c                __truncdfsf2
                0x08000b6c                __aeabi_d2f
 .text          0x08000c0c       0x30 c:/tools/gcc-arm-none-eabi-10_2021.10/bin/../lib/gcc/arm-none-eabi/10.3.1/thumb/v7e-m+fp/hard\libgcc.a(_aeabi_uldivmod.o)
                0x08000c0c                __aeabi_uldivmod
 .text          0x08000c3c      0x2d0 c:/tools/gcc-arm-none-eabi-10_2021.10/bin/../lib/gcc/arm-none-eabi/10.3.1/thumb/v7e-m+fp/hard\libgcc.a(_udivmoddi4.o)
                0x08000c3c                __udivmoddi4
 .text          0x08000f0c        0x4 c:/tools/gcc-arm-none-eabi-10_2021.10/bin/../lib/gcc/arm-none-eabi/10.3.1/thumb/v7e-m+fp/hard\libgcc.a(_dvmd_tls.o)
                0x08000f0c                __aeabi_idiv0
                0x08000f0c                __aeabi_ldiv0
 *(.text*)
 .text.__io_putchar
                0x08000f10       0x20 build/main.o
                0x08000f10                __io_putchar
 .text.__io_getchar
                0x08000f30       0x28 build/main.o
                0x08000f30                __io_getchar
 .text.Error_Handler
                0x08000f58        0x4 build/main.o
                0x08000f58                Error_Handler
 .text.SystemClock_Config
                0x08000f5c       0xa8 build/main.o
                0x08000f5c                SystemClock_Config
 .text.main     0x08001004      0x194 build/main.o
                0x08001004                main
 .text.NMI_Handler
                0x08001198        0x2 build/stm32f4xx_it.o
                0x08001198                NMI_Handler
 .text.HardFault_Handler
                0x0800119a        0x2 build/stm32f4xx_it.o
                0x0800119a                HardFault_Handler
 .text.MemManage_Handler
                0x0800119c        0x2 build/stm32f4xx_it.o
                0x0800119c                MemManage_Handler
 .text.BusFault_Handler
                0x0800119e        0x2 build/stm32f4xx_it.o
                0x0800119e                BusFault_Handler
 .text.UsageFault_Handler
                0x080011a0        0x2 build/stm32f4xx_it.o
                0x080011a0                UsageFault_Handler
 .text.SVC_Handler
                0x080011a2        0x2 build/stm32f4xx_it.o
                0x080011a2                SVC_Handler
 .text.DebugMon_Handler
                0x080011a4        0x2 build/stm32f4xx_it.o
                0x080011a4                DebugMon_Handler
 .text.PendSV_Handler
                0x080011a6        0x2 build/stm32f4xx_it.o
                0x080011a6                PendSV_Handler
 .text.SysTick_Handler
                0x080011a8        0x8 build/stm32f4xx_it.o
                0x080011a8                SysTick_Handler
 .text.TIM1_UP_TIM10_IRQHandler
                0x080011b0       0x10 build/stm32f4xx_it.o
                0x080011b0                TIM1_UP_TIM10_IRQHandler
 .text.EXTI15_10_IRQHandler
                0x080011c0        0xc build/stm32f4xx_it.o
                0x080011c0                EXTI15_10_IRQHandler
 .text.TIM8_UP_TIM13_IRQHandler
                0x080011cc       0x10 build/stm32f4xx_it.o
                0x080011cc                TIM8_UP_TIM13_IRQHandler
 .text.DMA2_Stream0_IRQHandler
                0x080011dc       0x10 build/stm32f4xx_it.o
                0x080011dc                DMA2_Stream0_IRQHandler
 .text.DMA2_Stream2_IRQHandler
                0x080011ec       0x10 build/stm32f4xx_it.o
                0x080011ec                DMA2_Stream2_IRQHandler
 .text.HAL_MspInit
                0x080011fc       0x38 build/stm32f4xx_hal_msp.o
                0x080011fc                HAL_MspInit
 .text._read    0x08001234       0x20 build/syscalls.o
                0x08001234                _read
 .text._write   0x08001254       0x1c build/syscalls.o
                0x08001254                _write
 .text._close   0x08001270        0x6 build/syscalls.o
                0x08001270                _close
 .text._fstat   0x08001276        0xa build/syscalls.o
                0x08001276                _fstat
 .text._isatty  0x08001280        0x4 build/syscalls.o
                0x08001280                _isatty
 .text._lseek   0x08001284        0x4 build/syscalls.o
                0x08001284                _lseek
 .text._sbrk    0x08001288       0x48 build/sysmem.o
                0x08001288                _sbrk
 .text.ADCStart
                0x080012d0       0x38 build/mouse_ADC.o
                0x080012d0                ADCStart
 .text.ADCStop  0x08001308       0x50 build/mouse_ADC.o
                0x08001308                ADCStop
 .text.FLASH_WaitBusy
                0x08001358       0x10 build/Flash.o
                0x08001358                FLASH_WaitBusy
 .text.FLASH_Write_Word
                0x08001368       0x48 build/Flash.o
                0x08001368                FLASH_Write_Word
 .text.FLASH_Read_Word
                0x080013b0       0x48 build/Flash.o
                0x080013b0                FLASH_Read_Word
 .text.Flash_clear_sector1
                0x080013f8       0x3c build/Flash.o
                0x080013f8                Flash_clear_sector1
 .text.compare_num
                0x08001434       0x1c build/ICM_20648.o
                0x08001434                compare_num
 .text.ReadIMU  0x08001450       0xa0 build/ICM_20648.o
                0x08001450                ReadIMU
 .text.median_filter
                0x080014f0       0x4c build/ICM_20648.o
                0x080014f0                median_filter
 *fill*         0x0800153c        0x4 
 .text.Update_IMU
                0x08001540      0x11c build/ICM_20648.o
                0x08001540                Update_IMU
 .text.write_byte
                0x0800165c       0x50 build/ICM_20648.o
                0x0800165c                write_byte
 .text.IMU_init
                0x080016ac       0x88 build/ICM_20648.o
                0x080016ac                IMU_init
 .text.EncoderStart
                0x08001734       0x1c build/IEH2_4096.o
                0x08001734                EncoderStart
 .text.EmitterON
                0x08001750       0x1c build/IR_Emitter.o
                0x08001750                EmitterON
 .text.EmitterOFF
                0x0800176c       0x1c build/IR_Emitter.o
                0x0800176c                EmitterOFF
 .text.ChangeLED
                0x08001788      0x15c build/LED_Driver.o
                0x08001788                ChangeLED
 .text.Motor_PWM_Start
                0x080018e4       0x2c build/Motor_Driver.o
                0x080018e4                Motor_PWM_Start
 .text.Motor_Switch
                0x08001910       0x78 build/Motor_Driver.o
                0x08001910                Motor_Switch
 .text.InitPulse
                0x08001988        0x4 build/Convert.o
                0x08001988                InitPulse
 .text.GetWallDataAverage
                0x0800198c       0x7c build/Convert.o
                0x0800198c                GetWallDataAverage
 .text.ADCToBatteryVoltage
                0x08001a08       0x16 build/Convert.o
                0x08001a08                ADCToBatteryVoltage
 .text.IntegerPower
                0x08001a1e       0x14 build/Convert.o
                0x08001a1e                IntegerPower
 .text.GetBatteryLevel
                0x08001a32       0x4a build/Convert.o
                0x08001a32                GetBatteryLevel
 .text.PIDSetGain
                0x08001a7c       0x1c build/PID_Control.o
                0x08001a7c                PIDSetGain
 .text.PIDChangeFlag
                0x08001a98       0x10 build/PID_Control.o
                0x08001a98                PIDChangeFlag
 .text.PIDReset
                0x08001aa8       0x1c build/PID_Control.o
                0x08001aa8                PIDReset
 .text.PIDControl
                0x08001ac4       0xb4 build/PID_Control.o
                0x08001ac4                PIDControl
 .text.HAL_GPIO_EXTI_Callback
                0x08001b78       0x20 build/UI.o
                0x08001b78                HAL_GPIO_EXTI_Callback
 .text.Signal   0x08001b98       0x28 build/UI.o
                0x08001b98                Signal
 .text.BatteryCheck
                0x08001bc0       0x5c build/UI.o
                0x08001bc0                BatteryCheck
 .text.PhotoSwitch
                0x08001c1c       0x4c build/UI.o
                0x08001c1c                PhotoSwitch
 .text.ModeSelect
                0x08001c68       0xcc build/UI.o
                0x08001c68                ModeSelect
 .text.GetWallCtrlDirection
                0x08001d34       0xf2 build/Action.o
                0x08001d34                GetWallCtrlDirection
 *fill*         0x08001e26        0x2 
 .text.WaitStopAndReset
                0x08001e28       0x54 build/Action.o
                0x08001e28                WaitStopAndReset
 *fill*         0x08001e7c        0x4 
 .text.Rotate   0x08001e80      0x26c build/Action.o
                0x08001e80                Rotate
 .text.getFrontWall
                0x080020ec       0x3a build/Action.o
                0x080020ec                getFrontWall
 *fill*         0x08002126        0x2 
 .text.SlalomRight
                0x08002128      0x1e0 build/Action.o
                0x08002128                SlalomRight
 .text.SlalomLeft
                0x08002308      0x22c build/Action.o
                0x08002308                SlalomLeft
 .text.SlalomFastRight
                0x08002534      0x190 build/Action.o
                0x08002534                SlalomFastRight
 .text.SlalomFastLeft
                0x080026c4      0x18c build/Action.o
                0x080026c4                SlalomFastLeft
 .text.Accel    0x08002850      0x134 build/Action.o
                0x08002850                Accel
 *fill*         0x08002984        0x4 
 .text.Decel    0x08002988      0x188 build/Action.o
                0x08002988                Decel
 .text.Calib    0x08002b10       0x90 build/Action.o
                0x08002b10                Calib
 .text.Compensate
                0x08002ba0       0x1c build/Action.o
                0x08002ba0                Compensate
 .text.AjustCenter
                0x08002bbc      0x2b0 build/Action.o
                0x08002bbc                AjustCenter
 .text.GetWallCompensateDir
                0x08002e6c       0x92 build/Action.o
                0x08002e6c                GetWallCompensateDir
 *fill*         0x08002efe        0x2 
 .text.GoStraight
                0x08002f00      0x26c build/Action.o
                0x08002f00                GoStraight
 .text.TurnRight
                0x0800316c       0x8c build/Action.o
                0x0800316c                TurnRight
 .text.TurnLeft
                0x080031f8       0x90 build/Action.o
                0x080031f8                TurnLeft
 .text.GoBack   0x08003288      0x17c build/Action.o
                0x08003288                GoBack
 .text.LowDFSFlag
                0x08003404        0xc build/dfs.o
                0x08003404                LowDFSFlag
 .text.HighStackFlag
                0x08003410        0xc build/dfs.o
                0x08003410                HighStackFlag
 .text.LowStackFlag
                0x0800341c        0xc build/dfs.o
                0x0800341c                LowStackFlag
 .text.GetStackFlag
                0x08003428        0xc build/dfs.o
                0x08003428                GetStackFlag
 .text.InitStackNum
                0x08003434        0xc build/dfs.o
                0x08003434                InitStackNum
 .text.SetStackNum
                0x08003440        0xc build/dfs.o
                0x08003440                SetStackNum
 .text.GetStackNum
                0x0800344c        0xc build/dfs.o
                0x0800344c                GetStackNum
 .text.GetStackMass
                0x08003458       0x30 build/dfs.o
                0x08003458                GetStackMass
 .text.ComparePosition
                0x08003488       0x1c build/dfs.o
                0x08003488                ComparePosition
 .text.InitVisit
                0x080034a4       0x2c build/dfs.o
                0x080034a4                InitVisit
 .text.printVisited
                0x080034d0       0x38 build/dfs.o
                0x080034d0                printVisited
 .text.VisitedMass
                0x08003508       0x20 build/dfs.o
                0x08003508                VisitedMass
 .text.GetVisited
                0x08003528       0x14 build/dfs.o
                0x08003528                GetVisited
 .text.InitMassStack
                0x0800353c       0x10 build/dfs.o
                0x0800353c                InitMassStack
 .text.StackMass
                0x0800354c      0x3cc build/dfs.o
                0x0800354c                StackMass
 .text.Explore_IT
                0x08003918      0x2f8 build/Interrupt.o
 .text.WritingFree_IT
                0x08003c10      0x204 build/Interrupt.o
 .text.HAL_TIM_PeriodElapsedCallback
                0x08003e14       0xc0 build/Interrupt.o
                0x08003e14                HAL_TIM_PeriodElapsedCallback
 .text.judgeRawNodeGoal
                0x08003ed4       0x2e build/MazeLib.o
 .text.judgeColumnNodeGoal
                0x08003f02       0x30 build/MazeLib.o
 .text.convertNodeTo16Value
                0x08003f32       0x54 build/MazeLib.o
 .text.initWeight
                0x08003f86       0x54 build/MazeLib.o
                0x08003f86                initWeight
 .text.initMaze
                0x08003fda      0x110 build/MazeLib.o
                0x08003fda                initMaze
 .text.initTargetAreaWeight
                0x080040ea       0xd8 build/MazeLib.o
                0x080040ea                initTargetAreaWeight
 .text.updateAllNodeWeight
                0x080041c2      0x436 build/MazeLib.o
                0x080041c2                updateAllNodeWeight
 .text.updateNodeThree
                0x080045f8       0xec build/MazeLib.o
                0x080045f8                updateNodeThree
 .text.printAllWeight
                0x080046e4      0x124 build/MazeLib.o
                0x080046e4                printAllWeight
 .text.printAllNodeExistence
                0x08004808       0x78 build/MazeLib.o
                0x08004808                printAllNodeExistence
 .text.printMatrix16ValueFromNode
                0x08004880       0x58 build/MazeLib.o
                0x08004880                printMatrix16ValueFromNode
 .text.setPosition
                0x080048d8        0x6 build/MazeLib.o
                0x080048d8                setPosition
 .text.setGoal  0x080048de       0x1c build/MazeLib.o
                0x080048de                setGoal
 .text.setCardinal
                0x080048fa        0x4 build/MazeLib.o
                0x080048fa                setCardinal
 .text.setWallExistence
                0x080048fe       0x2a build/MazeLib.o
                0x080048fe                setWallExistence
 .text.initProfile
                0x08004928       0x70 build/MazeLib.o
                0x08004928                initProfile
 .text.shiftState
                0x08004998       0x12 build/MazeLib.o
                0x08004998                shiftState
 *fill*         0x080049aa        0x2 
 .text.getNextNode
                0x080049ac      0x2d0 build/MazeLib.o
                0x080049ac                getNextNode
 .text.judgeAccelorNot
                0x08004c7c      0x2de build/MazeLib.o
                0x08004c7c                judgeAccelorNot
 .text.getNextState
                0x08004f5a      0x30c build/MazeLib.o
                0x08004f5a                getNextState
 .text.getNowWallVirtual
                0x08005266       0x62 build/MazeLib.o
                0x08005266                getNowWallVirtual
 .text.getNextWallVirtual
                0x080052c8       0x62 build/MazeLib.o
                0x080052c8                getNextWallVirtual
 *fill*         0x0800532a        0x2 
 .text.InitExplore
                0x0800532c      0x138 build/Mode.o
                0x0800532c                InitExplore
 .text.InitFastest
                0x08005464      0x140 build/Mode.o
                0x08005464                InitFastest
 .text.Debug    0x080055a4       0xc4 build/Mode.o
                0x080055a4                Debug
 .text.GainSetting
                0x08005668      0x104 build/Mode.o
                0x08005668                GainSetting
 .text.GainTestDWall
                0x0800576c       0xd0 build/Mode.o
                0x0800576c                GainTestDWall
 .text.GainTestAVelo
                0x0800583c       0x6c build/Mode.o
                0x0800583c                GainTestAVelo
 .text.WritingFree
                0x080058a8      0x108 build/Mode.o
                0x080058a8                WritingFree
 .text.initSlalomParam
                0x080059b0       0x8c build/Mode.o
                0x080059b0                initSlalomParam
 .text.FastestRun
                0x08005a3c      0x1f4 build/Mode.o
                0x08005a3c                FastestRun
 .text.Explore  0x08005c30      0x2d4 build/Mode.o
                0x08005c30                Explore
 .text.flashStoreNodes
                0x08005f04       0x5c build/Record.o
                0x08005f04                flashStoreNodes
 .text.flashCopyNodesToRam
                0x08005f60       0x70 build/Record.o
                0x08005f60                flashCopyNodesToRam
 .text.initSearchData
                0x08005fd0       0x38 build/Searching.o
                0x08005fd0                initSearchData
 .text.FindUnwantedSquares
                0x08006008       0xc4 build/Searching.o
                0x08006008                FindUnwantedSquares
 .text.updateRealSearch
                0x080060cc      0x2d0 build/Searching.o
                0x080060cc                updateRealSearch
 .text.getNextDirection
                0x0800639c      0x1d0 build/Searching.o
                0x0800639c                getNextDirection
 .text.FastStraight
                0x0800656c      0x310 build/Searching.o
                0x0800656c                FastStraight
 *fill*         0x0800687c        0x4 
 .text.setTurnParam
                0x08006880       0xf8 build/Searching.o
                0x08006880                setTurnParam
 .text.setFastDiagonalParam
                0x08006978      0x15c build/Searching.o
                0x08006978                setFastDiagonalParam
 *fill*         0x08006ad4        0x4 
 .text.DiagonalRunTest
                0x08006ad8      0x308 build/Searching.o
                0x08006ad8                DiagonalRunTest
 .text.getPathNode
                0x08006de0       0xe8 build/Searching.o
                0x08006de0                getPathNode
 .text.getPathActionDiagonal
                0x08006ec8      0x9d4 build/Searching.o
                0x08006ec8                getPathActionDiagonal
 .text.MX_GPIO_Init
                0x0800789c      0x140 build/gpio.o
                0x0800789c                MX_GPIO_Init
 .text.MX_ADC1_Init
                0x080079dc       0xa4 build/adc.o
                0x080079dc                MX_ADC1_Init
 .text.MX_ADC2_Init
                0x08007a80       0x8c build/adc.o
                0x08007a80                MX_ADC2_Init
 .text.HAL_ADC_MspInit
                0x08007b0c      0x160 build/adc.o
                0x08007b0c                HAL_ADC_MspInit
 .text.MX_DMA_Init
                0x08007c6c       0x44 build/dma.o
                0x08007c6c                MX_DMA_Init
 .text.MX_SPI3_Init
                0x08007cb0       0x48 build/spi.o
                0x08007cb0                MX_SPI3_Init
 .text.HAL_SPI_MspInit
                0x08007cf8       0x70 build/spi.o
                0x08007cf8                HAL_SPI_MspInit
 .text.MX_TIM1_Init
                0x08007d68       0x70 build/tim.o
                0x08007d68                MX_TIM1_Init
 .text.MX_TIM3_Init
                0x08007dd8       0x64 build/tim.o
                0x08007dd8                MX_TIM3_Init
 .text.MX_TIM4_Init
                0x08007e3c       0x64 build/tim.o
                0x08007e3c                MX_TIM4_Init
 .text.HAL_TIM_Base_MspInit
                0x08007ea0       0xb8 build/tim.o
                0x08007ea0                HAL_TIM_Base_MspInit
 .text.HAL_TIM_Encoder_MspInit
                0x08007f58       0xb8 build/tim.o
                0x08007f58                HAL_TIM_Encoder_MspInit
 .text.HAL_TIM_MspPostInit
                0x08008010       0xf0 build/tim.o
                0x08008010                HAL_TIM_MspPostInit
 .text.MX_TIM2_Init
                0x08008100       0xac build/tim.o
                0x08008100                MX_TIM2_Init
 .text.MX_TIM5_Init
                0x080081ac       0xb0 build/tim.o
                0x080081ac                MX_TIM5_Init
 .text.MX_TIM8_Init
                0x0800825c       0xf4 build/tim.o
                0x0800825c                MX_TIM8_Init
 .text.MX_USART1_UART_Init
                0x08008350       0x34 build/usart.o
                0x08008350                MX_USART1_UART_Init
 .text.HAL_UART_MspInit
                0x08008384       0x74 build/usart.o
                0x08008384                HAL_UART_MspInit
 .text.SystemInit
                0x080083f8       0x1c build/system_stm32f4xx.o
                0x080083f8                SystemInit
 .text.ADC_Init
                0x08008414      0x134 build/stm32f4xx_hal_adc.o
 .text.HAL_ADC_Init
                0x08008548       0x56 build/stm32f4xx_hal_adc.o
                0x08008548                HAL_ADC_Init
 *fill*         0x0800859e        0x2 
 .text.HAL_ADC_Start_DMA
                0x080085a0      0x19c build/stm32f4xx_hal_adc.o
                0x080085a0                HAL_ADC_Start_DMA
 .text.HAL_ADC_Stop_DMA
                0x0800873c       0x78 build/stm32f4xx_hal_adc.o
                0x0800873c                HAL_ADC_Stop_DMA
 .text.HAL_ADC_ConvCpltCallback
                0x080087b4        0x2 build/stm32f4xx_hal_adc.o
                0x080087b4                HAL_ADC_ConvCpltCallback
 .text.HAL_ADC_ConvHalfCpltCallback
                0x080087b6        0x2 build/stm32f4xx_hal_adc.o
                0x080087b6                HAL_ADC_ConvHalfCpltCallback
 .text.ADC_DMAHalfConvCplt
                0x080087b8        0xa build/stm32f4xx_hal_adc.o
 .text.HAL_ADC_ErrorCallback
                0x080087c2        0x2 build/stm32f4xx_hal_adc.o
                0x080087c2                HAL_ADC_ErrorCallback
 .text.ADC_DMAError
                0x080087c4       0x16 build/stm32f4xx_hal_adc.o
 .text.ADC_DMAConvCplt
                0x080087da       0x72 build/stm32f4xx_hal_adc.o
 .text.HAL_ADC_ConfigChannel
                0x0800884c      0x198 build/stm32f4xx_hal_adc.o
                0x0800884c                HAL_ADC_ConfigChannel
 .text.HAL_NVIC_SetPriorityGrouping
                0x080089e4       0x24 build/stm32f4xx_hal_cortex.o
                0x080089e4                HAL_NVIC_SetPriorityGrouping
 .text.HAL_NVIC_SetPriority
                0x08008a08       0x70 build/stm32f4xx_hal_cortex.o
                0x08008a08                HAL_NVIC_SetPriority
 .text.HAL_NVIC_EnableIRQ
                0x08008a78       0x1c build/stm32f4xx_hal_cortex.o
                0x08008a78                HAL_NVIC_EnableIRQ
 .text.HAL_SYSTICK_Config
                0x08008a94       0x28 build/stm32f4xx_hal_cortex.o
                0x08008a94                HAL_SYSTICK_Config
 .text.DMA_SetConfig
                0x08008abc       0x2c build/stm32f4xx_hal_dma.o
 .text.DMA_CalcBaseAndBitshift
                0x08008ae8       0x44 build/stm32f4xx_hal_dma.o
 .text.DMA_CheckFifoParam
                0x08008b2c       0x8e build/stm32f4xx_hal_dma.o
 *fill*         0x08008bba        0x2 
 .text.HAL_DMA_Init
                0x08008bbc       0xcc build/stm32f4xx_hal_dma.o
                0x08008bbc                HAL_DMA_Init
 .text.HAL_DMA_Start_IT
                0x08008c88       0x6a build/stm32f4xx_hal_dma.o
                0x08008c88                HAL_DMA_Start_IT
 .text.HAL_DMA_Abort
                0x08008cf2       0x94 build/stm32f4xx_hal_dma.o
                0x08008cf2                HAL_DMA_Abort
 *fill*         0x08008d86        0x2 
 .text.HAL_DMA_IRQHandler
                0x08008d88      0x1dc build/stm32f4xx_hal_dma.o
                0x08008d88                HAL_DMA_IRQHandler
 .text.FLASH_MassErase
                0x08008f64       0x24 build/stm32f4xx_hal_flash_ex.o
 .text.FLASH_Erase_Sector
                0x08008f88       0x54 build/stm32f4xx_hal_flash_ex.o
                0x08008f88                FLASH_Erase_Sector
 .text.FLASH_FlushCaches
                0x08008fdc       0x60 build/stm32f4xx_hal_flash_ex.o
                0x08008fdc                FLASH_FlushCaches
 .text.HAL_FLASHEx_Erase
                0x0800903c       0x94 build/stm32f4xx_hal_flash_ex.o
                0x0800903c                HAL_FLASHEx_Erase
 .text.FLASH_SetErrorCode
                0x080090d0       0x8c build/stm32f4xx_hal_flash.o
 .text.HAL_FLASH_Unlock
                0x0800915c       0x30 build/stm32f4xx_hal_flash.o
                0x0800915c                HAL_FLASH_Unlock
 .text.HAL_FLASH_Lock
                0x0800918c       0x14 build/stm32f4xx_hal_flash.o
                0x0800918c                HAL_FLASH_Lock
 .text.FLASH_WaitForLastOperation
                0x080091a0       0x60 build/stm32f4xx_hal_flash.o
                0x080091a0                FLASH_WaitForLastOperation
 .text.HAL_GPIO_Init
                0x08009200      0x1e4 build/stm32f4xx_hal_gpio.o
                0x08009200                HAL_GPIO_Init
 .text.HAL_GPIO_WritePin
                0x080093e4        0xc build/stm32f4xx_hal_gpio.o
                0x080093e4                HAL_GPIO_WritePin
 .text.HAL_GPIO_EXTI_IRQHandler
                0x080093f0       0x1c build/stm32f4xx_hal_gpio.o
                0x080093f0                HAL_GPIO_EXTI_IRQHandler
 .text.HAL_RCC_OscConfig
                0x0800940c      0x3f8 build/stm32f4xx_hal_rcc.o
                0x0800940c                HAL_RCC_OscConfig
 .text.HAL_RCC_GetSysClockFreq
                0x08009804       0xd4 build/stm32f4xx_hal_rcc.o
                0x08009804                HAL_RCC_GetSysClockFreq
 .text.HAL_RCC_ClockConfig
                0x080098d8      0x160 build/stm32f4xx_hal_rcc.o
                0x080098d8                HAL_RCC_ClockConfig
 .text.HAL_RCC_GetHCLKFreq
                0x08009a38        0xc build/stm32f4xx_hal_rcc.o
                0x08009a38                HAL_RCC_GetHCLKFreq
 .text.HAL_RCC_GetPCLK1Freq
                0x08009a44       0x20 build/stm32f4xx_hal_rcc.o
                0x08009a44                HAL_RCC_GetPCLK1Freq
 .text.HAL_RCC_GetPCLK2Freq
                0x08009a64       0x20 build/stm32f4xx_hal_rcc.o
                0x08009a64                HAL_RCC_GetPCLK2Freq
 .text.SPI_WaitFlagStateUntilTimeout
                0x08009a84       0xd4 build/stm32f4xx_hal_spi.o
 .text.SPI_EndRxTxTransaction
                0x08009b58       0x68 build/stm32f4xx_hal_spi.o
 .text.SPI_EndRxTransaction
                0x08009bc0       0x8c build/stm32f4xx_hal_spi.o
 .text.HAL_SPI_Init
                0x08009c4c       0xbe build/stm32f4xx_hal_spi.o
                0x08009c4c                HAL_SPI_Init
 .text.HAL_SPI_Transmit
                0x08009d0a      0x1b8 build/stm32f4xx_hal_spi.o
                0x08009d0a                HAL_SPI_Transmit
 .text.HAL_SPI_TransmitReceive
                0x08009ec2      0x238 build/stm32f4xx_hal_spi.o
                0x08009ec2                HAL_SPI_TransmitReceive
 .text.HAL_SPI_Receive
                0x0800a0fa      0x180 build/stm32f4xx_hal_spi.o
                0x0800a0fa                HAL_SPI_Receive
 .text.TIM_CCxNChannelCmd
                0x0800a27a       0x1e build/stm32f4xx_hal_tim_ex.o
 .text.HAL_TIMEx_OCN_Start_IT
                0x0800a298      0x130 build/stm32f4xx_hal_tim_ex.o
                0x0800a298                HAL_TIMEx_OCN_Start_IT
 .text.HAL_TIMEx_OCN_Stop_IT
                0x0800a3c8       0xc2 build/stm32f4xx_hal_tim_ex.o
                0x0800a3c8                HAL_TIMEx_OCN_Stop_IT
 *fill*         0x0800a48a        0x2 
 .text.HAL_TIMEx_MasterConfigSynchronization
                0x0800a48c       0x8c build/stm32f4xx_hal_tim_ex.o
                0x0800a48c                HAL_TIMEx_MasterConfigSynchronization
 .text.HAL_TIMEx_ConfigBreakDeadTime
                0x0800a518       0x52 build/stm32f4xx_hal_tim_ex.o
                0x0800a518                HAL_TIMEx_ConfigBreakDeadTime
 .text.HAL_TIMEx_CommutCallback
                0x0800a56a        0x2 build/stm32f4xx_hal_tim_ex.o
                0x0800a56a                HAL_TIMEx_CommutCallback
 .text.HAL_TIMEx_BreakCallback
                0x0800a56c        0x2 build/stm32f4xx_hal_tim_ex.o
                0x0800a56c                HAL_TIMEx_BreakCallback
 *fill*         0x0800a56e        0x2 
 .text.TIM_OC1_SetConfig
                0x0800a570       0x68 build/stm32f4xx_hal_tim.o
 .text.TIM_OC3_SetConfig
                0x0800a5d8       0x70 build/stm32f4xx_hal_tim.o
 .text.TIM_OC4_SetConfig
                0x0800a648       0x50 build/stm32f4xx_hal_tim.o
 .text.TIM_TI1_ConfigInputStage
                0x0800a698       0x26 build/stm32f4xx_hal_tim.o
 .text.TIM_TI2_ConfigInputStage
                0x0800a6be       0x28 build/stm32f4xx_hal_tim.o
 .text.TIM_ITRx_SetConfig
                0x0800a6e6       0x10 build/stm32f4xx_hal_tim.o
 *fill*         0x0800a6f6        0x2 
 .text.HAL_TIM_Base_Start_IT
                0x0800a6f8       0x88 build/stm32f4xx_hal_tim.o
                0x0800a6f8                HAL_TIM_Base_Start_IT
 .text.HAL_TIM_OC_MspInit
                0x0800a780        0x2 build/stm32f4xx_hal_tim.o
                0x0800a780                HAL_TIM_OC_MspInit
 .text.HAL_TIM_PWM_MspInit
                0x0800a782        0x2 build/stm32f4xx_hal_tim.o
                0x0800a782                HAL_TIM_PWM_MspInit
 .text.HAL_TIM_OC_DelayElapsedCallback
                0x0800a784        0x2 build/stm32f4xx_hal_tim.o
                0x0800a784                HAL_TIM_OC_DelayElapsedCallback
 .text.HAL_TIM_IC_CaptureCallback
                0x0800a786        0x2 build/stm32f4xx_hal_tim.o
                0x0800a786                HAL_TIM_IC_CaptureCallback
 .text.HAL_TIM_PWM_PulseFinishedCallback
                0x0800a788        0x2 build/stm32f4xx_hal_tim.o
                0x0800a788                HAL_TIM_PWM_PulseFinishedCallback
 .text.HAL_TIM_TriggerCallback
                0x0800a78a        0x2 build/stm32f4xx_hal_tim.o
                0x0800a78a                HAL_TIM_TriggerCallback
 .text.HAL_TIM_IRQHandler
                0x0800a78c      0x17a build/stm32f4xx_hal_tim.o
                0x0800a78c                HAL_TIM_IRQHandler
 *fill*         0x0800a906        0x2 
 .text.TIM_Base_SetConfig
                0x0800a908       0xc8 build/stm32f4xx_hal_tim.o
                0x0800a908                TIM_Base_SetConfig
 .text.HAL_TIM_Base_Init
                0x0800a9d0       0x58 build/stm32f4xx_hal_tim.o
                0x0800a9d0                HAL_TIM_Base_Init
 .text.HAL_TIM_OC_Init
                0x0800aa28       0x58 build/stm32f4xx_hal_tim.o
                0x0800aa28                HAL_TIM_OC_Init
 .text.HAL_TIM_PWM_Init
                0x0800aa80       0x58 build/stm32f4xx_hal_tim.o
                0x0800aa80                HAL_TIM_PWM_Init
 .text.HAL_TIM_Encoder_Init
                0x0800aad8       0xb6 build/stm32f4xx_hal_tim.o
                0x0800aad8                HAL_TIM_Encoder_Init
 *fill*         0x0800ab8e        0x2 
 .text.TIM_OC2_SetConfig
                0x0800ab90       0x70 build/stm32f4xx_hal_tim.o
                0x0800ab90                TIM_OC2_SetConfig
 .text.HAL_TIM_OC_ConfigChannel
                0x0800ac00       0x5e build/stm32f4xx_hal_tim.o
                0x0800ac00                HAL_TIM_OC_ConfigChannel
 .text.HAL_TIM_PWM_ConfigChannel
                0x0800ac5e       0xdc build/stm32f4xx_hal_tim.o
                0x0800ac5e                HAL_TIM_PWM_ConfigChannel
 .text.TIM_ETR_SetConfig
                0x0800ad3a       0x1a build/stm32f4xx_hal_tim.o
                0x0800ad3a                TIM_ETR_SetConfig
 .text.HAL_TIM_ConfigClockSource
                0x0800ad54       0xfe build/stm32f4xx_hal_tim.o
                0x0800ad54                HAL_TIM_ConfigClockSource
 .text.TIM_CCxChannelCmd
                0x0800ae52       0x1e build/stm32f4xx_hal_tim.o
                0x0800ae52                TIM_CCxChannelCmd
 .text.HAL_TIM_OC_Start_IT
                0x0800ae70      0x14c build/stm32f4xx_hal_tim.o
                0x0800ae70                HAL_TIM_OC_Start_IT
 .text.HAL_TIM_OC_Stop_IT
                0x0800afbc       0xdc build/stm32f4xx_hal_tim.o
                0x0800afbc                HAL_TIM_OC_Stop_IT
 .text.HAL_TIM_PWM_Start
                0x0800b098      0x104 build/stm32f4xx_hal_tim.o
                0x0800b098                HAL_TIM_PWM_Start
 .text.HAL_TIM_Encoder_Start
                0x0800b19c       0xcc build/stm32f4xx_hal_tim.o
                0x0800b19c                HAL_TIM_Encoder_Start
 .text.HAL_TIM_Encoder_Stop
                0x0800b268       0xc4 build/stm32f4xx_hal_tim.o
                0x0800b268                HAL_TIM_Encoder_Stop
 .text.UART_SetConfig
                0x0800b32c      0x110 build/stm32f4xx_hal_uart.o
 .text.UART_WaitOnFlagUntilTimeout
                0x0800b43c       0x88 build/stm32f4xx_hal_uart.o
 .text.HAL_UART_Init
                0x0800b4c4       0x5e build/stm32f4xx_hal_uart.o
                0x0800b4c4                HAL_UART_Init
 .text.HAL_UART_Transmit
                0x0800b522       0xd8 build/stm32f4xx_hal_uart.o
                0x0800b522                HAL_UART_Transmit
 .text.HAL_UART_Receive
                0x0800b5fa       0xe4 build/stm32f4xx_hal_uart.o
                0x0800b5fa                HAL_UART_Receive
 *fill*         0x0800b6de        0x2 
 .text.HAL_InitTick
                0x0800b6e0       0x4c build/stm32f4xx_hal.o
                0x0800b6e0                HAL_InitTick
 .text.HAL_Init
                0x0800b72c       0x34 build/stm32f4xx_hal.o
                0x0800b72c                HAL_Init
 .text.HAL_IncTick
                0x0800b760       0x18 build/stm32f4xx_hal.o
                0x0800b760                HAL_IncTick
 .text.HAL_GetTick
                0x0800b778        0xc build/stm32f4xx_hal.o
                0x0800b778                HAL_GetTick
 .text.HAL_Delay
                0x0800b784       0x28 build/stm32f4xx_hal.o
                0x0800b784                HAL_Delay
 .text.Reset_Handler
                0x0800b7ac       0x50 build/startup_stm32f405xx.o
                0x0800b7ac                Reset_Handler
 .text.Default_Handler
                0x0800b7fc        0x2 build/startup_stm32f405xx.o
                0x0800b7fc                RTC_Alarm_IRQHandler
                0x0800b7fc                HASH_RNG_IRQHandler
                0x0800b7fc                EXTI2_IRQHandler
                0x0800b7fc                TIM8_CC_IRQHandler
                0x0800b7fc                TIM1_CC_IRQHandler
                0x0800b7fc                DMA2_Stream5_IRQHandler
                0x0800b7fc                DMA1_Stream5_IRQHandler
                0x0800b7fc                PVD_IRQHandler
                0x0800b7fc                SDIO_IRQHandler
                0x0800b7fc                TAMP_STAMP_IRQHandler
                0x0800b7fc                CAN2_RX1_IRQHandler
                0x0800b7fc                EXTI3_IRQHandler
                0x0800b7fc                TIM8_TRG_COM_TIM14_IRQHandler
                0x0800b7fc                I2C3_ER_IRQHandler
                0x0800b7fc                EXTI0_IRQHandler
                0x0800b7fc                I2C2_EV_IRQHandler
                0x0800b7fc                DMA1_Stream2_IRQHandler
                0x0800b7fc                CAN1_RX0_IRQHandler
                0x0800b7fc                FPU_IRQHandler
                0x0800b7fc                OTG_HS_WKUP_IRQHandler
                0x0800b7fc                CAN2_SCE_IRQHandler
                0x0800b7fc                SPI1_IRQHandler
                0x0800b7fc                TIM6_DAC_IRQHandler
                0x0800b7fc                TIM1_BRK_TIM9_IRQHandler
                0x0800b7fc                CAN2_RX0_IRQHandler
                0x0800b7fc                DMA2_Stream3_IRQHandler
                0x0800b7fc                USART6_IRQHandler
                0x0800b7fc                USART3_IRQHandler
                0x0800b7fc                CAN1_RX1_IRQHandler
                0x0800b7fc                UART5_IRQHandler
                0x0800b7fc                TIM4_IRQHandler
                0x0800b7fc                I2C1_EV_IRQHandler
                0x0800b7fc                DMA1_Stream6_IRQHandler
                0x0800b7fc                DMA1_Stream1_IRQHandler
                0x0800b7fc                UART4_IRQHandler
                0x0800b7fc                TIM3_IRQHandler
                0x0800b7fc                RCC_IRQHandler
                0x0800b7fc                TIM8_BRK_TIM12_IRQHandler
                0x0800b7fc                Default_Handler
                0x0800b7fc                ADC_IRQHandler
                0x0800b7fc                DMA1_Stream7_IRQHandler
                0x0800b7fc                TIM7_IRQHandler
                0x0800b7fc                CAN2_TX_IRQHandler
                0x0800b7fc                TIM5_IRQHandler
                0x0800b7fc                DMA2_Stream7_IRQHandler
                0x0800b7fc                I2C3_EV_IRQHandler
                0x0800b7fc                EXTI9_5_IRQHandler
                0x0800b7fc                RTC_WKUP_IRQHandler
                0x0800b7fc                SPI2_IRQHandler
                0x0800b7fc                OTG_HS_EP1_IN_IRQHandler
                0x0800b7fc                DMA1_Stream0_IRQHandler
                0x0800b7fc                CAN1_TX_IRQHandler
                0x0800b7fc                EXTI4_IRQHandler
                0x0800b7fc                FSMC_IRQHandler
                0x0800b7fc                OTG_HS_EP1_OUT_IRQHandler
                0x0800b7fc                WWDG_IRQHandler
                0x0800b7fc                TIM2_IRQHandler
                0x0800b7fc                OTG_FS_WKUP_IRQHandler
                0x0800b7fc                TIM1_TRG_COM_TIM11_IRQHandler
                0x0800b7fc                OTG_HS_IRQHandler
                0x0800b7fc                EXTI1_IRQHandler
                0x0800b7fc                USART2_IRQHandler
                0x0800b7fc                I2C2_ER_IRQHandler
                0x0800b7fc                DMA2_Stream1_IRQHandler
                0x0800b7fc                CAN1_SCE_IRQHandler
                0x0800b7fc                FLASH_IRQHandler
                0x0800b7fc                DMA2_Stream4_IRQHandler
                0x0800b7fc                USART1_IRQHandler
                0x0800b7fc                OTG_FS_IRQHandler
                0x0800b7fc                SPI3_IRQHandler
                0x0800b7fc                DMA1_Stream4_IRQHandler
                0x0800b7fc                I2C1_ER_IRQHandler
                0x0800b7fc                DMA2_Stream6_IRQHandler
                0x0800b7fc                DMA1_Stream3_IRQHandler
 *fill*         0x0800b7fe        0x2 
 .text.__errno  0x0800b800        0xc c:/tools/gcc-arm-none-eabi-10_2021.10/bin/../lib/gcc/arm-none-eabi/10.3.1/../../../../arm-none-eabi/lib/thumb/v7e-m+fp/hard\libc_nano.a(lib_a-errno.o)
                0x0800b800                __errno
 .text.__sflush_r
                0x0800b80c      0x10c c:/tools/gcc-arm-none-eabi-10_2021.10/bin/../lib/gcc/arm-none-eabi/10.3.1/../../../../arm-none-eabi/lib/thumb/v7e-m+fp/hard\libc_nano.a(lib_a-fflush.o)
                0x0800b80c                __sflush_r
 .text._fflush_r
                0x0800b918       0x78 c:/tools/gcc-arm-none-eabi-10_2021.10/bin/../lib/gcc/arm-none-eabi/10.3.1/../../../../arm-none-eabi/lib/thumb/v7e-m+fp/hard\libc_nano.a(lib_a-fflush.o)
                0x0800b918                _fflush_r
 .text.std      0x0800b990       0x48 c:/tools/gcc-arm-none-eabi-10_2021.10/bin/../lib/gcc/arm-none-eabi/10.3.1/../../../../arm-none-eabi/lib/thumb/v7e-m+fp/hard\libc_nano.a(lib_a-findfp.o)
 .text._cleanup_r
                0x0800b9d8        0xc c:/tools/gcc-arm-none-eabi-10_2021.10/bin/../lib/gcc/arm-none-eabi/10.3.1/../../../../arm-none-eabi/lib/thumb/v7e-m+fp/hard\libc_nano.a(lib_a-findfp.o)
                0x0800b9d8                _cleanup_r
 .text.__sfmoreglue
                0x0800b9e4       0x2c c:/tools/gcc-arm-none-eabi-10_2021.10/bin/../lib/gcc/arm-none-eabi/10.3.1/../../../../arm-none-eabi/lib/thumb/v7e-m+fp/hard\libc_nano.a(lib_a-findfp.o)
                0x0800b9e4                __sfmoreglue
 .text.__sfp_lock_acquire
                0x0800ba10        0xc c:/tools/gcc-arm-none-eabi-10_2021.10/bin/../lib/gcc/arm-none-eabi/10.3.1/../../../../arm-none-eabi/lib/thumb/v7e-m+fp/hard\libc_nano.a(lib_a-findfp.o)
                0x0800ba10                __sfp_lock_acquire
 .text.__sfp_lock_release
                0x0800ba1c        0xc c:/tools/gcc-arm-none-eabi-10_2021.10/bin/../lib/gcc/arm-none-eabi/10.3.1/../../../../arm-none-eabi/lib/thumb/v7e-m+fp/hard\libc_nano.a(lib_a-findfp.o)
                0x0800ba1c                __sfp_lock_release
 .text.__sinit_lock_acquire
                0x0800ba28        0xc c:/tools/gcc-arm-none-eabi-10_2021.10/bin/../lib/gcc/arm-none-eabi/10.3.1/../../../../arm-none-eabi/lib/thumb/v7e-m+fp/hard\libc_nano.a(lib_a-findfp.o)
                0x0800ba28                __sinit_lock_acquire
 .text.__sinit_lock_release
                0x0800ba34        0xc c:/tools/gcc-arm-none-eabi-10_2021.10/bin/../lib/gcc/arm-none-eabi/10.3.1/../../../../arm-none-eabi/lib/thumb/v7e-m+fp/hard\libc_nano.a(lib_a-findfp.o)
                0x0800ba34                __sinit_lock_release
 .text.__sinit  0x0800ba40       0x70 c:/tools/gcc-arm-none-eabi-10_2021.10/bin/../lib/gcc/arm-none-eabi/10.3.1/../../../../arm-none-eabi/lib/thumb/v7e-m+fp/hard\libc_nano.a(lib_a-findfp.o)
                0x0800ba40                __sinit
 .text.__sfp    0x0800bab0       0x8c c:/tools/gcc-arm-none-eabi-10_2021.10/bin/../lib/gcc/arm-none-eabi/10.3.1/../../../../arm-none-eabi/lib/thumb/v7e-m+fp/hard\libc_nano.a(lib_a-findfp.o)
                0x0800bab0                __sfp
 .text._fwalk_reent
                0x0800bb3c       0x3e c:/tools/gcc-arm-none-eabi-10_2021.10/bin/../lib/gcc/arm-none-eabi/10.3.1/../../../../arm-none-eabi/lib/thumb/v7e-m+fp/hard\libc_nano.a(lib_a-fwalk.o)
                0x0800bb3c                _fwalk_reent
 *fill*         0x0800bb7a        0x2 
 .text.__libc_init_array
                0x0800bb7c       0x48 c:/tools/gcc-arm-none-eabi-10_2021.10/bin/../lib/gcc/arm-none-eabi/10.3.1/../../../../arm-none-eabi/lib/thumb/v7e-m+fp/hard\libc_nano.a(lib_a-init.o)
                0x0800bb7c                __libc_init_array
 .text.__retarget_lock_init_recursive
                0x0800bbc4        0x2 c:/tools/gcc-arm-none-eabi-10_2021.10/bin/../lib/gcc/arm-none-eabi/10.3.1/../../../../arm-none-eabi/lib/thumb/v7e-m+fp/hard\libc_nano.a(lib_a-lock.o)
                0x0800bbc4                __retarget_lock_init_recursive
 .text.__retarget_lock_acquire_recursive
                0x0800bbc6        0x2 c:/tools/gcc-arm-none-eabi-10_2021.10/bin/../lib/gcc/arm-none-eabi/10.3.1/../../../../arm-none-eabi/lib/thumb/v7e-m+fp/hard\libc_nano.a(lib_a-lock.o)
                0x0800bbc6                __retarget_lock_acquire_recursive
 .text.__retarget_lock_release_recursive
                0x0800bbc8        0x2 c:/tools/gcc-arm-none-eabi-10_2021.10/bin/../lib/gcc/arm-none-eabi/10.3.1/../../../../arm-none-eabi/lib/thumb/v7e-m+fp/hard\libc_nano.a(lib_a-lock.o)
                0x0800bbc8                __retarget_lock_release_recursive
 .text.__swhatbuf_r
                0x0800bbca       0x4a c:/tools/gcc-arm-none-eabi-10_2021.10/bin/../lib/gcc/arm-none-eabi/10.3.1/../../../../arm-none-eabi/lib/thumb/v7e-m+fp/hard\libc_nano.a(lib_a-makebuf.o)
                0x0800bbca                __swhatbuf_r
 .text.__smakebuf_r
                0x0800bc14       0x80 c:/tools/gcc-arm-none-eabi-10_2021.10/bin/../lib/gcc/arm-none-eabi/10.3.1/../../../../arm-none-eabi/lib/thumb/v7e-m+fp/hard\libc_nano.a(lib_a-makebuf.o)
                0x0800bc14                __smakebuf_r
 .text.memset   0x0800bc94       0x10 c:/tools/gcc-arm-none-eabi-10_2021.10/bin/../lib/gcc/arm-none-eabi/10.3.1/../../../../arm-none-eabi/lib/thumb/v7e-m+fp/hard\libc_nano.a(lib_a-memset.o)
                0x0800bc94                memset
 .text._free_r  0x0800bca4       0x98 c:/tools/gcc-arm-none-eabi-10_2021.10/bin/../lib/gcc/arm-none-eabi/10.3.1/../../../../arm-none-eabi/lib/thumb/v7e-m+fp/hard\libc_nano.a(lib_a-nano-freer.o)
                0x0800bca4                _free_r
 .text.sbrk_aligned
                0x0800bd3c       0x40 c:/tools/gcc-arm-none-eabi-10_2021.10/bin/../lib/gcc/arm-none-eabi/10.3.1/../../../../arm-none-eabi/lib/thumb/v7e-m+fp/hard\libc_nano.a(lib_a-nano-mallocr.o)
 .text._malloc_r
                0x0800bd7c       0xe8 c:/tools/gcc-arm-none-eabi-10_2021.10/bin/../lib/gcc/arm-none-eabi/10.3.1/../../../../arm-none-eabi/lib/thumb/v7e-m+fp/hard\libc_nano.a(lib_a-nano-mallocr.o)
                0x0800bd7c                _malloc_r
 .text.__sfputc_r
                0x0800be64       0x2e c:/tools/gcc-arm-none-eabi-10_2021.10/bin/../lib/gcc/arm-none-eabi/10.3.1/../../../../arm-none-eabi/lib/thumb/v7e-m+fp/hard\libc_nano.a(lib_a-nano-vfprintf.o)
 .text.__sfputs_r
                0x0800be92       0x24 c:/tools/gcc-arm-none-eabi-10_2021.10/bin/../lib/gcc/arm-none-eabi/10.3.1/../../../../arm-none-eabi/lib/thumb/v7e-m+fp/hard\libc_nano.a(lib_a-nano-vfprintf.o)
                0x0800be92                __sfputs_r
 *fill*         0x0800beb6        0x2 
 .text._vfprintf_r
                0x0800beb8      0x260 c:/tools/gcc-arm-none-eabi-10_2021.10/bin/../lib/gcc/arm-none-eabi/10.3.1/../../../../arm-none-eabi/lib/thumb/v7e-m+fp/hard\libc_nano.a(lib_a-nano-vfprintf.o)
                0x0800beb8                _vfprintf_r
                0x0800beb8                _vfiprintf_r
 .text._printf_common
                0x0800c118       0xda c:/tools/gcc-arm-none-eabi-10_2021.10/bin/../lib/gcc/arm-none-eabi/10.3.1/../../../../arm-none-eabi/lib/thumb/v7e-m+fp/hard\libc_nano.a(lib_a-nano-vfprintf_i.o)
                0x0800c118                _printf_common
 *fill*         0x0800c1f2        0x2 
 .text._printf_i
                0x0800c1f4      0x24c c:/tools/gcc-arm-none-eabi-10_2021.10/bin/../lib/gcc/arm-none-eabi/10.3.1/../../../../arm-none-eabi/lib/thumb/v7e-m+fp/hard\libc_nano.a(lib_a-nano-vfprintf_i.o)
                0x0800c1f4                _printf_i
 .text.printf   0x0800c440       0x30 c:/tools/gcc-arm-none-eabi-10_2021.10/bin/../lib/gcc/arm-none-eabi/10.3.1/../../../../arm-none-eabi/lib/thumb/v7e-m+fp/hard\libc_nano.a(lib_a-printf.o)
                0x0800c440                iprintf
                0x0800c440                printf
 .text.putchar  0x0800c470       0x2c c:/tools/gcc-arm-none-eabi-10_2021.10/bin/../lib/gcc/arm-none-eabi/10.3.1/../../../../arm-none-eabi/lib/thumb/v7e-m+fp/hard\libc_nano.a(lib_a-putchar.o)
                0x0800c470                putchar
 .text._puts_r  0x0800c49c       0xdc c:/tools/gcc-arm-none-eabi-10_2021.10/bin/../lib/gcc/arm-none-eabi/10.3.1/../../../../arm-none-eabi/lib/thumb/v7e-m+fp/hard\libc_nano.a(lib_a-puts.o)
                0x0800c49c                _puts_r
 .text.puts     0x0800c578       0x10 c:/tools/gcc-arm-none-eabi-10_2021.10/bin/../lib/gcc/arm-none-eabi/10.3.1/../../../../arm-none-eabi/lib/thumb/v7e-m+fp/hard\libc_nano.a(lib_a-puts.o)
                0x0800c578                puts
 .text.swapfunc
                0x0800c588       0x32 c:/tools/gcc-arm-none-eabi-10_2021.10/bin/../lib/gcc/arm-none-eabi/10.3.1/../../../../arm-none-eabi/lib/thumb/v7e-m+fp/hard\libc_nano.a(lib_a-qsort.o)
 .text.med3.constprop.0
                0x0800c5ba       0x3e c:/tools/gcc-arm-none-eabi-10_2021.10/bin/../lib/gcc/arm-none-eabi/10.3.1/../../../../arm-none-eabi/lib/thumb/v7e-m+fp/hard\libc_nano.a(lib_a-qsort.o)
 .text.qsort    0x0800c5f8      0x2a0 c:/tools/gcc-arm-none-eabi-10_2021.10/bin/../lib/gcc/arm-none-eabi/10.3.1/../../../../arm-none-eabi/lib/thumb/v7e-m+fp/hard\libc_nano.a(lib_a-qsort.o)
                0x0800c5f8                qsort
 .text._sbrk_r  0x0800c898       0x20 c:/tools/gcc-arm-none-eabi-10_2021.10/bin/../lib/gcc/arm-none-eabi/10.3.1/../../../../arm-none-eabi/lib/thumb/v7e-m+fp/hard\libc_nano.a(lib_a-sbrkr.o)
                0x0800c898                _sbrk_r
 .text.__sread  0x0800c8b8       0x22 c:/tools/gcc-arm-none-eabi-10_2021.10/bin/../lib/gcc/arm-none-eabi/10.3.1/../../../../arm-none-eabi/lib/thumb/v7e-m+fp/hard\libc_nano.a(lib_a-stdio.o)
                0x0800c8b8                __sread
 .text.__swrite
                0x0800c8da       0x38 c:/tools/gcc-arm-none-eabi-10_2021.10/bin/../lib/gcc/arm-none-eabi/10.3.1/../../../../arm-none-eabi/lib/thumb/v7e-m+fp/hard\libc_nano.a(lib_a-stdio.o)
                0x0800c8da                __swrite
 .text.__sseek  0x0800c912       0x24 c:/tools/gcc-arm-none-eabi-10_2021.10/bin/../lib/gcc/arm-none-eabi/10.3.1/../../../../arm-none-eabi/lib/thumb/v7e-m+fp/hard\libc_nano.a(lib_a-stdio.o)
                0x0800c912                __sseek
 .text.__sclose
                0x0800c936        0x8 c:/tools/gcc-arm-none-eabi-10_2021.10/bin/../lib/gcc/arm-none-eabi/10.3.1/../../../../arm-none-eabi/lib/thumb/v7e-m+fp/hard\libc_nano.a(lib_a-stdio.o)
                0x0800c936                __sclose
 *fill*         0x0800c93e        0x2 
 .text.__swbuf_r
                0x0800c940       0xa4 c:/tools/gcc-arm-none-eabi-10_2021.10/bin/../lib/gcc/arm-none-eabi/10.3.1/../../../../arm-none-eabi/lib/thumb/v7e-m+fp/hard\libc_nano.a(lib_a-wbuf.o)
                0x0800c940                __swbuf_r
 .text._write_r
                0x0800c9e4       0x24 c:/tools/gcc-arm-none-eabi-10_2021.10/bin/../lib/gcc/arm-none-eabi/10.3.1/../../../../arm-none-eabi/lib/thumb/v7e-m+fp/hard\libc_nano.a(lib_a-writer.o)
                0x0800c9e4                _write_r
 .text.__swsetup_r
                0x0800ca08       0xdc c:/tools/gcc-arm-none-eabi-10_2021.10/bin/../lib/gcc/arm-none-eabi/10.3.1/../../../../arm-none-eabi/lib/thumb/v7e-m+fp/hard\libc_nano.a(lib_a-wsetup.o)
                0x0800ca08                __swsetup_r
 .text._close_r
                0x0800cae4       0x20 c:/tools/gcc-arm-none-eabi-10_2021.10/bin/../lib/gcc/arm-none-eabi/10.3.1/../../../../arm-none-eabi/lib/thumb/v7e-m+fp/hard\libc_nano.a(lib_a-closer.o)
                0x0800cae4                _close_r
 .text._fstat_r
                0x0800cb04       0x24 c:/tools/gcc-arm-none-eabi-10_2021.10/bin/../lib/gcc/arm-none-eabi/10.3.1/../../../../arm-none-eabi/lib/thumb/v7e-m+fp/hard\libc_nano.a(lib_a-fstatr.o)
                0x0800cb04                _fstat_r
 .text._isatty_r
                0x0800cb28       0x20 c:/tools/gcc-arm-none-eabi-10_2021.10/bin/../lib/gcc/arm-none-eabi/10.3.1/../../../../arm-none-eabi/lib/thumb/v7e-m+fp/hard\libc_nano.a(lib_a-isattyr.o)
                0x0800cb28                _isatty_r
 .text._lseek_r
                0x0800cb48       0x24 c:/tools/gcc-arm-none-eabi-10_2021.10/bin/../lib/gcc/arm-none-eabi/10.3.1/../../../../arm-none-eabi/lib/thumb/v7e-m+fp/hard\libc_nano.a(lib_a-lseekr.o)
                0x0800cb48                _lseek_r
 .text.__malloc_lock
                0x0800cb6c        0xc c:/tools/gcc-arm-none-eabi-10_2021.10/bin/../lib/gcc/arm-none-eabi/10.3.1/../../../../arm-none-eabi/lib/thumb/v7e-m+fp/hard\libc_nano.a(lib_a-mlock.o)
                0x0800cb6c                __malloc_lock
 .text.__malloc_unlock
                0x0800cb78        0xc c:/tools/gcc-arm-none-eabi-10_2021.10/bin/../lib/gcc/arm-none-eabi/10.3.1/../../../../arm-none-eabi/lib/thumb/v7e-m+fp/hard\libc_nano.a(lib_a-mlock.o)
                0x0800cb78                __malloc_unlock
 .text._putc_r  0x0800cb84       0x90 c:/tools/gcc-arm-none-eabi-10_2021.10/bin/../lib/gcc/arm-none-eabi/10.3.1/../../../../arm-none-eabi/lib/thumb/v7e-m+fp/hard\libc_nano.a(lib_a-putc.o)
                0x0800cb84                _putc_r
 .text._read_r  0x0800cc14       0x24 c:/tools/gcc-arm-none-eabi-10_2021.10/bin/../lib/gcc/arm-none-eabi/10.3.1/../../../../arm-none-eabi/lib/thumb/v7e-m+fp/hard\libc_nano.a(lib_a-readr.o)
                0x0800cc14                _read_r
 .text.round    0x0800cc38       0xa0 c:/tools/gcc-arm-none-eabi-10_2021.10/bin/../lib/gcc/arm-none-eabi/10.3.1/../../../../arm-none-eabi/lib/thumb/v7e-m+fp/hard\libm.a(lib_a-s_round.o)
                0x0800cc38                round
 *(.glue_7)
 .glue_7        0x0800ccd8        0x0 linker stubs
 *(.glue_7t)
 .glue_7t       0x0800ccd8        0x0 linker stubs
 *(.eh_frame)
 .eh_frame      0x0800ccd8        0x0 c:/tools/gcc-arm-none-eabi-10_2021.10/bin/../lib/gcc/arm-none-eabi/10.3.1/thumb/v7e-m+fp/hard/crtbegin.o
 *(.init)
 .init          0x0800ccd8        0x4 c:/tools/gcc-arm-none-eabi-10_2021.10/bin/../lib/gcc/arm-none-eabi/10.3.1/thumb/v7e-m+fp/hard/crti.o
                0x0800ccd8                _init
 .init          0x0800ccdc        0x8 c:/tools/gcc-arm-none-eabi-10_2021.10/bin/../lib/gcc/arm-none-eabi/10.3.1/thumb/v7e-m+fp/hard/crtn.o
 *(.fini)
 .fini          0x0800cce4        0x4 c:/tools/gcc-arm-none-eabi-10_2021.10/bin/../lib/gcc/arm-none-eabi/10.3.1/thumb/v7e-m+fp/hard/crti.o
                0x0800cce4                _fini
 .fini          0x0800cce8        0x8 c:/tools/gcc-arm-none-eabi-10_2021.10/bin/../lib/gcc/arm-none-eabi/10.3.1/thumb/v7e-m+fp/hard/crtn.o
                0x0800ccf0                . = ALIGN (0x4)
                0x0800ccf0                _etext = .

.vfp11_veneer   0x0800ccf0        0x0
 .vfp11_veneer  0x0800ccf0        0x0 linker stubs

.v4_bx          0x0800ccf0        0x0
 .v4_bx         0x0800ccf0        0x0 linker stubs

.iplt           0x0800ccf0        0x0
 .iplt          0x0800ccf0        0x0 c:/tools/gcc-arm-none-eabi-10_2021.10/bin/../lib/gcc/arm-none-eabi/10.3.1/thumb/v7e-m+fp/hard/crtbegin.o

.rodata         0x0800ccf0      0x470
                0x0800ccf0                . = ALIGN (0x4)
 *(.rodata)
 .rodata        0x0800ccf0        0x8 build/Action.o
 .rodata        0x0800ccf8        0x8 build/MazeLib.o
 *(.rodata*)
 .rodata.main.str1.4
                0x0800cd00       0x1a build/main.o
 *fill*         0x0800cd1a        0x2 
 .rodata.ADCStop.str1.4
                0x0800cd1c       0x1d build/mouse_ADC.o
 *fill*         0x0800cd39        0x3 
 .rodata.start_adress_sector1
                0x0800cd3c        0x4 build/Flash.o
                0x0800cd3c                start_adress_sector1
 .rodata.convert_to_imu_angv
                0x0800cd40        0x4 build/ICM_20648.o
                0x0800cd40                convert_to_imu_angv
 .rodata.BatteryCheck.str1.4
                0x0800cd44       0x1d build/UI.o
                                  0x5 (size before relaxing)
 .rodata.PhotoSwitch.str1.4
                0x0800cd44       0x10 build/UI.o
 .rodata.printVisited.str1.4
                0x0800cd54        0x4 build/dfs.o
                                  0x6 (size before relaxing)
 .rodata.printAllWeight.str1.4
                0x0800cd58       0x42 build/MazeLib.o
                                 0x46 (size before relaxing)
 *fill*         0x0800cd9a        0x2 
 .rodata.printAllNode.str1.4
                0x0800cd9c       0x17 build/MazeLib.o
 *fill*         0x0800cdb3        0x1 
 .rodata.printAllNodeExistence.str1.4
                0x0800cdb4       0x1d build/MazeLib.o
 *fill*         0x0800cdd1        0x3 
 .rodata.printMatrix16ValueFromNode.str1.4
                0x0800cdd4       0x25 build/MazeLib.o
 *fill*         0x0800cdf9        0x3 
 .rodata.InitExplore.str1.4
                0x0800cdfc       0x28 build/Mode.o
 .rodata.Debug.str1.4
                0x0800ce24       0x34 build/Mode.o
 .rodata.GainSetting.str1.4
                0x0800ce58      0x1b0 build/Mode.o
 .rodata.GainTestDWall.str1.4
                0x0800d008       0x38 build/Mode.o
 .rodata.WritingFree.str1.4
                0x0800d040       0x13 build/Mode.o
                                 0x17 (size before relaxing)
 *fill*         0x0800d053        0x1 
 .rodata.FastestRun.str1.4
                0x0800d054       0x51 build/Mode.o
 .rodata.getPathNode.str1.4
                0x0800d0a5        0x2 build/Searching.o
 *fill*         0x0800d0a5        0x3 
 .rodata.AHBPrescTable
                0x0800d0a8       0x10 build/system_stm32f4xx.o
                0x0800d0a8                AHBPrescTable
 .rodata.APBPrescTable
                0x0800d0b8        0x8 build/system_stm32f4xx.o
                0x0800d0b8                APBPrescTable
 .rodata.flagBitshiftOffset.0
                0x0800d0c0        0x8 build/stm32f4xx_hal_dma.o
 .rodata.__sf_fake_stderr
                0x0800d0c8       0x20 c:/tools/gcc-arm-none-eabi-10_2021.10/bin/../lib/gcc/arm-none-eabi/10.3.1/../../../../arm-none-eabi/lib/thumb/v7e-m+fp/hard\libc_nano.a(lib_a-findfp.o)
                0x0800d0c8                __sf_fake_stderr
 .rodata.__sf_fake_stdin
                0x0800d0e8       0x20 c:/tools/gcc-arm-none-eabi-10_2021.10/bin/../lib/gcc/arm-none-eabi/10.3.1/../../../../arm-none-eabi/lib/thumb/v7e-m+fp/hard\libc_nano.a(lib_a-findfp.o)
                0x0800d0e8                __sf_fake_stdin
 .rodata.__sf_fake_stdout
                0x0800d108       0x20 c:/tools/gcc-arm-none-eabi-10_2021.10/bin/../lib/gcc/arm-none-eabi/10.3.1/../../../../arm-none-eabi/lib/thumb/v7e-m+fp/hard\libc_nano.a(lib_a-findfp.o)
                0x0800d108                __sf_fake_stdout
 .rodata._global_impure_ptr
                0x0800d128        0x4 c:/tools/gcc-arm-none-eabi-10_2021.10/bin/../lib/gcc/arm-none-eabi/10.3.1/../../../../arm-none-eabi/lib/thumb/v7e-m+fp/hard\libc_nano.a(lib_a-impure.o)
                0x0800d128                _global_impure_ptr
 .rodata._vfprintf_r.str1.1
                0x0800d12c       0x11 c:/tools/gcc-arm-none-eabi-10_2021.10/bin/../lib/gcc/arm-none-eabi/10.3.1/../../../../arm-none-eabi/lib/thumb/v7e-m+fp/hard\libc_nano.a(lib_a-nano-vfprintf.o)
 .rodata._printf_i.str1.1
                0x0800d13d       0x22 c:/tools/gcc-arm-none-eabi-10_2021.10/bin/../lib/gcc/arm-none-eabi/10.3.1/../../../../arm-none-eabi/lib/thumb/v7e-m+fp/hard\libc_nano.a(lib_a-nano-vfprintf_i.o)
                0x0800d160                . = ALIGN (0x4)
 *fill*         0x0800d15f        0x1 

.ARM.extab
 *(.ARM.extab* .gnu.linkonce.armextab.*)

.ARM            0x0800d160        0x8
                0x0800d160                __exidx_start = .
 *(.ARM.exidx*)
 .ARM.exidx     0x0800d160        0x8 c:/tools/gcc-arm-none-eabi-10_2021.10/bin/../lib/gcc/arm-none-eabi/10.3.1/thumb/v7e-m+fp/hard\libgcc.a(_udivmoddi4.o)
                0x0800d168                __exidx_end = .

.rel.dyn        0x0800d168        0x0
 .rel.iplt      0x0800d168        0x0 c:/tools/gcc-arm-none-eabi-10_2021.10/bin/../lib/gcc/arm-none-eabi/10.3.1/thumb/v7e-m+fp/hard/crtbegin.o

.preinit_array  0x0800d168        0x0
                0x0800d168                PROVIDE (__preinit_array_start = .)
 *(.preinit_array*)
                0x0800d168                PROVIDE (__preinit_array_end = .)

.init_array     0x0800d168        0x4
                0x0800d168                PROVIDE (__init_array_start = .)
 *(SORT_BY_NAME(.init_array.*))
 *(.init_array*)
 .init_array    0x0800d168        0x4 c:/tools/gcc-arm-none-eabi-10_2021.10/bin/../lib/gcc/arm-none-eabi/10.3.1/thumb/v7e-m+fp/hard/crtbegin.o
                0x0800d16c                PROVIDE (__init_array_end = .)

.fini_array     0x0800d16c        0x4
                [!provide]                PROVIDE (__fini_array_start = .)
 *(SORT_BY_NAME(.fini_array.*))
 *(.fini_array*)
 .fini_array    0x0800d16c        0x4 c:/tools/gcc-arm-none-eabi-10_2021.10/bin/../lib/gcc/arm-none-eabi/10.3.1/thumb/v7e-m+fp/hard/crtbegin.o
                [!provide]                PROVIDE (__fini_array_end = .)
                0x0800d170                _sidata = LOADADDR (.data)

.data           0x20000000       0x7c load address 0x0800d170
                0x20000000                . = ALIGN (0x4)
                0x20000000                _sdata = .
 *(.data)
 *(.data*)
 .data.cnt.0    0x20000000        0x4 build/MazeLib.o
 .data.cnt.2    0x20000004        0x4 build/Searching.o
 .data.cnt.3    0x20000008        0x4 build/Searching.o
 .data.SystemCoreClock
                0x2000000c        0x4 build/system_stm32f4xx.o
                0x2000000c                SystemCoreClock
 .data.uwTickFreq
                0x20000010        0x1 build/stm32f4xx_hal.o
                0x20000010                uwTickFreq
 *fill*         0x20000011        0x3 
 .data.uwTickPrio
                0x20000014        0x4 build/stm32f4xx_hal.o
                0x20000014                uwTickPrio
 .data._impure_ptr
                0x20000018        0x4 c:/tools/gcc-arm-none-eabi-10_2021.10/bin/../lib/gcc/arm-none-eabi/10.3.1/../../../../arm-none-eabi/lib/thumb/v7e-m+fp/hard\libc_nano.a(lib_a-impure.o)
                0x20000018                _impure_ptr
 .data.impure_data
                0x2000001c       0x60 c:/tools/gcc-arm-none-eabi-10_2021.10/bin/../lib/gcc/arm-none-eabi/10.3.1/../../../../arm-none-eabi/lib/thumb/v7e-m+fp/hard\libc_nano.a(lib_a-impure.o)
                0x2000007c                . = ALIGN (0x4)
                0x2000007c                _edata = .
                0x0800d1ec                _siccmram = LOADADDR (.ccmram)

.igot.plt       0x2000007c        0x0 load address 0x0800d1ec
 .igot.plt      0x2000007c        0x0 c:/tools/gcc-arm-none-eabi-10_2021.10/bin/../lib/gcc/arm-none-eabi/10.3.1/thumb/v7e-m+fp/hard/crtbegin.o

.ccmram         0x10000000        0x0 load address 0x0800d1ec
                0x10000000                . = ALIGN (0x4)
                0x10000000                _sccmram = .
 *(.ccmram)
 *(.ccmram*)
                0x10000000                . = ALIGN (0x4)
                0x10000000                _eccmram = .
                0x10000000                . = ALIGN (0x4)

.bss            0x2000007c     0x6c9c
                0x2000007c                _sbss = .
                0x2000007c                __bss_start__ = _sbss
 *(.bss)
 .bss           0x2000007c       0x1c c:/tools/gcc-arm-none-eabi-10_2021.10/bin/../lib/gcc/arm-none-eabi/10.3.1/thumb/v7e-m+fp/hard/crtbegin.o
 *(.bss*)
 .bss.__sbrk_heap_end
                0x20000098        0x4 build/sysmem.o
 .bss.adc1      0x2000009c        0xc build/mouse_ADC.o
                0x2000009c                adc1
 .bss.adc2      0x200000a8        0x8 build/mouse_ADC.o
                0x200000a8                adc2
 .bss.ZGFilterd
                0x200000b0        0x2 build/ICM_20648.o
                0x200000b0                ZGFilterd
 *fill*         0x200000b2        0x2 
 .bss.ZGyro     0x200000b4        0x4 build/ICM_20648.o
                0x200000b4                ZGyro
 .bss.filter.0  0x200000b8        0x6 build/ICM_20648.o
 *fill*         0x200000be        0x2 
 .bss.zg_offset
                0x200000c0        0x4 build/ICM_20648.o
                0x200000c0                zg_offset
 .bss.average.0
                0x200000c4       0x10 build/Convert.o
 .bss.count.1   0x200000d4       0x10 build/Convert.o
 .bss.integrate.2
                0x200000e4       0x10 build/Convert.o
 .bss.last.3    0x200000f4       0x10 build/Convert.o
 .bss.Pid       0x20000104      0x1e4 build/PID_Control.o
                0x20000104                Pid
 .bss.gpio_callback_count
                0x200002e8        0x4 build/UI.o
                0x200002e8                gpio_callback_count
 .bss.DFS_Flag  0x200002ec        0x1 build/dfs.o
 .bss.Stack_Flag
                0x200002ed        0x1 build/dfs.o
 *fill*         0x200002ee        0x2 
 .bss.Stack_Num
                0x200002f0        0x4 build/dfs.o
 .bss.Visit     0x200002f4      0x100 build/dfs.o
                0x200002f4                Visit
 .bss.mass_stack
                0x200003f4      0x288 build/dfs.o
                0x200003f4                mass_stack
 .bss.IT_mode   0x2000067c        0x4 build/Interrupt.o
                0x2000067c                IT_mode
 .bss.dbc       0x20000680        0x4 build/Interrupt.o
                0x20000680                dbc
 .bss.debugVL   0x20000684     0x1f40 build/Interrupt.o
                0x20000684                debugVL
 .bss.debugVR   0x200025c4     0x1f40 build/Interrupt.o
                0x200025c4                debugVR
 .bss.t         0x20004504        0x4 build/Interrupt.o
                0x20004504                t
 .bss.timer1    0x20004508        0x4 build/Interrupt.o
                0x20004508                timer1
 .bss.zg_last.0
                0x2000450c        0x4 build/Interrupt.o
 .bss.WALL_MASK
                0x20004510        0x4 build/MazeLib.o
                0x20004510                WALL_MASK
 .bss.Acceleration
                0x20004514        0x4 build/MicroMouse.o
                0x20004514                Acceleration
 .bss.AddVelocity
                0x20004518        0x4 build/MicroMouse.o
                0x20004518                AddVelocity
 .bss.Angle     0x2000451c        0x4 build/MicroMouse.o
                0x2000451c                Angle
 .bss.AngularAcceleration
                0x20004520        0x4 build/MicroMouse.o
                0x20004520                AngularAcceleration
 .bss.AngularLeapsity
                0x20004524        0x4 build/MicroMouse.o
                0x20004524                AngularLeapsity
 .bss.AngularV  0x20004528        0x4 build/MicroMouse.o
                0x20004528                AngularV
 .bss.Calc      0x2000452c        0x4 build/MicroMouse.o
                0x2000452c                Calc
 .bss.CurrentVelocity
                0x20004530        0xc build/MicroMouse.o
                0x20004530                CurrentVelocity
 .bss.ExploreVelocity
                0x2000453c        0x4 build/MicroMouse.o
                0x2000453c                ExploreVelocity
 .bss.KeepPulse
                0x20004540        0xc build/MicroMouse.o
                0x20004540                KeepPulse
 .bss.Photo     0x2000454c       0x10 build/MicroMouse.o
                0x2000454c                Photo
 .bss.PhotoDiff
                0x2000455c        0x4 build/MicroMouse.o
                0x2000455c                PhotoDiff
 .bss.PulseDisplacement
                0x20004560        0xc build/MicroMouse.o
                0x20004560                PulseDisplacement
 .bss.SearchOrFast
                0x2000456c        0x4 build/MicroMouse.o
                0x2000456c                SearchOrFast
 .bss.Sla       0x20004570       0x1c build/MicroMouse.o
                0x20004570                Sla
 .bss.TargetAngle
                0x2000458c        0x4 build/MicroMouse.o
                0x2000458c                TargetAngle
 .bss.TargetAngularV
                0x20004590        0x4 build/MicroMouse.o
                0x20004590                TargetAngularV
 .bss.TargetPhoto
                0x20004594       0x10 build/MicroMouse.o
                0x20004594                TargetPhoto
 .bss.TargetVelocity
                0x200045a4        0xc build/MicroMouse.o
                0x200045a4                TargetVelocity
 .bss.TotalPulse
                0x200045b0        0xc build/MicroMouse.o
                0x200045b0                TotalPulse
 .bss.VelocityLeftOut
                0x200045bc        0x4 build/MicroMouse.o
                0x200045bc                VelocityLeftOut
 .bss.VelocityMax
                0x200045c0        0x1 build/MicroMouse.o
                0x200045c0                VelocityMax
 *fill*         0x200045c1        0x3 
 .bss.VelocityRightOut
                0x200045c4        0x4 build/MicroMouse.o
                0x200045c4                VelocityRightOut
 .bss.goal_edge_num
                0x200045c8        0x1 build/MicroMouse.o
                0x200045c8                goal_edge_num
 *fill*         0x200045c9        0x3 
 .bss.my_map    0x200045cc     0x1100 build/Mode.o
                0x200045cc                my_map
 .bss.my_mouse  0x200056cc      0x1ac build/Mode.o
                0x200056cc                my_mouse
 .bss.FastPath  0x20005878     0x1000 build/Searching.o
                0x20005878                FastPath
 .bss.Num_Nodes
                0x20006878        0x4 build/Searching.o
                0x20006878                Num_Nodes
 .bss.fast135   0x2000687c       0x1c build/Searching.o
                0x2000687c                fast135
 .bss.fast135reverse
                0x20006898       0x1c build/Searching.o
                0x20006898                fast135reverse
 .bss.fast180   0x200068b4       0x1c build/Searching.o
                0x200068b4                fast180
 .bss.fast45    0x200068d0       0x1c build/Searching.o
                0x200068d0                fast45
 .bss.fast45reverse
                0x200068ec       0x1c build/Searching.o
                0x200068ec                fast45reverse
 .bss.fast90    0x20006908       0x1c build/Searching.o
                0x20006908                fast90
 .bss.fast90diagonal
                0x20006924       0x1c build/Searching.o
                0x20006924                fast90diagonal
 .bss.path_num.0
                0x20006940        0x4 build/Searching.o
 .bss.section_num.1
                0x20006944        0x4 build/Searching.o
 .bss.hadc1     0x20006948       0x48 build/adc.o
                0x20006948                hadc1
 .bss.hadc2     0x20006990       0x48 build/adc.o
                0x20006990                hadc2
 .bss.hdma_adc1
                0x200069d8       0x60 build/adc.o
                0x200069d8                hdma_adc1
 .bss.hdma_adc2
                0x20006a38       0x60 build/adc.o
                0x20006a38                hdma_adc2
 .bss.hspi3     0x20006a98       0x58 build/spi.o
                0x20006a98                hspi3
 .bss.htim1     0x20006af0       0x48 build/tim.o
                0x20006af0                htim1
 .bss.htim2     0x20006b38       0x48 build/tim.o
                0x20006b38                htim2
 .bss.htim3     0x20006b80       0x48 build/tim.o
                0x20006b80                htim3
 .bss.htim4     0x20006bc8       0x48 build/tim.o
                0x20006bc8                htim4
 .bss.htim5     0x20006c10       0x48 build/tim.o
                0x20006c10                htim5
 .bss.htim8     0x20006c58       0x48 build/tim.o
                0x20006c58                htim8
 .bss.huart1    0x20006ca0       0x44 build/usart.o
                0x20006ca0                huart1
 .bss.pFlash    0x20006ce4       0x20 build/stm32f4xx_hal_flash.o
                0x20006ce4                pFlash
 .bss.uwTick    0x20006d04        0x4 build/stm32f4xx_hal.o
                0x20006d04                uwTick
 .bss.__lock___malloc_recursive_mutex
                0x20006d08        0x1 c:/tools/gcc-arm-none-eabi-10_2021.10/bin/../lib/gcc/arm-none-eabi/10.3.1/../../../../arm-none-eabi/lib/thumb/v7e-m+fp/hard\libc_nano.a(lib_a-lock.o)
                0x20006d08                __lock___malloc_recursive_mutex
 .bss.__lock___sfp_recursive_mutex
                0x20006d09        0x1 c:/tools/gcc-arm-none-eabi-10_2021.10/bin/../lib/gcc/arm-none-eabi/10.3.1/../../../../arm-none-eabi/lib/thumb/v7e-m+fp/hard\libc_nano.a(lib_a-lock.o)
                0x20006d09                __lock___sfp_recursive_mutex
 .bss.__lock___sinit_recursive_mutex
                0x20006d0a        0x1 c:/tools/gcc-arm-none-eabi-10_2021.10/bin/../lib/gcc/arm-none-eabi/10.3.1/../../../../arm-none-eabi/lib/thumb/v7e-m+fp/hard\libc_nano.a(lib_a-lock.o)
                0x20006d0a                __lock___sinit_recursive_mutex
 *fill*         0x20006d0b        0x1 
 .bss.__malloc_free_list
                0x20006d0c        0x4 c:/tools/gcc-arm-none-eabi-10_2021.10/bin/../lib/gcc/arm-none-eabi/10.3.1/../../../../arm-none-eabi/lib/thumb/v7e-m+fp/hard\libc_nano.a(lib_a-nano-mallocr.o)
                0x20006d0c                __malloc_free_list
 .bss.__malloc_sbrk_start
                0x20006d10        0x4 c:/tools/gcc-arm-none-eabi-10_2021.10/bin/../lib/gcc/arm-none-eabi/10.3.1/../../../../arm-none-eabi/lib/thumb/v7e-m+fp/hard\libc_nano.a(lib_a-nano-mallocr.o)
                0x20006d10                __malloc_sbrk_start
 .bss.errno     0x20006d14        0x4 c:/tools/gcc-arm-none-eabi-10_2021.10/bin/../lib/gcc/arm-none-eabi/10.3.1/../../../../arm-none-eabi/lib/thumb/v7e-m+fp/hard\libc_nano.a(lib_a-reent.o)
                0x20006d14                errno
 *(COMMON)
                0x20006d18                . = ALIGN (0x4)
                0x20006d18                _ebss = .
                0x20006d18                __bss_end__ = _ebss

._user_heap_stack
                0x20006d18      0x600
                0x20006d18                . = ALIGN (0x8)
                [!provide]                PROVIDE (end = .)
                0x20006d18                PROVIDE (_end = .)
                0x20006f18                . = (. + _Min_Heap_Size)
 *fill*         0x20006d18      0x200 
                0x20007318                . = (. + _Min_Stack_Size)
 *fill*         0x20006f18      0x400 
                0x20007318                . = ALIGN (0x8)

/DISCARD/
 libc.a(*)
 libm.a(*)
 libgcc.a(*)

.ARM.attributes
                0x00000000       0x30
 *(.ARM.attributes)
 .ARM.attributes
                0x00000000       0x1e c:/tools/gcc-arm-none-eabi-10_2021.10/bin/../lib/gcc/arm-none-eabi/10.3.1/thumb/v7e-m+fp/hard/crti.o
 .ARM.attributes
                0x0000001e       0x34 c:/tools/gcc-arm-none-eabi-10_2021.10/bin/../lib/gcc/arm-none-eabi/10.3.1/thumb/v7e-m+fp/hard/crtbegin.o
 .ARM.attributes
                0x00000052       0x34 build/main.o
 .ARM.attributes
                0x00000086       0x34 build/stm32f4xx_it.o
 .ARM.attributes
                0x000000ba       0x34 build/stm32f4xx_hal_msp.o
 .ARM.attributes
                0x000000ee       0x34 build/syscalls.o
 .ARM.attributes
                0x00000122       0x34 build/sysmem.o
 .ARM.attributes
                0x00000156       0x34 build/mouse_ADC.o
 .ARM.attributes
                0x0000018a       0x34 build/Flash.o
 .ARM.attributes
                0x000001be       0x34 build/ICM_20648.o
 .ARM.attributes
                0x000001f2       0x34 build/IEH2_4096.o
 .ARM.attributes
                0x00000226       0x34 build/IR_Emitter.o
 .ARM.attributes
                0x0000025a       0x34 build/LED_Driver.o
 .ARM.attributes
                0x0000028e       0x34 build/Motor_Driver.o
 .ARM.attributes
                0x000002c2       0x34 build/Convert.o
 .ARM.attributes
                0x000002f6       0x34 build/PID_Control.o
 .ARM.attributes
                0x0000032a       0x34 build/UI.o
 .ARM.attributes
                0x0000035e       0x34 build/Action.o
 .ARM.attributes
                0x00000392       0x34 build/dfs.o
 .ARM.attributes
                0x000003c6       0x34 build/Interrupt.o
 .ARM.attributes
                0x000003fa       0x34 build/MazeLib.o
 .ARM.attributes
                0x0000042e       0x34 build/MicroMouse.o
 .ARM.attributes
                0x00000462       0x34 build/Mode.o
 .ARM.attributes
                0x00000496       0x34 build/Record.o
 .ARM.attributes
                0x000004ca       0x34 build/Searching.o
 .ARM.attributes
                0x000004fe       0x34 build/gpio.o
 .ARM.attributes
                0x00000532       0x34 build/adc.o
 .ARM.attributes
                0x00000566       0x34 build/dma.o
 .ARM.attributes
                0x0000059a       0x34 build/spi.o
 .ARM.attributes
                0x000005ce       0x34 build/tim.o
 .ARM.attributes
                0x00000602       0x34 build/usart.o
 .ARM.attributes
                0x00000636       0x34 build/system_stm32f4xx.o
 .ARM.attributes
                0x0000066a       0x34 build/stm32f4xx_hal_adc.o
 .ARM.attributes
                0x0000069e       0x34 build/stm32f4xx_hal_cortex.o
 .ARM.attributes
                0x000006d2       0x34 build/stm32f4xx_hal_dma.o
 .ARM.attributes
                0x00000706       0x34 build/stm32f4xx_hal_flash_ex.o
 .ARM.attributes
                0x0000073a       0x34 build/stm32f4xx_hal_flash.o
 .ARM.attributes
                0x0000076e       0x34 build/stm32f4xx_hal_gpio.o
 .ARM.attributes
                0x000007a2       0x34 build/stm32f4xx_hal_rcc.o
 .ARM.attributes
                0x000007d6       0x34 build/stm32f4xx_hal_spi.o
 .ARM.attributes
                0x0000080a       0x34 build/stm32f4xx_hal_tim_ex.o
 .ARM.attributes
                0x0000083e       0x34 build/stm32f4xx_hal_tim.o
 .ARM.attributes
                0x00000872       0x34 build/stm32f4xx_hal_uart.o
 .ARM.attributes
                0x000008a6       0x34 build/stm32f4xx_hal.o
 .ARM.attributes
                0x000008da       0x21 build/startup_stm32f405xx.o
 .ARM.attributes
                0x000008fb       0x34 c:/tools/gcc-arm-none-eabi-10_2021.10/bin/../lib/gcc/arm-none-eabi/10.3.1/../../../../arm-none-eabi/lib/thumb/v7e-m+fp/hard\libc_nano.a(lib_a-errno.o)
 .ARM.attributes
                0x0000092f       0x34 c:/tools/gcc-arm-none-eabi-10_2021.10/bin/../lib/gcc/arm-none-eabi/10.3.1/../../../../arm-none-eabi/lib/thumb/v7e-m+fp/hard\libc_nano.a(lib_a-fflush.o)
 .ARM.attributes
                0x00000963       0x34 c:/tools/gcc-arm-none-eabi-10_2021.10/bin/../lib/gcc/arm-none-eabi/10.3.1/../../../../arm-none-eabi/lib/thumb/v7e-m+fp/hard\libc_nano.a(lib_a-findfp.o)
 .ARM.attributes
                0x00000997       0x34 c:/tools/gcc-arm-none-eabi-10_2021.10/bin/../lib/gcc/arm-none-eabi/10.3.1/../../../../arm-none-eabi/lib/thumb/v7e-m+fp/hard\libc_nano.a(lib_a-fwalk.o)
 .ARM.attributes
                0x000009cb       0x34 c:/tools/gcc-arm-none-eabi-10_2021.10/bin/../lib/gcc/arm-none-eabi/10.3.1/../../../../arm-none-eabi/lib/thumb/v7e-m+fp/hard\libc_nano.a(lib_a-impure.o)
 .ARM.attributes
                0x000009ff       0x34 c:/tools/gcc-arm-none-eabi-10_2021.10/bin/../lib/gcc/arm-none-eabi/10.3.1/../../../../arm-none-eabi/lib/thumb/v7e-m+fp/hard\libc_nano.a(lib_a-init.o)
 .ARM.attributes
                0x00000a33       0x34 c:/tools/gcc-arm-none-eabi-10_2021.10/bin/../lib/gcc/arm-none-eabi/10.3.1/../../../../arm-none-eabi/lib/thumb/v7e-m+fp/hard\libc_nano.a(lib_a-lock.o)
 .ARM.attributes
                0x00000a67       0x34 c:/tools/gcc-arm-none-eabi-10_2021.10/bin/../lib/gcc/arm-none-eabi/10.3.1/../../../../arm-none-eabi/lib/thumb/v7e-m+fp/hard\libc_nano.a(lib_a-makebuf.o)
 .ARM.attributes
                0x00000a9b       0x34 c:/tools/gcc-arm-none-eabi-10_2021.10/bin/../lib/gcc/arm-none-eabi/10.3.1/../../../../arm-none-eabi/lib/thumb/v7e-m+fp/hard\libc_nano.a(lib_a-memset.o)
 .ARM.attributes
                0x00000acf       0x34 c:/tools/gcc-arm-none-eabi-10_2021.10/bin/../lib/gcc/arm-none-eabi/10.3.1/../../../../arm-none-eabi/lib/thumb/v7e-m+fp/hard\libc_nano.a(lib_a-nano-freer.o)
 .ARM.attributes
                0x00000b03       0x34 c:/tools/gcc-arm-none-eabi-10_2021.10/bin/../lib/gcc/arm-none-eabi/10.3.1/../../../../arm-none-eabi/lib/thumb/v7e-m+fp/hard\libc_nano.a(lib_a-nano-mallocr.o)
 .ARM.attributes
                0x00000b37       0x34 c:/tools/gcc-arm-none-eabi-10_2021.10/bin/../lib/gcc/arm-none-eabi/10.3.1/../../../../arm-none-eabi/lib/thumb/v7e-m+fp/hard\libc_nano.a(lib_a-nano-vfprintf.o)
 .ARM.attributes
                0x00000b6b       0x34 c:/tools/gcc-arm-none-eabi-10_2021.10/bin/../lib/gcc/arm-none-eabi/10.3.1/../../../../arm-none-eabi/lib/thumb/v7e-m+fp/hard\libc_nano.a(lib_a-nano-vfprintf_i.o)
 .ARM.attributes
                0x00000b9f       0x34 c:/tools/gcc-arm-none-eabi-10_2021.10/bin/../lib/gcc/arm-none-eabi/10.3.1/../../../../arm-none-eabi/lib/thumb/v7e-m+fp/hard\libc_nano.a(lib_a-printf.o)
 .ARM.attributes
                0x00000bd3       0x34 c:/tools/gcc-arm-none-eabi-10_2021.10/bin/../lib/gcc/arm-none-eabi/10.3.1/../../../../arm-none-eabi/lib/thumb/v7e-m+fp/hard\libc_nano.a(lib_a-putchar.o)
 .ARM.attributes
                0x00000c07       0x34 c:/tools/gcc-arm-none-eabi-10_2021.10/bin/../lib/gcc/arm-none-eabi/10.3.1/../../../../arm-none-eabi/lib/thumb/v7e-m+fp/hard\libc_nano.a(lib_a-puts.o)
 .ARM.attributes
                0x00000c3b       0x34 c:/tools/gcc-arm-none-eabi-10_2021.10/bin/../lib/gcc/arm-none-eabi/10.3.1/../../../../arm-none-eabi/lib/thumb/v7e-m+fp/hard\libc_nano.a(lib_a-qsort.o)
 .ARM.attributes
                0x00000c6f       0x34 c:/tools/gcc-arm-none-eabi-10_2021.10/bin/../lib/gcc/arm-none-eabi/10.3.1/../../../../arm-none-eabi/lib/thumb/v7e-m+fp/hard\libc_nano.a(lib_a-reent.o)
 .ARM.attributes
                0x00000ca3       0x34 c:/tools/gcc-arm-none-eabi-10_2021.10/bin/../lib/gcc/arm-none-eabi/10.3.1/../../../../arm-none-eabi/lib/thumb/v7e-m+fp/hard\libc_nano.a(lib_a-sbrkr.o)
 .ARM.attributes
                0x00000cd7       0x34 c:/tools/gcc-arm-none-eabi-10_2021.10/bin/../lib/gcc/arm-none-eabi/10.3.1/../../../../arm-none-eabi/lib/thumb/v7e-m+fp/hard\libc_nano.a(lib_a-stdio.o)
 .ARM.attributes
                0x00000d0b       0x34 c:/tools/gcc-arm-none-eabi-10_2021.10/bin/../lib/gcc/arm-none-eabi/10.3.1/../../../../arm-none-eabi/lib/thumb/v7e-m+fp/hard\libc_nano.a(lib_a-wbuf.o)
 .ARM.attributes
                0x00000d3f       0x34 c:/tools/gcc-arm-none-eabi-10_2021.10/bin/../lib/gcc/arm-none-eabi/10.3.1/../../../../arm-none-eabi/lib/thumb/v7e-m+fp/hard\libc_nano.a(lib_a-writer.o)
 .ARM.attributes
                0x00000d73       0x34 c:/tools/gcc-arm-none-eabi-10_2021.10/bin/../lib/gcc/arm-none-eabi/10.3.1/../../../../arm-none-eabi/lib/thumb/v7e-m+fp/hard\libc_nano.a(lib_a-wsetup.o)
 .ARM.attributes
                0x00000da7       0x34 c:/tools/gcc-arm-none-eabi-10_2021.10/bin/../lib/gcc/arm-none-eabi/10.3.1/../../../../arm-none-eabi/lib/thumb/v7e-m+fp/hard\libc_nano.a(lib_a-closer.o)
 .ARM.attributes
                0x00000ddb       0x34 c:/tools/gcc-arm-none-eabi-10_2021.10/bin/../lib/gcc/arm-none-eabi/10.3.1/../../../../arm-none-eabi/lib/thumb/v7e-m+fp/hard\libc_nano.a(lib_a-fstatr.o)
 .ARM.attributes
                0x00000e0f       0x34 c:/tools/gcc-arm-none-eabi-10_2021.10/bin/../lib/gcc/arm-none-eabi/10.3.1/../../../../arm-none-eabi/lib/thumb/v7e-m+fp/hard\libc_nano.a(lib_a-isattyr.o)
 .ARM.attributes
                0x00000e43       0x34 c:/tools/gcc-arm-none-eabi-10_2021.10/bin/../lib/gcc/arm-none-eabi/10.3.1/../../../../arm-none-eabi/lib/thumb/v7e-m+fp/hard\libc_nano.a(lib_a-lseekr.o)
 .ARM.attributes
                0x00000e77       0x1c c:/tools/gcc-arm-none-eabi-10_2021.10/bin/../lib/gcc/arm-none-eabi/10.3.1/../../../../arm-none-eabi/lib/thumb/v7e-m+fp/hard\libc_nano.a(lib_a-memchr.o)
 .ARM.attributes
                0x00000e93       0x34 c:/tools/gcc-arm-none-eabi-10_2021.10/bin/../lib/gcc/arm-none-eabi/10.3.1/../../../../arm-none-eabi/lib/thumb/v7e-m+fp/hard\libc_nano.a(lib_a-mlock.o)
 .ARM.attributes
                0x00000ec7       0x34 c:/tools/gcc-arm-none-eabi-10_2021.10/bin/../lib/gcc/arm-none-eabi/10.3.1/../../../../arm-none-eabi/lib/thumb/v7e-m+fp/hard\libc_nano.a(lib_a-putc.o)
 .ARM.attributes
                0x00000efb       0x34 c:/tools/gcc-arm-none-eabi-10_2021.10/bin/../lib/gcc/arm-none-eabi/10.3.1/../../../../arm-none-eabi/lib/thumb/v7e-m+fp/hard\libc_nano.a(lib_a-readr.o)
 .ARM.attributes
                0x00000f2f       0x34 c:/tools/gcc-arm-none-eabi-10_2021.10/bin/../lib/gcc/arm-none-eabi/10.3.1/../../../../arm-none-eabi/lib/thumb/v7e-m+fp/hard\libm.a(lib_a-s_round.o)
 .ARM.attributes
                0x00000f63       0x1e c:/tools/gcc-arm-none-eabi-10_2021.10/bin/../lib/gcc/arm-none-eabi/10.3.1/thumb/v7e-m+fp/hard\libgcc.a(_arm_addsubdf3.o)
 .ARM.attributes
                0x00000f81       0x1e c:/tools/gcc-arm-none-eabi-10_2021.10/bin/../lib/gcc/arm-none-eabi/10.3.1/thumb/v7e-m+fp/hard\libgcc.a(_arm_muldivdf3.o)
 .ARM.attributes
                0x00000f9f       0x1e c:/tools/gcc-arm-none-eabi-10_2021.10/bin/../lib/gcc/arm-none-eabi/10.3.1/thumb/v7e-m+fp/hard\libgcc.a(_arm_cmpdf2.o)
 .ARM.attributes
                0x00000fbd       0x1e c:/tools/gcc-arm-none-eabi-10_2021.10/bin/../lib/gcc/arm-none-eabi/10.3.1/thumb/v7e-m+fp/hard\libgcc.a(_arm_fixdfsi.o)
 .ARM.attributes
                0x00000fdb       0x1e c:/tools/gcc-arm-none-eabi-10_2021.10/bin/../lib/gcc/arm-none-eabi/10.3.1/thumb/v7e-m+fp/hard\libgcc.a(_arm_truncdfsf2.o)
 .ARM.attributes
                0x00000ff9       0x1e c:/tools/gcc-arm-none-eabi-10_2021.10/bin/../lib/gcc/arm-none-eabi/10.3.1/thumb/v7e-m+fp/hard\libgcc.a(_aeabi_uldivmod.o)
 .ARM.attributes
                0x00001017       0x34 c:/tools/gcc-arm-none-eabi-10_2021.10/bin/../lib/gcc/arm-none-eabi/10.3.1/thumb/v7e-m+fp/hard\libgcc.a(_udivmoddi4.o)
 .ARM.attributes
                0x0000104b       0x1e c:/tools/gcc-arm-none-eabi-10_2021.10/bin/../lib/gcc/arm-none-eabi/10.3.1/thumb/v7e-m+fp/hard\libgcc.a(_dvmd_tls.o)
 .ARM.attributes
                0x00001069       0x1e c:/tools/gcc-arm-none-eabi-10_2021.10/bin/../lib/gcc/arm-none-eabi/10.3.1/thumb/v7e-m+fp/hard/crtn.o
OUTPUT(build/MicroMouse_main2.elf elf32-littlearm)
LOAD linker stubs
LOAD c:/tools/gcc-arm-none-eabi-10_2021.10/bin/../lib/gcc/arm-none-eabi/10.3.1/../../../../arm-none-eabi/lib/thumb/v7e-m+fp/hard\libc.a
LOAD c:/tools/gcc-arm-none-eabi-10_2021.10/bin/../lib/gcc/arm-none-eabi/10.3.1/../../../../arm-none-eabi/lib/thumb/v7e-m+fp/hard\libm.a
LOAD c:/tools/gcc-arm-none-eabi-10_2021.10/bin/../lib/gcc/arm-none-eabi/10.3.1/thumb/v7e-m+fp/hard\libgcc.a

.debug_info     0x00000000    0x2ade6
 .debug_info    0x00000000     0x10f9 build/main.o
 .debug_info    0x000010f9      0x8ff build/stm32f4xx_it.o
 .debug_info    0x000019f8      0x2eb build/stm32f4xx_hal_msp.o
 .debug_info    0x00001ce3      0x842 build/syscalls.o
 .debug_info    0x00002525      0x185 build/sysmem.o